58.187.43.105 - - [28/Aug/2022:07:01:47 +0000] "GET / HTTP/1.1" 206 1246 "-" "ZaloPC-win32-24v355"
14.161.31.188 - - [28/Aug/2022:07:01:52 +0000] "GET / HTTP/1.1" 200 1177 "-" "ZaloPC-win32-24v355"
14.161.31.188 - - [28/Aug/2022:07:01:52 +0000] "GET / HTTP/1.1" 206 3106 "-" "ZaloPC-win32-24v473"
58.187.43.105 - - [28/Aug/2022:07:01:52 +0000] "GET / HTTP/1.1" 206 3046 "-" "ZaloPC-win32-24v473"
58.187.43.105 - - [28/Aug/2022:07:01:52 +0000] "GET / HTTP/1.1" 206 3457 "-" "ZaloPC-win32-24v473"
58.187.43.105 - - [28/Aug/2022:07:01:52 +0000] "GET / HTTP/1.1" 206 4250 "-" "ZaloPC-win32-24v473"
14.161.31.188 - - [28/Aug/2022:07:01:52 +0000] "GET / HTTP/1.1" 206 1262 "-" "ZaloPC-win32-24v355"
14.161.31.188 - - [28/Aug/2022:07:01:52 +0000] "GET / HTTP/1.1" 206 3248 "-" "ZaloPC-win32-24v473"
14.161.31.188 - - [28/Aug/2022:07:01:53 +0000] "GET / HTTP/1.1" 200 1179 "-" "ZaloPC-win32-24v355"
14.161.31.188 - - [28/Aug/2022:07:01:53 +0000] "GET / HTTP/1.1" 206 3096 "-" "ZaloPC-win32-24v473"
58.187.43.105 - - [28/Aug/2022:07:01:53 +0000] "GET / HTTP/1.1" 206 3105 "-" "ZaloPC-win32-24v473"
14.161.31.188 - - [28/Aug/2022:07:01:53 +0000] "GET / HTTP/1.1" 206 3026 "-" "ZaloPC-win32-24v471"
171.253.1.35 - - [28/Aug/2022:07:01:54 +0000] "GET / HTTP/1.1" 206 4631 "-" "ZaloPC-win32-24v473"
58.187.43.105 - - [28/Aug/2022:07:01:54 +0000] "GET / HTTP/1.1" 206 3182 "-" "ZaloPC-win32-24v473"
58.187.43.105 - - [28/Aug/2022:07:01:54 +0000] "GET / HTTP/1.1" 206 3166 "-" "ZaloPC-win32-24v473"
58.187.43.105 - - [28/Aug/2022:07:01:54 +0000] "GET / HTTP/1.1" 206 3086 "-" "ZaloPC-win32-24v473"
14.161.31.188 - - [28/Aug/2022:07:01:55 +0000] "GET / HTTP/1.1" 206 3671 "-" "ZaloPC-win32-24v473"
127.0.0.1 - - [28/Aug/2022:07:01:58 +0000] "OPTIONS * HTTP/1.0" 200 126 "-" "Apache/2.4.54 (Debian) PHP/7.4.30 (internal dummy connection)"
14.161.31.188 - - [28/Aug/2022:07:01:59 +0000] "GET / HTTP/1.1" 200 1213 "-" "Mozilla/5.0 (Windows NT 10.0; Win64; x64) AppleWebKit/537.36 (KHTML, like Gecko) Chrome/104.0.0.0 Safari/537.36"
14.161.31.188 - - [28/Aug/2022:07:01:59 +0000] "GET /style.css HTTP/1.1" 200 955 "http://128.199.190.141:5551/" "Mozilla/5.0 (Windows NT 10.0; Win64; x64) AppleWebKit/537.36 (KHTML, like Gecko) Chrome/104.0.0.0 Safari/537.36"
14.161.31.188 - - [28/Aug/2022:07:01:59 +0000] "GET /demo.png HTTP/1.1" 200 103051 "http://128.199.190.141:5551/" "Mozilla/5.0 (Windows NT 10.0; Win64; x64) AppleWebKit/537.36 (KHTML, like Gecko) Chrome/104.0.0.0 Safari/537.36"
14.161.31.188 - - [28/Aug/2022:07:02:00 +0000] "GET /favicon.ico HTTP/1.1" 404 495 "http://128.199.190.141:5551/" "Mozilla/5.0 (Windows NT 10.0; Win64; x64) AppleWebKit/537.36 (KHTML, like Gecko) Chrome/104.0.0.0 Safari/537.36"
127.0.0.1 - - [28/Aug/2022:07:02:00 +0000] "OPTIONS * HTTP/1.0" 200 126 "-" "Apache/2.4.54 (Debian) PHP/7.4.30 (internal dummy connection)"
127.0.0.1 - - [28/Aug/2022:07:02:01 +0000] "OPTIONS * HTTP/1.0" 200 126 "-" "Apache/2.4.54 (Debian) PHP/7.4.30 (internal dummy connection)"
58.187.43.105 - - [28/Aug/2022:07:02:02 +0000] "GET / HTTP/1.1" 200 1188 "-" "Mozilla/5.0 (Windows NT 10.0; Win64; x64) AppleWebKit/537.36 (KHTML, like Gecko) Chrome/104.0.5112.102 Safari/537.36 Edg/104.0.1293.70"
127.0.0.1 - - [28/Aug/2022:07:02:02 +0000] "OPTIONS * HTTP/1.0" 200 126 "-" "Apache/2.4.54 (Debian) PHP/7.4.30 (internal dummy connection)"
58.187.43.105 - - [28/Aug/2022:07:02:02 +0000] "GET /style.css HTTP/1.1" 200 955 "http://128.199.190.141:5551/" "Mozilla/5.0 (Windows NT 10.0; Win64; x64) AppleWebKit/537.36 (KHTML, like Gecko) Chrome/104.0.5112.102 Safari/537.36 Edg/104.0.1293.70"
14.161.31.188 - - [28/Aug/2022:07:02:03 +0000] "GET /demo.png HTTP/1.1" 200 103051 "http://128.199.190.141:5551/" "Mozilla/5.0 (Windows NT 10.0; Win64; x64) AppleWebKit/537.36 (KHTML, like Gecko) Chrome/104.0.5112.102 Safari/537.36 Edg/104.0.1293.70"
127.0.0.1 - - [28/Aug/2022:07:02:03 +0000] "OPTIONS * HTTP/1.0" 200 126 "-" "Apache/2.4.54 (Debian) PHP/7.4.30 (internal dummy connection)"
127.0.0.1 - - [28/Aug/2022:07:02:04 +0000] "OPTIONS * HTTP/1.0" 200 126 "-" "Apache/2.4.54 (Debian) PHP/7.4.30 (internal dummy connection)"
58.187.43.105 - - [28/Aug/2022:07:02:05 +0000] "GET / HTTP/1.1" 200 1198 "-" "Mozilla/5.0 (Windows NT 10.0; Win64; x64) AppleWebKit/537.36 (KHTML, like Gecko) Chrome/104.0.0.0 Safari/537.36"
58.187.43.105 - - [28/Aug/2022:07:02:05 +0000] "GET / HTTP/1.1" 200 1724 "-" "Mozilla/5.0 (Windows NT 10.0; Win64; x64) AppleWebKit/537.36 (KHTML, like Gecko) Chrome/104.0.5112.102 Safari/537.36 Edg/104.0.1293.70"
58.187.43.105 - - [28/Aug/2022:07:02:05 +0000] "GET /style.css HTTP/1.1" 200 955 "http://128.199.190.141:5551/" "Mozilla/5.0 (Windows NT 10.0; Win64; x64) AppleWebKit/537.36 (KHTML, like Gecko) Chrome/104.0.0.0 Safari/537.36"
58.187.43.105 - - [28/Aug/2022:07:02:05 +0000] "GET /demo.png HTTP/1.1" 200 103050 "http://128.199.190.141:5551/" "Mozilla/5.0 (Windows NT 10.0; Win64; x64) AppleWebKit/537.36 (KHTML, like Gecko) Chrome/104.0.0.0 Safari/537.36"
58.187.43.105 - - [28/Aug/2022:07:02:05 +0000] "GET /style.css HTTP/1.1" 200 955 "http://128.199.190.141:5551/" "Mozilla/5.0 (Windows NT 10.0; Win64; x64) AppleWebKit/537.36 (KHTML, like Gecko) Chrome/104.0.5112.102 Safari/537.36 Edg/104.0.1293.70"
14.161.31.188 - - [28/Aug/2022:07:02:05 +0000] "GET /favicon.ico HTTP/1.1" 404 495 "http://128.199.190.141:5551/" "Mozilla/5.0 (Windows NT 10.0; Win64; x64) AppleWebKit/537.36 (KHTML, like Gecko) Chrome/104.0.5112.102 Safari/537.36 Edg/104.0.1293.70"
58.187.43.105 - - [28/Aug/2022:07:02:05 +0000] "GET /demo.png HTTP/1.1" 200 103051 "http://128.199.190.141:5551/" "Mozilla/5.0 (Windows NT 10.0; Win64; x64) AppleWebKit/537.36 (KHTML, like Gecko) Chrome/104.0.5112.102 Safari/537.36 Edg/104.0.1293.70"
58.187.43.105 - - [28/Aug/2022:07:02:06 +0000] "GET /favicon.ico HTTP/1.1" 404 495 "http://128.199.190.141:5551/" "Mozilla/5.0 (Windows NT 10.0; Win64; x64) AppleWebKit/537.36 (KHTML, like Gecko) Chrome/104.0.5112.102 Safari/537.36 Edg/104.0.1293.70"
58.187.43.105 - - [28/Aug/2022:07:02:06 +0000] "GET /favicon.ico HTTP/1.1" 404 495 "http://128.199.190.141:5551/" "Mozilla/5.0 (Windows NT 10.0; Win64; x64) AppleWebKit/537.36 (KHTML, like Gecko) Chrome/104.0.0.0 Safari/537.36"
14.161.31.188 - - [28/Aug/2022:07:02:06 +0000] "GET / HTTP/1.1" 200 1203 "-" "Mozilla/5.0 (Windows NT 10.0; Win64; x64) AppleWebKit/537.36 (KHTML, like Gecko) Chrome/104.0.5112.102 Safari/537.36 Edg/104.0.1293.70"
14.161.31.188 - - [28/Aug/2022:07:02:07 +0000] "GET /style.css HTTP/1.1" 200 955 "http://128.199.190.141:5551/" "Mozilla/5.0 (Windows NT 10.0; Win64; x64) AppleWebKit/537.36 (KHTML, like Gecko) Chrome/104.0.5112.102 Safari/537.36 Edg/104.0.1293.70"
58.187.43.105 - - [28/Aug/2022:07:02:07 +0000] "GET /demo.png HTTP/1.1" 200 103051 "http://128.199.190.141:5551/" "Mozilla/5.0 (Windows NT 10.0; Win64; x64) AppleWebKit/537.36 (KHTML, like Gecko) Chrome/104.0.5112.102 Safari/537.36 Edg/104.0.1293.70"
112.197.5.199 - - [28/Aug/2022:07:02:07 +0000] "GET / HTTP/1.1" 200 1164 "https://www.google.com/" "Mozilla/5.0 (Windows NT 10.0; Win64; x64) AppleWebKit/537.36 (KHTML, like Gecko) Chrome/103.0.0.0 Safari/537.36"
58.187.43.105 - - [28/Aug/2022:07:02:07 +0000] "GET /favicon.ico HTTP/1.1" 404 495 "http://128.199.190.141:5551/" "Mozilla/5.0 (Windows NT 10.0; Win64; x64) AppleWebKit/537.36 (KHTML, like Gecko) Chrome/104.0.5112.102 Safari/537.36 Edg/104.0.1293.70"
112.197.5.199 - - [28/Aug/2022:07:02:08 +0000] "GET /style.css HTTP/1.1" 200 919 "http://128.199.190.141:5551/" "Mozilla/5.0 (Windows NT 10.0; Win64; x64) AppleWebKit/537.36 (KHTML, like Gecko) Chrome/103.0.0.0 Safari/537.36"
171.253.1.35 - - [28/Aug/2022:07:02:08 +0000] "GET / HTTP/1.1" 200 1216 "-" "Mozilla/5.0 (Windows NT 10.0; Win64; x64; rv:104.0) Gecko/20100101 Firefox/104.0"
171.253.1.35 - - [28/Aug/2022:07:02:08 +0000] "GET /style.css HTTP/1.1" 200 919 "http://128.199.190.141:5551/" "Mozilla/5.0 (Windows NT 10.0; Win64; x64; rv:104.0) Gecko/20100101 Firefox/104.0"
14.161.31.188 - - [28/Aug/2022:07:02:08 +0000] "GET / HTTP/1.1" 200 1163 "-" "Mozilla/5.0 (Windows NT 10.0; Win64; x64) AppleWebKit/537.36 (KHTML, like Gecko) Chrome/104.0.5112.102 Safari/537.36"
14.161.31.188 - - [28/Aug/2022:07:02:08 +0000] "GET /style.css HTTP/1.1" 200 919 "http://128.199.190.141:5551/" "Mozilla/5.0 (Windows NT 10.0; Win64; x64) AppleWebKit/537.36 (KHTML, like Gecko) Chrome/104.0.5112.102 Safari/537.36"
171.253.1.35 - - [28/Aug/2022:07:02:08 +0000] "GET /favicon.ico HTTP/1.1" 404 459 "http://128.199.190.141:5551/" "Mozilla/5.0 (Windows NT 10.0; Win64; x64; rv:104.0) Gecko/20100101 Firefox/104.0"
14.161.31.188 - - [28/Aug/2022:07:02:08 +0000] "GET /demo.png HTTP/1.1" 200 103014 "http://128.199.190.141:5551/" "Mozilla/5.0 (Windows NT 10.0; Win64; x64) AppleWebKit/537.36 (KHTML, like Gecko) Chrome/104.0.5112.102 Safari/537.36"
171.253.1.35 - - [28/Aug/2022:07:02:08 +0000] "GET /demo.png HTTP/1.1" 200 103014 "http://128.199.190.141:5551/" "Mozilla/5.0 (Windows NT 10.0; Win64; x64; rv:104.0) Gecko/20100101 Firefox/104.0"
58.187.43.105 - - [28/Aug/2022:07:02:10 +0000] "GET /favicon.ico HTTP/1.1" 404 459 "http://128.199.190.141:5551/" "Mozilla/5.0 (Windows NT 10.0; Win64; x64) AppleWebKit/537.36 (KHTML, like Gecko) Chrome/104.0.5112.102 Safari/537.36"
14.161.31.188 - - [28/Aug/2022:07:02:11 +0000] "GET / HTTP/1.1" 200 1227 "-" "Mozilla/5.0 (Windows NT 10.0; Win64; x64; rv:103.0) Gecko/20100101 Firefox/103.0"
14.161.31.188 - - [28/Aug/2022:07:02:11 +0000] "GET /style.css HTTP/1.1" 200 919 "http://128.199.190.141:5551/" "Mozilla/5.0 (Windows NT 10.0; Win64; x64; rv:103.0) Gecko/20100101 Firefox/103.0"
58.187.43.105 - - [28/Aug/2022:07:02:11 +0000] "GET /demo.png HTTP/1.1" 200 103014 "http://128.199.190.141:5551/" "Mozilla/5.0 (Windows NT 10.0; Win64; x64; rv:103.0) Gecko/20100101 Firefox/103.0"
58.187.43.105 - - [28/Aug/2022:07:02:12 +0000] "GET /favicon.ico HTTP/1.1" 404 459 "http://128.199.190.141:5551/" "Mozilla/5.0 (Windows NT 10.0; Win64; x64; rv:103.0) Gecko/20100101 Firefox/103.0"
14.161.31.188 - - [28/Aug/2022:07:02:12 +0000] "GET /?debug HTTP/1.1" 200 2601 "http://128.199.190.141:5551/" "Mozilla/5.0 (Windows NT 10.0; Win64; x64) AppleWebKit/537.36 (KHTML, like Gecko) Chrome/104.0.5112.102 Safari/537.36"
127.0.0.1 - - [28/Aug/2022:07:02:12 +0000] "OPTIONS * HTTP/1.0" 200 126 "-" "Apache/2.4.54 (Debian) PHP/7.4.30 (internal dummy connection)"
127.0.0.1 - - [28/Aug/2022:07:02:13 +0000] "OPTIONS * HTTP/1.0" 200 126 "-" "Apache/2.4.54 (Debian) PHP/7.4.30 (internal dummy connection)"
127.0.0.1 - - [28/Aug/2022:07:02:14 +0000] "OPTIONS * HTTP/1.0" 200 126 "-" "Apache/2.4.54 (Debian) PHP/7.4.30 (internal dummy connection)"
127.0.0.1 - - [28/Aug/2022:07:02:15 +0000] "OPTIONS * HTTP/1.0" 200 126 "-" "Apache/2.4.54 (Debian) PHP/7.4.30 (internal dummy connection)"
113.185.73.118 - - [28/Aug/2022:07:02:16 +0000] "GET / HTTP/1.1" 200 1200 "-" "Mozilla/5.0 (Windows NT 10.0; Win64; x64) AppleWebKit/537.36 (KHTML, like Gecko) Chrome/104.0.0.0 Safari/537.36"
113.185.73.118 - - [28/Aug/2022:07:02:17 +0000] "GET /style.css HTTP/1.1" 200 955 "http://128.199.190.141:5551/" "Mozilla/5.0 (Windows NT 10.0; Win64; x64) AppleWebKit/537.36 (KHTML, like Gecko) Chrome/104.0.0.0 Safari/537.36"
113.185.73.118 - - [28/Aug/2022:07:02:17 +0000] "GET /demo.png HTTP/1.1" 200 103051 "http://128.199.190.141:5551/" "Mozilla/5.0 (Windows NT 10.0; Win64; x64) AppleWebKit/537.36 (KHTML, like Gecko) Chrome/104.0.0.0 Safari/537.36"
113.185.73.118 - - [28/Aug/2022:07:02:17 +0000] "GET /favicon.ico HTTP/1.1" 404 495 "http://128.199.190.141:5551/" "Mozilla/5.0 (Windows NT 10.0; Win64; x64) AppleWebKit/537.36 (KHTML, like Gecko) Chrome/104.0.0.0 Safari/537.36"
14.161.31.188 - - [28/Aug/2022:07:02:17 +0000] "GET /index.php?username=anld&type=figlet HTTP/1.1" 200 1201 "http://128.199.190.141:5551/" "Mozilla/5.0 (Windows NT 10.0; Win64; x64) AppleWebKit/537.36 (KHTML, like Gecko) Chrome/104.0.0.0 Safari/537.36"
14.161.31.188 - - [28/Aug/2022:07:02:19 +0000] "GET /index.php?username=%27%27%27%27ls%27%27&type=random HTTP/1.1" 200 1288 "http://128.199.190.141:5551/" "Mozilla/5.0 (Windows NT 10.0; Win64; x64) AppleWebKit/537.36 (KHTML, like Gecko) Chrome/104.0.5112.102 Safari/537.36 Edg/104.0.1293.70"
112.197.5.199 - - [28/Aug/2022:07:02:23 +0000] "GET /demo.png HTTP/1.1" 200 103014 "http://128.199.190.141:5551/" "Mozilla/5.0 (Windows NT 10.0; Win64; x64) AppleWebKit/537.36 (KHTML, like Gecko) Chrome/103.0.0.0 Safari/537.36"
58.187.43.105 - - [28/Aug/2022:07:02:24 +0000] "GET / HTTP/1.1" 200 1177 "-" "ZaloPC-win32-24v355"
58.187.43.105 - - [28/Aug/2022:07:02:27 +0000] "GET / HTTP/1.1" 200 1355 "-" "Mozilla/5.0 (Windows NT 10.0; Win64; x64) AppleWebKit/537.36 (KHTML, like Gecko) Chrome/104.0.0.0 Safari/537.36"
58.187.43.105 - - [28/Aug/2022:07:02:27 +0000] "GET /style.css HTTP/1.1" 200 955 "http://128.199.190.141:5551/" "Mozilla/5.0 (Windows NT 10.0; Win64; x64) AppleWebKit/537.36 (KHTML, like Gecko) Chrome/104.0.0.0 Safari/537.36"
14.161.31.188 - - [28/Aug/2022:07:02:27 +0000] "GET /demo.png HTTP/1.1" 200 103051 "http://128.199.190.141:5551/" "Mozilla/5.0 (Windows NT 10.0; Win64; x64) AppleWebKit/537.36 (KHTML, like Gecko) Chrome/104.0.0.0 Safari/537.36"
14.161.31.188 - - [28/Aug/2022:07:02:27 +0000] "GET /favicon.ico HTTP/1.1" 404 495 "http://128.199.190.141:5551/" "Mozilla/5.0 (Windows NT 10.0; Win64; x64) AppleWebKit/537.36 (KHTML, like Gecko) Chrome/104.0.0.0 Safari/537.36"
27.2.226.72 - - [28/Aug/2022:07:02:29 +0000] "GET / HTTP/1.1" 200 1190 "https://www.google.com/" "Mozilla/5.0 (Windows NT 10.0; Win64; x64) AppleWebKit/537.36 (KHTML, like Gecko) Chrome/103.0.0.0 Safari/537.36"
171.253.1.35 - - [28/Aug/2022:07:02:30 +0000] "GET / HTTP/1.1" 200 1150 "-" "Mozilla/5.0 (Windows NT 10.0; Win64; x64; rv:104.0) Gecko/20100101 Firefox/104.0"
27.2.226.72 - - [28/Aug/2022:07:02:30 +0000] "GET /style.css HTTP/1.1" 200 919 "http://128.199.190.141:5551/" "Mozilla/5.0 (Windows NT 10.0; Win64; x64) AppleWebKit/537.36 (KHTML, like Gecko) Chrome/103.0.0.0 Safari/537.36"
27.2.226.72 - - [28/Aug/2022:07:02:30 +0000] "GET /demo.png HTTP/1.1" 200 103014 "http://128.199.190.141:5551/" "Mozilla/5.0 (Windows NT 10.0; Win64; x64) AppleWebKit/537.36 (KHTML, like Gecko) Chrome/103.0.0.0 Safari/537.36"
171.253.1.35 - - [28/Aug/2022:07:02:30 +0000] "GET /style.css HTTP/1.1" 200 919 "http://128.199.190.141:5551/" "Mozilla/5.0 (Windows NT 10.0; Win64; x64; rv:104.0) Gecko/20100101 Firefox/104.0"
171.253.1.35 - - [28/Aug/2022:07:02:30 +0000] "GET /demo.png HTTP/1.1" 200 103014 "http://128.199.190.141:5551/" "Mozilla/5.0 (Windows NT 10.0; Win64; x64; rv:104.0) Gecko/20100101 Firefox/104.0"
58.187.43.105 - - [28/Aug/2022:07:02:34 +0000] "GET /index.php?username=%27&type=eyes HTTP/1.1" 200 1040 "http://128.199.190.141:5551/" "Mozilla/5.0 (Windows NT 10.0; Win64; x64) AppleWebKit/537.36 (KHTML, like Gecko) Chrome/104.0.5112.102 Safari/537.36 Edg/104.0.1293.70"
14.161.31.188 - - [28/Aug/2022:07:02:36 +0000] "GET / HTTP/1.1" 200 1193 "-" "Mozilla/5.0 (Windows NT 10.0; Win64; x64) AppleWebKit/537.36 (KHTML, like Gecko) Chrome/104.0.0.0 Safari/537.36"
14.161.31.188 - - [28/Aug/2022:07:02:36 +0000] "GET /style.css HTTP/1.1" 200 955 "http://128.199.190.141:5551/" "Mozilla/5.0 (Windows NT 10.0; Win64; x64) AppleWebKit/537.36 (KHTML, like Gecko) Chrome/104.0.0.0 Safari/537.36"
14.161.31.188 - - [28/Aug/2022:07:02:36 +0000] "GET /demo.png HTTP/1.1" 200 103051 "http://128.199.190.141:5551/" "Mozilla/5.0 (Windows NT 10.0; Win64; x64) AppleWebKit/537.36 (KHTML, like Gecko) Chrome/104.0.0.0 Safari/537.36"
14.161.31.188 - - [28/Aug/2022:07:02:36 +0000] "GET /favicon.ico HTTP/1.1" 404 495 "http://128.199.190.141:5551/" "Mozilla/5.0 (Windows NT 10.0; Win64; x64) AppleWebKit/537.36 (KHTML, like Gecko) Chrome/104.0.0.0 Safari/537.36"
58.187.43.105 - - [28/Aug/2022:07:02:39 +0000] "GET /index.php?debug HTTP/1.1" 200 2638 "http://128.199.190.141:5551/index.php?username=%27&type=eyes" "Mozilla/5.0 (Windows NT 10.0; Win64; x64) AppleWebKit/537.36 (KHTML, like Gecko) Chrome/104.0.5112.102 Safari/537.36 Edg/104.0.1293.70"
14.161.31.188 - - [28/Aug/2022:07:02:40 +0000] "GET / HTTP/1.1" 200 1153 "-" "Mozilla/5.0 (Windows NT 10.0; Win64; x64) AppleWebKit/537.36 (KHTML, like Gecko) Chrome/96.0.4664.93 Safari/537.36"
14.161.31.188 - - [28/Aug/2022:07:02:40 +0000] "GET /style.css HTTP/1.1" 200 919 "http://128.199.190.141:5551/" "Mozilla/5.0 (Windows NT 10.0; Win64; x64) AppleWebKit/537.36 (KHTML, like Gecko) Chrome/96.0.4664.93 Safari/537.36"
58.187.43.105 - - [28/Aug/2022:07:02:40 +0000] "GET /demo.png HTTP/1.1" 200 103014 "http://128.199.190.141:5551/" "Mozilla/5.0 (Windows NT 10.0; Win64; x64) AppleWebKit/537.36 (KHTML, like Gecko) Chrome/96.0.4664.93 Safari/537.36"
14.161.31.188 - - [28/Aug/2022:07:02:41 +0000] "GET /favicon.ico HTTP/1.1" 404 459 "http://128.199.190.141:5551/" "Mozilla/5.0 (Windows NT 10.0; Win64; x64) AppleWebKit/537.36 (KHTML, like Gecko) Chrome/96.0.4664.93 Safari/537.36"
14.161.31.188 - - [28/Aug/2022:07:02:42 +0000] "GET /?debug HTTP/1.1" 200 2601 "http://128.199.190.141:5551/" "Mozilla/5.0 (Windows NT 10.0; Win64; x64) AppleWebKit/537.36 (KHTML, like Gecko) Chrome/96.0.4664.93 Safari/537.36"
171.253.1.35 - - [28/Aug/2022:07:02:43 +0000] "GET /index.php?username=%601%60&type=random HTTP/1.1" 200 1348 "http://128.199.190.141:5551/" "Mozilla/5.0 (Windows NT 10.0; Win64; x64; rv:104.0) Gecko/20100101 Firefox/104.0"
58.187.43.105 - - [28/Aug/2022:07:02:45 +0000] "GET / HTTP/1.1" 200 1445 "-" "Mozilla/5.0 (Windows NT 10.0; Win64; x64) AppleWebKit/537.36 (KHTML, like Gecko) Chrome/104.0.5112.102 Safari/537.36"
113.185.73.118 - - [28/Aug/2022:07:02:46 +0000] "GET / HTTP/1.1" 200 1205 "-" "Mozilla/5.0 (Windows NT 10.0; Win64; x64) AppleWebKit/537.36 (KHTML, like Gecko) Chrome/104.0.0.0 Safari/537.36"
113.185.73.118 - - [28/Aug/2022:07:02:48 +0000] "GET /?debug HTTP/1.1" 200 2637 "http://128.199.190.141:5551/" "Mozilla/5.0 (Windows NT 10.0; Win64; x64) AppleWebKit/537.36 (KHTML, like Gecko) Chrome/104.0.0.0 Safari/537.36"
14.161.31.188 - - [28/Aug/2022:07:02:50 +0000] "GET /demo.png HTTP/1.1" 200 103051 "http://128.199.190.141:5551/" "Mozilla/5.0 (Windows NT 10.0; Win64; x64) AppleWebKit/537.36 (KHTML, like Gecko) Chrome/104.0.5112.102 Safari/537.36"
58.187.43.105 - - [28/Aug/2022:07:02:50 +0000] "GET /style.css HTTP/1.1" 200 955 "http://128.199.190.141:5551/" "Mozilla/5.0 (Windows NT 10.0; Win64; x64) AppleWebKit/537.36 (KHTML, like Gecko) Chrome/104.0.5112.102 Safari/537.36"
58.187.43.105 - - [28/Aug/2022:07:02:51 +0000] "GET /?debug HTTP/1.1" 200 2601 "http://128.199.190.141:5551/" "Mozilla/5.0 (Windows NT 10.0; Win64; x64; rv:103.0) Gecko/20100101 Firefox/103.0"
14.161.31.188 - - [28/Aug/2022:07:02:53 +0000] "GET / HTTP/1.1" 200 1228 "-" "Mozilla/5.0 (Windows NT 10.0; Win64; x64) AppleWebKit/537.36 (KHTML, like Gecko) Chrome/104.0.5112.102 Safari/537.36"
14.161.31.188 - - [28/Aug/2022:07:02:55 +0000] "GET / HTTP/1.1" 200 1341 "-" "Mozilla/5.0 (Windows NT 10.0; Win64; x64) AppleWebKit/537.36 (KHTML, like Gecko) Chrome/105.0.0.0 Safari/537.36"
14.161.31.188 - - [28/Aug/2022:07:02:55 +0000] "GET /style.css HTTP/1.1" 200 955 "http://128.199.190.141:5551/" "Mozilla/5.0 (Windows NT 10.0; Win64; x64) AppleWebKit/537.36 (KHTML, like Gecko) Chrome/105.0.0.0 Safari/537.36"
14.161.31.188 - - [28/Aug/2022:07:02:55 +0000] "GET /demo.png HTTP/1.1" 200 103050 "http://128.199.190.141:5551/" "Mozilla/5.0 (Windows NT 10.0; Win64; x64) AppleWebKit/537.36 (KHTML, like Gecko) Chrome/105.0.0.0 Safari/537.36"
14.161.31.188 - - [28/Aug/2022:07:02:56 +0000] "GET /favicon.ico HTTP/1.1" 404 495 "http://128.199.190.141:5551/" "Mozilla/5.0 (Windows NT 10.0; Win64; x64) AppleWebKit/537.36 (KHTML, like Gecko) Chrome/105.0.0.0 Safari/537.36"
14.161.31.188 - - [28/Aug/2022:07:02:56 +0000] "GET / HTTP/1.1" 200 1176 "-" "Mozilla/5.0 (Windows NT 10.0; Win64; x64) AppleWebKit/537.36 (KHTML, like Gecko) Chrome/104.0.0.0 Safari/537.36"
14.161.31.188 - - [28/Aug/2022:07:02:57 +0000] "GET /style.css HTTP/1.1" 200 955 "http://128.199.190.141:5551/" "Mozilla/5.0 (Windows NT 10.0; Win64; x64) AppleWebKit/537.36 (KHTML, like Gecko) Chrome/104.0.0.0 Safari/537.36"
14.161.31.188 - - [28/Aug/2022:07:02:57 +0000] "GET /demo.png HTTP/1.1" 200 103050 "http://128.199.190.141:5551/" "Mozilla/5.0 (Windows NT 10.0; Win64; x64) AppleWebKit/537.36 (KHTML, like Gecko) Chrome/104.0.0.0 Safari/537.36"
14.161.31.188 - - [28/Aug/2022:07:02:57 +0000] "GET /favicon.ico HTTP/1.1" 404 495 "http://128.199.190.141:5551/" "Mozilla/5.0 (Windows NT 10.0; Win64; x64) AppleWebKit/537.36 (KHTML, like Gecko) Chrome/104.0.0.0 Safari/537.36"
14.161.31.188 - - [28/Aug/2022:07:02:59 +0000] "GET /?debug HTTP/1.1" 200 2637 "http://128.199.190.141:5551/" "Mozilla/5.0 (Windows NT 10.0; Win64; x64) AppleWebKit/537.36 (KHTML, like Gecko) Chrome/104.0.0.0 Safari/537.36"
14.161.31.188 - - [28/Aug/2022:07:03:00 +0000] "GET / HTTP/1.1" 200 1181 "-" "Mozilla/5.0 (Windows NT 10.0; Win64; x64; rv:103.0) Gecko/20100101 Firefox/103.0"
14.161.31.188 - - [28/Aug/2022:07:03:01 +0000] "GET /style.css HTTP/1.1" 200 956 "http://128.199.190.141:5551/" "Mozilla/5.0 (Windows NT 10.0; Win64; x64; rv:103.0) Gecko/20100101 Firefox/103.0"
14.161.31.188 - - [28/Aug/2022:07:03:01 +0000] "GET /demo.png HTTP/1.1" 200 103050 "http://128.199.190.141:5551/" "Mozilla/5.0 (Windows NT 10.0; Win64; x64; rv:103.0) Gecko/20100101 Firefox/103.0"
14.161.31.188 - - [28/Aug/2022:07:03:02 +0000] "GET /?debug HTTP/1.1" 200 2638 "-" "Mozilla/5.0 (Windows NT 10.0; Win64; x64) AppleWebKit/537.36 (KHTML, like Gecko) Chrome/105.0.0.0 Safari/537.36"
58.187.43.105 - - [28/Aug/2022:07:03:02 +0000] "GET /index.php?debug HTTP/1.1" 200 22426 "-" "ZaloPC-win32-24v473"
14.161.31.188 - - [28/Aug/2022:07:03:02 +0000] "GET / HTTP/1.1" 200 1243 "-" "Mozilla/5.0 (Windows NT 10.0; Win64; x64) AppleWebKit/537.36 (KHTML, like Gecko) Chrome/104.0.5112.102 Safari/537.36 Edg/104.0.1293.63"
14.161.31.188 - - [28/Aug/2022:07:03:03 +0000] "GET /style.css HTTP/1.1" 200 955 "http://128.199.190.141:5551/" "Mozilla/5.0 (Windows NT 10.0; Win64; x64) AppleWebKit/537.36 (KHTML, like Gecko) Chrome/104.0.5112.102 Safari/537.36 Edg/104.0.1293.63"
14.161.31.188 - - [28/Aug/2022:07:03:03 +0000] "GET /demo.png HTTP/1.1" 200 103050 "http://128.199.190.141:5551/" "Mozilla/5.0 (Windows NT 10.0; Win64; x64) AppleWebKit/537.36 (KHTML, like Gecko) Chrome/104.0.5112.102 Safari/537.36 Edg/104.0.1293.63"
14.161.31.188 - - [28/Aug/2022:07:03:03 +0000] "GET /favicon.ico HTTP/1.1" 404 495 "http://128.199.190.141:5551/" "Mozilla/5.0 (Windows NT 10.0; Win64; x64) AppleWebKit/537.36 (KHTML, like Gecko) Chrome/104.0.5112.102 Safari/537.36 Edg/104.0.1293.63"
14.161.31.188 - - [28/Aug/2022:07:03:03 +0000] "GET /style.css HTTP/1.1" 200 956 "http://128.199.190.141:5551/" "Mozilla/5.0 (Windows NT 10.0; Win64; x64) AppleWebKit/537.36 (KHTML, like Gecko) Chrome/104.0.5112.102 Safari/537.36"
14.161.31.188 - - [28/Aug/2022:07:03:05 +0000] "GET /favicon.ico HTTP/1.1" 404 495 "http://128.199.190.141:5551/" "Mozilla/5.0 (Windows NT 10.0; Win64; x64; rv:103.0) Gecko/20100101 Firefox/103.0"
58.187.43.105 - - [28/Aug/2022:07:03:08 +0000] "GET / HTTP/1.1" 200 1221 "-" "Mozilla/5.0 (Windows NT 10.0; Win64; x64; rv:104.0) Gecko/20100101 Firefox/104.0"
58.187.43.105 - - [28/Aug/2022:07:03:08 +0000] "GET /style.css HTTP/1.1" 200 955 "http://128.199.190.141:5551/" "Mozilla/5.0 (Windows NT 10.0; Win64; x64; rv:104.0) Gecko/20100101 Firefox/104.0"
58.187.43.105 - - [28/Aug/2022:07:03:08 +0000] "GET /demo.png HTTP/1.1" 200 103051 "http://128.199.190.141:5551/" "Mozilla/5.0 (Windows NT 10.0; Win64; x64; rv:104.0) Gecko/20100101 Firefox/104.0"
58.187.43.105 - - [28/Aug/2022:07:03:09 +0000] "GET /favicon.ico HTTP/1.1" 404 495 "http://128.199.190.141:5551/" "Mozilla/5.0 (Windows NT 10.0; Win64; x64; rv:104.0) Gecko/20100101 Firefox/104.0"
58.187.43.105 - - [28/Aug/2022:07:03:09 +0000] "-" 408 0 "-" "-"
14.161.31.188 - - [28/Aug/2022:07:03:09 +0000] "GET /demo.png HTTP/1.1" 206 338 "http://128.199.190.141:5551/" "Mozilla/5.0 (Windows NT 10.0; Win64; x64) AppleWebKit/537.36 (KHTML, like Gecko) Chrome/104.0.5112.102 Safari/537.36"
58.187.43.105 - - [28/Aug/2022:07:03:10 +0000] "GET / HTTP/1.1" 200 1156 "-" "Mozilla/5.0 (Windows NT 10.0; Win64; x64) AppleWebKit/537.36 (KHTML, like Gecko) Chrome/104.0.5112.102 Safari/537.36 Edg/104.0.1293.70"
58.187.43.105 - - [28/Aug/2022:07:03:10 +0000] "GET /style.css HTTP/1.1" 200 955 "http://128.199.190.141:5551/" "Mozilla/5.0 (Windows NT 10.0; Win64; x64) AppleWebKit/537.36 (KHTML, like Gecko) Chrome/104.0.5112.102 Safari/537.36 Edg/104.0.1293.70"
58.187.43.105 - - [28/Aug/2022:07:03:10 +0000] "GET /demo.png HTTP/1.1" 200 103050 "http://128.199.190.141:5551/" "Mozilla/5.0 (Windows NT 10.0; Win64; x64) AppleWebKit/537.36 (KHTML, like Gecko) Chrome/104.0.5112.102 Safari/537.36 Edg/104.0.1293.70"
14.161.31.188 - - [28/Aug/2022:07:03:10 +0000] "GET /index.php?username=gnu%3Bls&type=gnu HTTP/1.1" 200 1246 "http://128.199.190.141:5551/" "Mozilla/5.0 (Windows NT 10.0; Win64; x64) AppleWebKit/537.36 (KHTML, like Gecko) Chrome/104.0.5112.102 Safari/537.36"
58.187.43.105 - - [28/Aug/2022:07:03:11 +0000] "GET /?debug HTTP/1.1" 200 2638 "http://128.199.190.141:5551/" "Mozilla/5.0 (Windows NT 10.0; Win64; x64; rv:103.0) Gecko/20100101 Firefox/103.0"
58.187.43.105 - - [28/Aug/2022:07:03:11 +0000] "GET /favicon.ico HTTP/1.1" 404 495 "http://128.199.190.141:5551/" "Mozilla/5.0 (Windows NT 10.0; Win64; x64) AppleWebKit/537.36 (KHTML, like Gecko) Chrome/104.0.5112.102 Safari/537.36 Edg/104.0.1293.70"
14.161.31.188 - - [28/Aug/2022:07:03:11 +0000] "GET /index.php?username=%2F%22pwd&type=figlet HTTP/1.1" 200 1209 "http://128.199.190.141:5551/index.php?username=anld&type=figlet" "Mozilla/5.0 (Windows NT 10.0; Win64; x64) AppleWebKit/537.36 (KHTML, like Gecko) Chrome/104.0.0.0 Safari/537.36"
58.187.43.105 - - [28/Aug/2022:07:03:11 +0000] "-" 408 0 "-" "-"
58.187.43.105 - - [28/Aug/2022:07:03:12 +0000] "GET / HTTP/1.1" 200 1195 "-" "Mozilla/5.0 (Windows NT 10.0; Win64; x64) AppleWebKit/537.36 (KHTML, like Gecko) Chrome/104.0.0.0 Safari/537.36"
58.187.43.105 - - [28/Aug/2022:07:03:12 +0000] "GET /style.css HTTP/1.1" 200 955 "http://128.199.190.141:5551/" "Mozilla/5.0 (Windows NT 10.0; Win64; x64) AppleWebKit/537.36 (KHTML, like Gecko) Chrome/104.0.0.0 Safari/537.36"
14.161.31.188 - - [28/Aug/2022:07:03:12 +0000] "GET /demo.png HTTP/1.1" 200 103051 "http://128.199.190.141:5551/" "Mozilla/5.0 (Windows NT 10.0; Win64; x64) AppleWebKit/537.36 (KHTML, like Gecko) Chrome/104.0.0.0 Safari/537.36"
14.161.31.188 - - [28/Aug/2022:07:03:13 +0000] "GET /favicon.ico HTTP/1.1" 404 495 "http://128.199.190.141:5551/" "Mozilla/5.0 (Windows NT 10.0; Win64; x64) AppleWebKit/537.36 (KHTML, like Gecko) Chrome/104.0.0.0 Safari/537.36"
58.187.43.105 - - [28/Aug/2022:07:03:15 +0000] "GET /?debug HTTP/1.1" 200 2637 "http://128.199.190.141:5551/" "Mozilla/5.0 (Windows NT 10.0; Win64; x64) AppleWebKit/537.36 (KHTML, like Gecko) Chrome/104.0.5112.102 Safari/537.36 Edg/104.0.1293.70"
171.253.1.35 - - [28/Aug/2022:07:03:16 +0000] "GET /index.php?username=%601%60&type=random&debug HTTP/1.1" 200 2601 "-" "Mozilla/5.0 (Windows NT 10.0; Win64; x64; rv:104.0) Gecko/20100101 Firefox/104.0"
14.161.31.188 - - [28/Aug/2022:07:03:17 +0000] "GET / HTTP/1.1" 200 1413 "-" "Mozilla/5.0 (Windows NT 10.0; Win64; x64) AppleWebKit/537.36 (KHTML, like Gecko) Chrome/104.0.5112.102 Safari/537.36 Edg/104.0.1293.70"
14.161.31.188 - - [28/Aug/2022:07:03:17 +0000] "GET /style.css HTTP/1.1" 200 955 "http://128.199.190.141:5551/" "Mozilla/5.0 (Windows NT 10.0; Win64; x64) AppleWebKit/537.36 (KHTML, like Gecko) Chrome/104.0.5112.102 Safari/537.36 Edg/104.0.1293.70"
14.161.31.188 - - [28/Aug/2022:07:03:17 +0000] "GET /demo.png HTTP/1.1" 200 103050 "http://128.199.190.141:5551/" "Mozilla/5.0 (Windows NT 10.0; Win64; x64) AppleWebKit/537.36 (KHTML, like Gecko) Chrome/104.0.5112.102 Safari/537.36 Edg/104.0.1293.70"
127.0.0.1 - - [28/Aug/2022:07:03:20 +0000] "OPTIONS * HTTP/1.0" 200 126 "-" "Apache/2.4.54 (Debian) PHP/7.4.30 (internal dummy connection)"
14.161.31.188 - - [28/Aug/2022:07:03:20 +0000] "GET /favicon.ico HTTP/1.1" 404 495 "http://128.199.190.141:5551/" "Mozilla/5.0 (Windows NT 10.0; Win64; x64) AppleWebKit/537.36 (KHTML, like Gecko) Chrome/104.0.5112.102 Safari/537.36 Edg/104.0.1293.70"
127.0.0.1 - - [28/Aug/2022:07:03:21 +0000] "OPTIONS * HTTP/1.0" 200 126 "-" "Apache/2.4.54 (Debian) PHP/7.4.30 (internal dummy connection)"
127.0.0.1 - - [28/Aug/2022:07:03:23 +0000] "OPTIONS * HTTP/1.0" 200 126 "-" "Apache/2.4.54 (Debian) PHP/7.4.30 (internal dummy connection)"
58.187.43.105 - - [28/Aug/2022:07:03:23 +0000] "GET /index.php?username=%22pwd&type=figlet HTTP/1.1" 200 1209 "http://128.199.190.141:5551/index.php?username=%2F%22pwd&type=figlet" "Mozilla/5.0 (Windows NT 10.0; Win64; x64) AppleWebKit/537.36 (KHTML, like Gecko) Chrome/104.0.0.0 Safari/537.36"
58.187.43.105 - - [28/Aug/2022:07:03:23 +0000] "GET /index.php?username=gnu%3Bid&type=gnu HTTP/1.1" 200 1246 "http://128.199.190.141:5551/index.php?username=gnu%3Bls&type=gnu" "Mozilla/5.0 (Windows NT 10.0; Win64; x64) AppleWebKit/537.36 (KHTML, like Gecko) Chrome/104.0.5112.102 Safari/537.36"
14.161.31.188 - - [28/Aug/2022:07:03:25 +0000] "GET /demo.png HTTP/1.1" 206 96194 "http://128.199.190.141:5551/" "Mozilla/5.0 (Windows NT 10.0; Win64; x64) AppleWebKit/537.36 (KHTML, like Gecko) Chrome/104.0.5112.102 Safari/537.36"
58.187.43.105 - - [28/Aug/2022:07:03:27 +0000] "GET /?debug=a HTTP/1.1" 200 2638 "-" "Mozilla/5.0 (Windows NT 10.0; Win64; x64) AppleWebKit/537.36 (KHTML, like Gecko) Chrome/104.0.0.0 Safari/537.36"
14.187.126.135 - - [28/Aug/2022:07:03:32 +0000] "GET / HTTP/1.1" 200 1225 "-" "Mozilla/5.0 (Windows NT 10.0; Win64; x64) AppleWebKit/537.36 (KHTML, like Gecko) Chrome/104.0.5112.102 Safari/537.36 Edg/104.0.1293.63"
14.187.126.135 - - [28/Aug/2022:07:03:32 +0000] "GET /style.css HTTP/1.1" 200 955 "http://128.199.190.141:5551/" "Mozilla/5.0 (Windows NT 10.0; Win64; x64) AppleWebKit/537.36 (KHTML, like Gecko) Chrome/104.0.5112.102 Safari/537.36 Edg/104.0.1293.63"
14.187.126.135 - - [28/Aug/2022:07:03:32 +0000] "GET /demo.png HTTP/1.1" 200 103050 "http://128.199.190.141:5551/" "Mozilla/5.0 (Windows NT 10.0; Win64; x64) AppleWebKit/537.36 (KHTML, like Gecko) Chrome/104.0.5112.102 Safari/537.36 Edg/104.0.1293.63"
14.187.126.135 - - [28/Aug/2022:07:03:32 +0000] "GET /favicon.ico HTTP/1.1" 404 495 "http://128.199.190.141:5551/" "Mozilla/5.0 (Windows NT 10.0; Win64; x64) AppleWebKit/537.36 (KHTML, like Gecko) Chrome/104.0.5112.102 Safari/537.36 Edg/104.0.1293.63"
58.187.43.105 - - [28/Aug/2022:07:03:35 +0000] "GET /favicon.ico HTTP/1.1" 404 496 "http://128.199.190.141:5551/" "Mozilla/5.0 (Windows NT 10.0; Win64; x64) AppleWebKit/537.36 (KHTML, like Gecko) Chrome/104.0.5112.102 Safari/537.36"
58.187.43.105 - - [28/Aug/2022:07:03:39 +0000] "GET /index.php?username=%60ls%60&type=gnu HTTP/1.1" 200 1281 "http://128.199.190.141:5551/" "Mozilla/5.0 (Windows NT 10.0; Win64; x64; rv:104.0) Gecko/20100101 Firefox/104.0"
14.187.126.135 - - [28/Aug/2022:07:03:40 +0000] "GET /?debug HTTP/1.1" 200 2638 "http://128.199.190.141:5551/" "Mozilla/5.0 (Windows NT 10.0; Win64; x64) AppleWebKit/537.36 (KHTML, like Gecko) Chrome/104.0.5112.102 Safari/537.36 Edg/104.0.1293.63"
14.161.31.188 - - [28/Aug/2022:07:03:43 +0000] "GET /index.php?username=%60ls+-l%60&type=figlet HTTP/1.1" 200 1184 "http://128.199.190.141:5551/" "Mozilla/5.0 (Windows NT 10.0; Win64; x64) AppleWebKit/537.36 (KHTML, like Gecko) Chrome/104.0.0.0 Safari/537.36"
58.187.43.105 - - [28/Aug/2022:07:03:45 +0000] "GET / HTTP/1.1" 200 1184 "-" "Mozilla/5.0 (Windows NT 10.0; Win64; x64) AppleWebKit/537.36 (KHTML, like Gecko) Chrome/104.0.0.0 Safari/537.36"
58.187.43.105 - - [28/Aug/2022:07:03:51 +0000] "GET /?debug HTTP/1.1" 200 2638 "http://128.199.190.141:5551/" "Mozilla/5.0 (Windows NT 10.0; Win64; x64) AppleWebKit/537.36 (KHTML, like Gecko) Chrome/104.0.0.0 Safari/537.36"
14.161.31.188 - - [28/Aug/2022:07:03:52 +0000] "GET /index.php?username=%60uname%2509-a%60&type=eyes HTTP/1.1" 200 1208 "http://128.199.190.141:5551/" "Mozilla/5.0 (Windows NT 10.0; Win64; x64) AppleWebKit/537.36 (KHTML, like Gecko) Chrome/104.0.5112.102 Safari/537.36"
58.187.43.105 - - [28/Aug/2022:07:03:53 +0000] "-" 408 0 "-" "-"
14.161.31.188 - - [28/Aug/2022:07:03:54 +0000] "-" 408 0 "-" "-"
58.187.43.105 - - [28/Aug/2022:07:03:58 +0000] "GET /index.php?username=pwd&type=gnu HTTP/1.1" 200 1280 "http://128.199.190.141:5551/index.php?username=%60ls%60&type=gnu" "Mozilla/5.0 (Windows NT 10.0; Win64; x64; rv:104.0) Gecko/20100101 Firefox/104.0"
14.161.31.188 - - [28/Aug/2022:07:03:59 +0000] "GET /index.php?username=%27%3Bcat+%2F*&type=turtle HTTP/1.1" 200 1045 "http://128.199.190.141:5551/index.php?username=%60uname%2509-a%60&type=eyes" "Mozilla/5.0 (Windows NT 10.0; Win64; x64) AppleWebKit/537.36 (KHTML, like Gecko) Chrome/104.0.5112.102 Safari/537.36"
14.161.31.188 - - [28/Aug/2022:07:04:02 +0000] "-" 408 0 "-" "-"
58.187.43.105 - - [28/Aug/2022:07:04:02 +0000] "GET /index.php?debug HTTP/1.1" 200 2637 "http://128.199.190.141:5551/index.php?username=pwd&type=gnu" "Mozilla/5.0 (Windows NT 10.0; Win64; x64; rv:104.0) Gecko/20100101 Firefox/104.0"
58.187.43.105 - - [28/Aug/2022:07:04:05 +0000] "GET /index.php?debug HTTP/1.1" 200 2638 "http://128.199.190.141:5551/index.php?username=%27%3Bcat+%2F*&type=turtle" "Mozilla/5.0 (Windows NT 10.0; Win64; x64) AppleWebKit/537.36 (KHTML, like Gecko) Chrome/104.0.5112.102 Safari/537.36"
14.161.31.188 - - [28/Aug/2022:07:04:07 +0000] "GET /index.php?username=%60ls+-l%60&type=figlet HTTP/1.1" 200 1184 "http://128.199.190.141:5551/index.php?username=%60ls+-l%60&type=figlet" "Mozilla/5.0 (Windows NT 10.0; Win64; x64) AppleWebKit/537.36 (KHTML, like Gecko) Chrome/104.0.0.0 Safari/537.36"
58.187.43.105 - - [28/Aug/2022:07:04:09 +0000] "GET /index.php?username=%0Als&type=gnu HTTP/1.1" 200 1243 "-" "Mozilla/5.0 (Windows NT 10.0; Win64; x64) AppleWebKit/537.36 (KHTML, like Gecko) Chrome/104.0.5112.102 Safari/537.36"
58.187.43.105 - - [28/Aug/2022:07:04:09 +0000] "-" 408 0 "-" "-"
58.187.43.105 - - [28/Aug/2022:07:04:10 +0000] "GET /index.php?debug HTTP/1.1" 200 2638 "http://128.199.190.141:5551/index.php?username=%22pwd&type=figlet" "Mozilla/5.0 (Windows NT 10.0; Win64; x64) AppleWebKit/537.36 (KHTML, like Gecko) Chrome/104.0.0.0 Safari/537.36"
58.187.43.105 - - [28/Aug/2022:07:04:12 +0000] "GET /index.php?username=%60ls+-l%60&type=figlet HTTP/1.1" 200 1184 "http://128.199.190.141:5551/index.php?username=%60ls+-l%60&type=figlet" "Mozilla/5.0 (Windows NT 10.0; Win64; x64) AppleWebKit/537.36 (KHTML, like Gecko) Chrome/104.0.0.0 Safari/537.36"
58.187.43.105 - - [28/Aug/2022:07:04:13 +0000] "GET /index.php?username=%27%27%27%27ls%27%27&type=figlet HTTP/1.1" 200 1052 "http://128.199.190.141:5551/index.php?username=%27%27%27%27ls%27%27&type=random" "Mozilla/5.0 (Windows NT 10.0; Win64; x64) AppleWebKit/537.36 (KHTML, like Gecko) Chrome/104.0.5112.102 Safari/537.36 Edg/104.0.1293.70"
58.187.43.105 - - [28/Aug/2022:07:04:16 +0000] "GET /index.php?username=%60ls+-l%60&type=eyes HTTP/1.1" 200 1202 "http://128.199.190.141:5551/index.php?username=%60ls+-l%60&type=figlet" "Mozilla/5.0 (Windows NT 10.0; Win64; x64) AppleWebKit/537.36 (KHTML, like Gecko) Chrome/104.0.0.0 Safari/537.36"
58.187.43.105 - - [28/Aug/2022:07:04:17 +0000] "GET /index.php?username=%60%60&type=random HTTP/1.1" 200 1206 "http://128.199.190.141:5551/" "Mozilla/5.0 (Windows NT 10.0; Win64; x64; rv:103.0) Gecko/20100101 Firefox/103.0"
58.187.43.105 - - [28/Aug/2022:07:04:19 +0000] "-" 408 0 "-" "-"
58.187.43.105 - - [28/Aug/2022:07:04:27 +0000] "GET /index.php?username=%0Als&type=eyes HTTP/1.1" 200 1171 "-" "Mozilla/5.0 (Windows NT 10.0; Win64; x64) AppleWebKit/537.36 (KHTML, like Gecko) Chrome/104.0.5112.102 Safari/537.36"
14.161.31.188 - - [28/Aug/2022:07:04:30 +0000] "GET /?debug HTTP/1.1" 200 22426 "-" "ZaloPC-win32-24v473"
14.187.126.135 - - [28/Aug/2022:07:04:32 +0000] "-" 408 0 "-" "-"
58.187.43.105 - - [28/Aug/2022:07:04:33 +0000] "GET /index.php?username=%2560cd%2509..%250Acd%2509..%250Acd%2509..%250Acd%2509..%250Als%2509.%2560&type=figlet HTTP/1.1" 200 1824 "http://128.199.190.141:5551/" "Mozilla/5.0 (Windows NT 10.0; Win64; x64) AppleWebKit/537.36 (KHTML, like Gecko) Chrome/104.0.0.0 Safari/537.36"
171.253.1.35 - - [28/Aug/2022:07:04:33 +0000] "GET /index.php?username=%25aa&type=random HTTP/1.1" 200 1270 "http://128.199.190.141:5551/index.php?username=%601%60&type=random" "Mozilla/5.0 (Windows NT 10.0; Win64; x64; rv:104.0) Gecko/20100101 Firefox/104.0"
58.187.43.105 - - [28/Aug/2022:07:04:35 +0000] "GET /?debug HTTP/1.1" 200 2638 "-" "Mozilla/5.0 (Windows NT 10.0; Win64; x64; rv:104.0) Gecko/20100101 Firefox/104.0"
58.187.43.105 - - [28/Aug/2022:07:04:35 +0000] "GET /favicon.ico HTTP/1.1" 404 495 "http://128.199.190.141:5551/?debug" "Mozilla/5.0 (Windows NT 10.0; Win64; x64; rv:104.0) Gecko/20100101 Firefox/104.0"
14.161.31.188 - - [28/Aug/2022:07:04:38 +0000] "GET /index.php?username=%0Als HTTP/1.1" 200 1135 "-" "Mozilla/5.0 (Windows NT 10.0; Win64; x64) AppleWebKit/537.36 (KHTML, like Gecko) Chrome/104.0.5112.102 Safari/537.36"
58.187.43.105 - - [28/Aug/2022:07:04:39 +0000] "GET /index.php?username=%22%3Buname+-a+%23asdasdad&type=gnu HTTP/1.1" 200 1297 "http://128.199.190.141:5551/index.php?username=%27%3Bcat+%2F*&type=turtle" "Mozilla/5.0 (Windows NT 10.0; Win64; x64) AppleWebKit/537.36 (KHTML, like Gecko) Chrome/104.0.5112.102 Safari/537.36"
58.187.43.105 - - [28/Aug/2022:07:04:43 +0000] "-" 408 0 "-" "-"
58.187.43.105 - - [28/Aug/2022:07:04:44 +0000] "GET /index.php?username=hi%7C+ls&type=random HTTP/1.1" 200 1184 "http://128.199.190.141:5551/index.php?username=pwd&type=gnu" "Mozilla/5.0 (Windows NT 10.0; Win64; x64; rv:104.0) Gecko/20100101 Firefox/104.0"
14.161.31.188 - - [28/Aug/2022:07:04:46 +0000] "GET /index.php?debug HTTP/1.1" 200 2638 "http://128.199.190.141:5551/index.php?username=%22pwd&type=figlet" "Mozilla/5.0 (Windows NT 10.0; Win64; x64) AppleWebKit/537.36 (KHTML, like Gecko) Chrome/104.0.0.0 Safari/537.36"
14.161.31.188 - - [28/Aug/2022:07:04:47 +0000] "GET /index.php?username=%2560cd%2509..%250Acd%2509..%250Acd%2509..%250Acd%2509..%250Acat%2509secret_file%2560&type=figlet HTTP/1.1" 200 1873 "http://128.199.190.141:5551/index.php?username=%2560cd%2509..%250Acd%2509..%250Acd%2509..%250Acd%2509..%250Als%2509.%2560&type=figlet" "Mozilla/5.0 (Windows NT 10.0; Win64; x64) AppleWebKit/537.36 (KHTML, like Gecko) Chrome/104.0.0.0 Safari/537.36"
58.187.43.105 - - [28/Aug/2022:07:04:49 +0000] "GET /index.php?username=%60uname+-a%60&type=gnu HTTP/1.1" 200 1285 "http://128.199.190.141:5551/index.php?username=%22%3Buname+-a+%23asdasdad&type=gnu" "Mozilla/5.0 (Windows NT 10.0; Win64; x64) AppleWebKit/537.36 (KHTML, like Gecko) Chrome/104.0.5112.102 Safari/537.36"
14.161.31.188 - - [28/Aug/2022:07:04:50 +0000] "GET /index.php?username=%25a&type=figlet HTTP/1.1" 200 1189 "http://128.199.190.141:5551/index.php?username=%22pwd&type=figlet" "Mozilla/5.0 (Windows NT 10.0; Win64; x64) AppleWebKit/537.36 (KHTML, like Gecko) Chrome/104.0.0.0 Safari/537.36"
14.161.31.188 - - [28/Aug/2022:07:04:54 +0000] "GET /index.php?username=hi%7C+ls&type=gnu HTTP/1.1" 200 1283 "http://128.199.190.141:5551/index.php?username=hi%7C+ls&type=random" "Mozilla/5.0 (Windows NT 10.0; Win64; x64; rv:104.0) Gecko/20100101 Firefox/104.0"
58.187.43.105 - - [28/Aug/2022:07:04:58 +0000] "GET / HTTP/1.1" 200 1163 "-" "Mozilla/5.0 (Windows NT 10.0; Win64; x64) AppleWebKit/537.36 (KHTML, like Gecko) Chrome/96.0.4664.93 Safari/537.36"
58.187.43.105 - - [28/Aug/2022:07:05:02 +0000] "GET /index.php?username=%27&type=random HTTP/1.1" 200 1146 "http://128.199.190.141:5551/" "Mozilla/5.0 (Windows NT 10.0; Win64; x64) AppleWebKit/537.36 (KHTML, like Gecko) Chrome/96.0.4664.93 Safari/537.36"
58.187.43.105 - - [28/Aug/2022:07:05:04 +0000] "-" 408 0 "-" "-"
14.161.31.188 - - [28/Aug/2022:07:05:04 +0000] "-" 408 0 "-" "-"
14.161.31.188 - - [28/Aug/2022:07:05:05 +0000] "GET /index.php?username=%0A%09ls HTTP/1.1" 200 1227 "-" "Mozilla/5.0 (Windows NT 10.0; Win64; x64) AppleWebKit/537.36 (KHTML, like Gecko) Chrome/104.0.5112.102 Safari/537.36"
127.0.0.1 - - [28/Aug/2022:07:05:07 +0000] "OPTIONS * HTTP/1.0" 200 126 "-" "Apache/2.4.54 (Debian) PHP/7.4.30 (internal dummy connection)"
14.161.31.188 - - [28/Aug/2022:07:05:10 +0000] "GET /index.php?username=%27%3Bls+%2F+%23&type=eyes HTTP/1.1" 200 1042 "http://128.199.190.141:5551/" "Mozilla/5.0 (Windows NT 10.0; Win64; x64) AppleWebKit/537.36 (KHTML, like Gecko) Chrome/104.0.5112.102 Safari/537.36 Edg/104.0.1293.70"
58.187.43.105 - - [28/Aug/2022:07:05:12 +0000] "GET /index.php?debug HTTP/1.1" 200 2601 "http://128.199.190.141:5551/index.php?username=%27&type=random" "Mozilla/5.0 (Windows NT 10.0; Win64; x64) AppleWebKit/537.36 (KHTML, like Gecko) Chrome/96.0.4664.93 Safari/537.36"
14.161.31.188 - - [28/Aug/2022:07:05:17 +0000] "GET /index.php?username=%27&type=figlet HTTP/1.1" 200 1043 "http://128.199.190.141:5551/" "Mozilla/5.0 (Windows NT 10.0; Win64; x64; rv:103.0) Gecko/20100101 Firefox/103.0"
14.161.31.188 - - [28/Aug/2022:07:05:19 +0000] "-" 408 0 "-" "-"
14.161.31.188 - - [28/Aug/2022:07:05:19 +0000] "GET / HTTP/1.1" 200 1140 "-" "Mozilla/5.0 (Windows NT 10.0; Win64; x64) AppleWebKit/537.36 (KHTML, like Gecko) Chrome/91.0.4472.114 Safari/537.36"
14.161.31.188 - - [28/Aug/2022:07:05:20 +0000] "GET /style.css HTTP/1.1" 200 919 "http://128.199.190.141:5551/" "Mozilla/5.0 (Windows NT 10.0; Win64; x64) AppleWebKit/537.36 (KHTML, like Gecko) Chrome/91.0.4472.114 Safari/537.36"
58.187.43.105 - - [28/Aug/2022:07:05:20 +0000] "GET /demo.png HTTP/1.1" 200 103014 "http://128.199.190.141:5551/" "Mozilla/5.0 (Windows NT 10.0; Win64; x64) AppleWebKit/537.36 (KHTML, like Gecko) Chrome/91.0.4472.114 Safari/537.36"
58.187.43.105 - - [28/Aug/2022:07:05:21 +0000] "GET /favicon.ico HTTP/1.1" 404 459 "http://128.199.190.141:5551/" "Mozilla/5.0 (Windows NT 10.0; Win64; x64) AppleWebKit/537.36 (KHTML, like Gecko) Chrome/91.0.4472.114 Safari/537.36"
58.187.43.105 - - [28/Aug/2022:07:05:23 +0000] "GET /index.php?username=%22%252A%27%22ls&type=figlet HTTP/1.1" 200 1048 "http://128.199.190.141:5551/index.php?username=%27%27%27%27ls%27%27&type=figlet" "Mozilla/5.0 (Windows NT 10.0; Win64; x64) AppleWebKit/537.36 (KHTML, like Gecko) Chrome/104.0.5112.102 Safari/537.36 Edg/104.0.1293.70"
58.187.43.105 - - [28/Aug/2022:07:05:27 +0000] "GET /index.php?username=a&type=eyes HTTP/1.1" 200 1163 "http://128.199.190.141:5551/" "Mozilla/5.0 (Windows NT 10.0; Win64; x64) AppleWebKit/537.36 (KHTML, like Gecko) Chrome/91.0.4472.114 Safari/537.36"
58.187.43.105 - - [28/Aug/2022:07:05:36 +0000] "-" 408 0 "-" "-"
58.187.43.105 - - [28/Aug/2022:07:05:38 +0000] "-" 408 0 "-" "-"
14.161.31.188 - - [28/Aug/2022:07:05:39 +0000] "GET /index.php?username=%24%28%29&type=figlet HTTP/1.1" 200 1158 "http://128.199.190.141:5551/index.php?username=%27&type=figlet" "Mozilla/5.0 (Windows NT 10.0; Win64; x64; rv:103.0) Gecko/20100101 Firefox/103.0"
58.187.43.105 - - [28/Aug/2022:07:05:39 +0000] "GET /index.php?username=hi|%20ls&type=gnu HTTP/1.1" 200 1283 "-" "Mozilla/5.0 (Windows NT 10.0; Win64; x64; rv:104.0) Gecko/20100101 Firefox/104.0"
58.187.43.105 - - [28/Aug/2022:07:05:40 +0000] "-" 408 0 "-" "-"
58.187.43.105 - - [28/Aug/2022:07:05:40 +0000] "GET /index.php?username=%27ls+-l%27&type=random HTTP/1.1" 200 1231 "http://128.199.190.141:5551/index.php?username=%60ls+-l%60&type=eyes" "Mozilla/5.0 (Windows NT 10.0; Win64; x64) AppleWebKit/537.36 (KHTML, like Gecko) Chrome/104.0.0.0 Safari/537.36"
14.161.31.188 - - [28/Aug/2022:07:05:41 +0000] "GET /index.php?username=cd%2509..%250Acd%2509..%250Acd%2509..%250Apwd&type=figlet HTTP/1.1" 200 1288 "http://128.199.190.141:5551/index.php?username=%25a&type=figlet" "Mozilla/5.0 (Windows NT 10.0; Win64; x64) AppleWebKit/537.36 (KHTML, like Gecko) Chrome/104.0.0.0 Safari/537.36"
58.187.43.105 - - [28/Aug/2022:07:05:46 +0000] "GET /index.php?username=asd&type=eyes HTTP/1.1" 200 1202 "http://128.199.190.141:5551/index.php?username=%27ls+-l%27&type=random" "Mozilla/5.0 (Windows NT 10.0; Win64; x64) AppleWebKit/537.36 (KHTML, like Gecko) Chrome/104.0.0.0 Safari/537.36"
14.161.31.188 - - [28/Aug/2022:07:05:46 +0000] "GET /index.php HTTP/1.1" 200 1186 "-" "Mozilla/5.0 (Windows NT 10.0; Win64; x64) AppleWebKit/537.36 (KHTML, like Gecko) Chrome/104.0.5112.102 Safari/537.36"
14.161.31.188 - - [28/Aug/2022:07:05:50 +0000] "GET /index.php?debug HTTP/1.1" 200 2637 "http://128.199.190.141:5551/index.php" "Mozilla/5.0 (Windows NT 10.0; Win64; x64) AppleWebKit/537.36 (KHTML, like Gecko) Chrome/104.0.5112.102 Safari/537.36"
58.187.43.105 - - [28/Aug/2022:07:05:51 +0000] "GET /index.php?username='%0Als%0A&type=eyes HTTP/1.1" 200 1019 "http://128.199.190.141:5551/" "Mozilla/5.0 (Windows NT 10.0; Win64; x64) AppleWebKit/537.36 (KHTML, like Gecko) Chrome/91.0.4472.114 Safari/537.36"
58.187.43.105 - - [28/Aug/2022:07:05:54 +0000] "GET /index.php?username=%27asd%27&type=random HTTP/1.1" 200 1168 "http://128.199.190.141:5551/index.php?username=asd&type=eyes" "Mozilla/5.0 (Windows NT 10.0; Win64; x64) AppleWebKit/537.36 (KHTML, like Gecko) Chrome/104.0.0.0 Safari/537.36"
14.161.31.188 - - [28/Aug/2022:07:06:00 +0000] "GET /index.php?username='%0Acat+/*%0A&type=eyes HTTP/1.1" 200 1011 "http://128.199.190.141:5551/" "Mozilla/5.0 (Windows NT 10.0; Win64; x64) AppleWebKit/537.36 (KHTML, like Gecko) Chrome/91.0.4472.114 Safari/537.36"
58.187.43.105 - - [28/Aug/2022:07:06:02 +0000] "-" 408 0 "-" "-"
58.187.43.105 - - [28/Aug/2022:07:06:05 +0000] "GET /index.php?username='%0Als/*%0A&type=eyes HTTP/1.1" 200 1019 "http://128.199.190.141:5551/" "Mozilla/5.0 (Windows NT 10.0; Win64; x64) AppleWebKit/537.36 (KHTML, like Gecko) Chrome/91.0.4472.114 Safari/537.36"
58.187.43.105 - - [28/Aug/2022:07:06:13 +0000] "GET / HTTP/1.1" 200 1190 "-" "ZaloPC-win32-24v355"
14.161.31.188 - - [28/Aug/2022:07:06:14 +0000] "-" 408 0 "-" "-"
171.253.1.35 - - [28/Aug/2022:07:06:16 +0000] "GET /index.php?username=%24%28ls%29&type=dragon HTTP/1.1" 200 1322 "http://128.199.190.141:5551/index.php?username=%25aa&type=random" "Mozilla/5.0 (Windows NT 10.0; Win64; x64; rv:104.0) Gecko/20100101 Firefox/104.0"
14.161.31.188 - - [28/Aug/2022:07:06:17 +0000] "GET /index.php?username=%27%3Bcat+%2F*&type=figlet HTTP/1.1" 200 1048 "http://128.199.190.141:5551/index.php" "Mozilla/5.0 (Windows NT 10.0; Win64; x64) AppleWebKit/537.36 (KHTML, like Gecko) Chrome/104.0.5112.102 Safari/537.36"
58.187.43.105 - - [28/Aug/2022:07:06:32 +0000] "-" 408 0 "-" "-"
14.161.31.188 - - [28/Aug/2022:07:06:33 +0000] "GET /index.php?username=%60ls%60+%23&type=eyes HTTP/1.1" 200 1202 "http://128.199.190.141:5551/index.php?username=%27%3Bls+%2F+%23&type=eyes" "Mozilla/5.0 (Windows NT 10.0; Win64; x64) AppleWebKit/537.36 (KHTML, like Gecko) Chrome/104.0.5112.102 Safari/537.36 Edg/104.0.1293.70"
14.161.31.188 - - [28/Aug/2022:07:06:35 +0000] "GET /index.php?username=%26%26%3Bcat+%2F*+%23&type=figlet HTTP/1.1" 200 1195 "http://128.199.190.141:5551/index.php?username=%27%3Bcat+%2F*&type=figlet" "Mozilla/5.0 (Windows NT 10.0; Win64; x64) AppleWebKit/537.36 (KHTML, like Gecko) Chrome/104.0.5112.102 Safari/537.36"
14.161.31.188 - - [28/Aug/2022:07:06:36 +0000] "GET / HTTP/1.1" 200 1185 "-" "ZaloPC-win32-24v355"
58.187.43.105 - - [28/Aug/2022:07:06:46 +0000] "GET /index.php?username=%3D%60cd%2509..%253B%2509cd%2509..%253B%2509cd%2509..%253B&type=figlet HTTP/1.1" 200 1251 "http://128.199.190.141:5551/index.php?username=%22%252A%27%22ls&type=figlet" "Mozilla/5.0 (Windows NT 10.0; Win64; x64) AppleWebKit/537.36 (KHTML, like Gecko) Chrome/104.0.5112.102 Safari/537.36 Edg/104.0.1293.70"
58.187.43.105 - - [28/Aug/2022:07:06:46 +0000] "-" 408 0 "-" "-"
58.187.43.105 - - [28/Aug/2022:07:06:48 +0000] "GET /index.php?debug HTTP/1.1" 200 2601 "http://128.199.190.141:5551/index.php?username=%27&type=random" "Mozilla/5.0 (Windows NT 10.0; Win64; x64) AppleWebKit/537.36 (KHTML, like Gecko) Chrome/96.0.4664.93 Safari/537.36"
14.161.31.188 - - [28/Aug/2022:07:06:51 +0000] "GET /index.php?username=%60%27ls+-l%27%60&type=eyes HTTP/1.1" 200 1045 "http://128.199.190.141:5551/index.php?username=%27asd%27&type=random" "Mozilla/5.0 (Windows NT 10.0; Win64; x64) AppleWebKit/537.36 (KHTML, like Gecko) Chrome/104.0.0.0 Safari/537.36"
14.161.31.188 - - [28/Aug/2022:07:06:51 +0000] "GET /index.php?debug HTTP/1.1" 200 2638 "http://128.199.190.141:5551/index.php?username=cd%2509..%250Acd%2509..%250Acd%2509..%250Apwd&type=figlet" "Mozilla/5.0 (Windows NT 10.0; Win64; x64) AppleWebKit/537.36 (KHTML, like Gecko) Chrome/104.0.0.0 Safari/537.36"
58.187.43.105 - - [28/Aug/2022:07:06:51 +0000] "GET /index.php?username=%60uname%2509-a%60&type=figlet HTTP/1.1" 200 1227 "http://128.199.190.141:5551/index.php?username=%26%26%3Bcat+%2F*+%23&type=figlet" "Mozilla/5.0 (Windows NT 10.0; Win64; x64) AppleWebKit/537.36 (KHTML, like Gecko) Chrome/104.0.5112.102 Safari/537.36"
171.253.1.35 - - [28/Aug/2022:07:06:52 +0000] "GET /index.php?username=who%24%28%29ami&type=toilet HTTP/1.1" 200 1218 "http://128.199.190.141:5551/index.php?username=%24%28ls%29&type=dragon" "Mozilla/5.0 (Windows NT 10.0; Win64; x64; rv:104.0) Gecko/20100101 Firefox/104.0"
58.187.43.105 - - [28/Aug/2022:07:06:58 +0000] "GET /index.php?username=a&type=eyes HTTP/1.1" 200 1163 "http://128.199.190.141:5551/index.php?username=%27&type=random" "Mozilla/5.0 (Windows NT 10.0; Win64; x64) AppleWebKit/537.36 (KHTML, like Gecko) Chrome/96.0.4664.93 Safari/537.36"
127.0.0.1 - - [28/Aug/2022:07:06:59 +0000] "OPTIONS * HTTP/1.0" 200 126 "-" "Apache/2.4.54 (Debian) PHP/7.4.30 (internal dummy connection)"
